Archive member included to satisfy reference by file (symbol)

c:/ac6/systemworkbench/plugins/fr.ac6.mcu.externaltools.arm-none.win32_1.17.0.201812190825/tools/compiler/bin/../lib/gcc/arm-none-eabi/7.3.1/thumb/v7e-m/fpv4-sp/hard\libgcc.a(_aeabi_uldivmod.o)
                              Drivers/STM32F4xx_HAL_Driver/Src/stm32f4xx_hal_rcc.o (__aeabi_uldivmod)
c:/ac6/systemworkbench/plugins/fr.ac6.mcu.externaltools.arm-none.win32_1.17.0.201812190825/tools/compiler/bin/../lib/gcc/arm-none-eabi/7.3.1/thumb/v7e-m/fpv4-sp/hard\libgcc.a(_udivmoddi4.o)
                              c:/ac6/systemworkbench/plugins/fr.ac6.mcu.externaltools.arm-none.win32_1.17.0.201812190825/tools/compiler/bin/../lib/gcc/arm-none-eabi/7.3.1/thumb/v7e-m/fpv4-sp/hard\libgcc.a(_aeabi_uldivmod.o) (__udivmoddi4)
c:/ac6/systemworkbench/plugins/fr.ac6.mcu.externaltools.arm-none.win32_1.17.0.201812190825/tools/compiler/bin/../lib/gcc/arm-none-eabi/7.3.1/thumb/v7e-m/fpv4-sp/hard\libgcc.a(_dvmd_tls.o)
                              c:/ac6/systemworkbench/plugins/fr.ac6.mcu.externaltools.arm-none.win32_1.17.0.201812190825/tools/compiler/bin/../lib/gcc/arm-none-eabi/7.3.1/thumb/v7e-m/fpv4-sp/hard\libgcc.a(_aeabi_uldivmod.o) (__aeabi_ldiv0)
c:/ac6/systemworkbench/plugins/fr.ac6.mcu.externaltools.arm-none.win32_1.17.0.201812190825/tools/compiler/bin/../lib/gcc/arm-none-eabi/7.3.1/../../../../arm-none-eabi/lib/thumb/v7e-m/fpv4-sp/hard\libc_nano.a(lib_a-errno.o)
                              Src/syscalls.o (__errno)
c:/ac6/systemworkbench/plugins/fr.ac6.mcu.externaltools.arm-none.win32_1.17.0.201812190825/tools/compiler/bin/../lib/gcc/arm-none-eabi/7.3.1/../../../../arm-none-eabi/lib/thumb/v7e-m/fpv4-sp/hard\libc_nano.a(lib_a-exit.o)
                              c:/ac6/systemworkbench/plugins/fr.ac6.mcu.externaltools.arm-none.win32_1.17.0.201812190825/tools/compiler/bin/../lib/gcc/arm-none-eabi/7.3.1/../../../../arm-none-eabi/lib/thumb/v7e-m/fpv4-sp/hard/crt0.o (exit)
c:/ac6/systemworkbench/plugins/fr.ac6.mcu.externaltools.arm-none.win32_1.17.0.201812190825/tools/compiler/bin/../lib/gcc/arm-none-eabi/7.3.1/../../../../arm-none-eabi/lib/thumb/v7e-m/fpv4-sp/hard\libc_nano.a(lib_a-impure.o)
                              c:/ac6/systemworkbench/plugins/fr.ac6.mcu.externaltools.arm-none.win32_1.17.0.201812190825/tools/compiler/bin/../lib/gcc/arm-none-eabi/7.3.1/../../../../arm-none-eabi/lib/thumb/v7e-m/fpv4-sp/hard\libc_nano.a(lib_a-exit.o) (_global_impure_ptr)
c:/ac6/systemworkbench/plugins/fr.ac6.mcu.externaltools.arm-none.win32_1.17.0.201812190825/tools/compiler/bin/../lib/gcc/arm-none-eabi/7.3.1/../../../../arm-none-eabi/lib/thumb/v7e-m/fpv4-sp/hard\libc_nano.a(lib_a-init.o)
                              c:/ac6/systemworkbench/plugins/fr.ac6.mcu.externaltools.arm-none.win32_1.17.0.201812190825/tools/compiler/bin/../lib/gcc/arm-none-eabi/7.3.1/../../../../arm-none-eabi/lib/thumb/v7e-m/fpv4-sp/hard/crt0.o (__libc_init_array)
c:/ac6/systemworkbench/plugins/fr.ac6.mcu.externaltools.arm-none.win32_1.17.0.201812190825/tools/compiler/bin/../lib/gcc/arm-none-eabi/7.3.1/../../../../arm-none-eabi/lib/thumb/v7e-m/fpv4-sp/hard\libc_nano.a(lib_a-memset.o)
                              c:/ac6/systemworkbench/plugins/fr.ac6.mcu.externaltools.arm-none.win32_1.17.0.201812190825/tools/compiler/bin/../lib/gcc/arm-none-eabi/7.3.1/../../../../arm-none-eabi/lib/thumb/v7e-m/fpv4-sp/hard/crt0.o (memset)

Allocating common symbols
Common symbol       size              file

hspi5               0x58              Src/spi.o
uwTick              0x4               Drivers/STM32F4xx_HAL_Driver/Src/stm32f4xx_hal.o
pFlash              0x20              Drivers/STM32F4xx_HAL_Driver/Src/stm32f4xx_hal_flash.o

Discarded input sections

 .text          0x00000000        0x0 c:/ac6/systemworkbench/plugins/fr.ac6.mcu.externaltools.arm-none.win32_1.17.0.201812190825/tools/compiler/bin/../lib/gcc/arm-none-eabi/7.3.1/thumb/v7e-m/fpv4-sp/hard/crti.o
 .data          0x00000000        0x0 c:/ac6/systemworkbench/plugins/fr.ac6.mcu.externaltools.arm-none.win32_1.17.0.201812190825/tools/compiler/bin/../lib/gcc/arm-none-eabi/7.3.1/thumb/v7e-m/fpv4-sp/hard/crti.o
 .bss           0x00000000        0x0 c:/ac6/systemworkbench/plugins/fr.ac6.mcu.externaltools.arm-none.win32_1.17.0.201812190825/tools/compiler/bin/../lib/gcc/arm-none-eabi/7.3.1/thumb/v7e-m/fpv4-sp/hard/crti.o
 .data          0x00000000        0x4 c:/ac6/systemworkbench/plugins/fr.ac6.mcu.externaltools.arm-none.win32_1.17.0.201812190825/tools/compiler/bin/../lib/gcc/arm-none-eabi/7.3.1/thumb/v7e-m/fpv4-sp/hard/crtbegin.o
 .text          0x00000000       0x74 c:/ac6/systemworkbench/plugins/fr.ac6.mcu.externaltools.arm-none.win32_1.17.0.201812190825/tools/compiler/bin/../lib/gcc/arm-none-eabi/7.3.1/../../../../arm-none-eabi/lib/thumb/v7e-m/fpv4-sp/hard/crt0.o
[...]
Memory Configuration

Name             Origin             Length             Attributes
RAM              0x20000000         0x00030000         xrw
CCMRAM           0x10000000         0x00010000         rw
FLASH            0x08000000         0x00200000         xr
*default*        0x00000000         0xffffffff

Linker script and memory map

LOAD c:/ac6/systemworkbench/plugins/fr.ac6.mcu.externaltools.arm-none.win32_1.17.0.201812190825/tools/compiler/bin/../lib/gcc/arm-none-eabi/7.3.1/thumb/v7e-m/fpv4-sp/hard/crti.o
LOAD c:/ac6/systemworkbench/plugins/fr.ac6.mcu.externaltools.arm-none.win32_1.17.0.201812190825/tools/compiler/bin/../lib/gcc/arm-none-eabi/7.3.1/thumb/v7e-m/fpv4-sp/hard/crtbegin.o
LOAD c:/ac6/systemworkbench/plugins/fr.ac6.mcu.externaltools.arm-none.win32_1.17.0.201812190825/tools/compiler/bin/../lib/gcc/arm-none-eabi/7.3.1/../../../../arm-none-eabi/lib/thumb/v7e-m/fpv4-sp/hard/crt0.o
LOAD Drivers/STM32F4xx_HAL_Driver/Src/stm32f4xx_hal.o
LOAD Drivers/STM32F4xx_HAL_Driver/Src/stm32f4xx_hal_cortex.o
LOAD Drivers/STM32F4xx_HAL_Driver/Src/stm32f4xx_hal_dma.o
LOAD Drivers/STM32F4xx_HAL_Driver/Src/stm32f4xx_hal_dma_ex.o
LOAD Drivers/STM32F4xx_HAL_Driver/Src/stm32f4xx_hal_exti.o
LOAD Drivers/STM32F4xx_HAL_Driver/Src/stm32f4xx_hal_flash.o
LOAD Drivers/STM32F4xx_HAL_Driver/Src/stm32f4xx_hal_flash_ex.o
LOAD Drivers/STM32F4xx_HAL_Driver/Src/stm32f4xx_hal_flash_ramfunc.o
LOAD Drivers/STM32F4xx_HAL_Driver/Src/stm32f4xx_hal_gpio.o
LOAD Drivers/STM32F4xx_HAL_Driver/Src/stm32f4xx_hal_pwr.o
LOAD Drivers/STM32F4xx_HAL_Driver/Src/stm32f4xx_hal_pwr_ex.o
LOAD Drivers/STM32F4xx_HAL_Driver/Src/stm32f4xx_hal_rcc.o
LOAD Drivers/STM32F4xx_HAL_Driver/Src/stm32f4xx_hal_rcc_ex.o
LOAD Drivers/STM32F4xx_HAL_Driver/Src/stm32f4xx_hal_spi.o
LOAD Drivers/STM32F4xx_HAL_Driver/Src/stm32f4xx_hal_tim.o
LOAD Drivers/STM32F4xx_HAL_Driver/Src/stm32f4xx_hal_tim_ex.o
LOAD Src/LCDGFX.o
LOAD Src/LCDLib.o
LOAD Src/gpio.o
LOAD Src/main.o
LOAD Src/spi.o
LOAD Src/stm32f4xx_hal_msp.o
LOAD Src/stm32f4xx_it.o
LOAD Src/syscalls.o
LOAD Src/system_stm32f4xx.o
LOAD startup/startup_stm32f429xx.o
LOAD c:/ac6/systemworkbench/plugins/fr.ac6.mcu.externaltools.arm-none.win32_1.17.0.201812190825/tools/compiler/bin/../lib/gcc/arm-none-eabi/7.3.1/../../../../arm-none-eabi/lib/thumb/v7e-m/fpv4-sp/hard\libm.a
START GROUP
LOAD c:/ac6/systemworkbench/plugins/fr.ac6.mcu.externaltools.arm-none.win32_1.17.0.201812190825/tools/compiler/bin/../lib/gcc/arm-none-eabi/7.3.1/thumb/v7e-m/fpv4-sp/hard\libgcc.a
LOAD c:/ac6/systemworkbench/plugins/fr.ac6.mcu.externaltools.arm-none.win32_1.17.0.201812190825/tools/compiler/bin/../lib/gcc/arm-none-eabi/7.3.1/../../../../arm-none-eabi/lib/thumb/v7e-m/fpv4-sp/hard\libc_nano.a
END GROUP
START GROUP
LOAD c:/ac6/systemworkbench/plugins/fr.ac6.mcu.externaltools.arm-none.win32_1.17.0.201812190825/tools/compiler/bin/../lib/gcc/arm-none-eabi/7.3.1/thumb/v7e-m/fpv4-sp/hard\libgcc.a
LOAD c:/ac6/systemworkbench/plugins/fr.ac6.mcu.externaltools.arm-none.win32_1.17.0.201812190825/tools/compiler/bin/../lib/gcc/arm-none-eabi/7.3.1/../../../../arm-none-eabi/lib/thumb/v7e-m/fpv4-sp/hard\libc_nano.a
LOAD c:/ac6/systemworkbench/plugins/fr.ac6.mcu.externaltools.arm-none.win32_1.17.0.201812190825/tools/compiler/bin/../lib/gcc/arm-none-eabi/7.3.1/../../../../arm-none-eabi/lib/thumb/v7e-m/fpv4-sp/hard\libnosys.a
END GROUP
START GROUP
LOAD c:/ac6/systemworkbench/plugins/fr.ac6.mcu.externaltools.arm-none.win32_1.17.0.201812190825/tools/compiler/bin/../lib/gcc/arm-none-eabi/7.3.1/thumb/v7e-m/fpv4-sp/hard\libgcc.a
LOAD c:/ac6/systemworkbench/plugins/fr.ac6.mcu.externaltools.arm-none.win32_1.17.0.201812190825/tools/compiler/bin/../lib/gcc/arm-none-eabi/7.3.1/../../../../arm-none-eabi/lib/thumb/v7e-m/fpv4-sp/hard\libc_nano.a
LOAD c:/ac6/systemworkbench/plugins/fr.ac6.mcu.externaltools.arm-none.win32_1.17.0.201812190825/tools/compiler/bin/../lib/gcc/arm-none-eabi/7.3.1/../../../../arm-none-eabi/lib/thumb/v7e-m/fpv4-sp/hard\libnosys.a
END GROUP
LOAD c:/ac6/systemworkbench/plugins/fr.ac6.mcu.externaltools.arm-none.win32_1.17.0.201812190825/tools/compiler/bin/../lib/gcc/arm-none-eabi/7.3.1/thumb/v7e-m/fpv4-sp/hard/crtend.o
LOAD c:/ac6/systemworkbench/plugins/fr.ac6.mcu.externaltools.arm-none.win32_1.17.0.201812190825/tools/compiler/bin/../lib/gcc/arm-none-eabi/7.3.1/thumb/v7e-m/fpv4-sp/hard/crtn.o
                0x20030000                _estack = 0x20030000
                0x00000200                _Min_Heap_Size = 0x200
                0x00000400                _Min_Stack_Size = 0x400

.isr_vector     0x08000000      0x1ac
                0x08000000                . = ALIGN (0x4)
 *(.isr_vector)
 .isr_vector    0x08000000      0x1ac startup/startup_stm32f429xx.o
                0x08000000                g_pfnVectors
                0x080001ac                . = ALIGN (0x4)

.text           0x080001ac     0x1938
                0x080001ac                . = ALIGN (0x4)
 *(.text)
 .text          0x080001ac       0x40 c:/ac6/systemworkbench/plugins/fr.ac6.mcu.externaltools.arm-none.win32_1.17.0.201812190825/tools/compiler/bin/../lib/gcc/arm-none-eabi/7.3.1/thumb/v7e-m/fpv4-sp/hard/crtbegin.o
 .text          0x080001ec       0x30 c:/ac6/systemworkbench/plugins/fr.ac6.mcu.externaltools.arm-none.win32_1.17.0.201812190825/tools/compiler/bin/../lib/gcc/arm-none-eabi/7.3.1/thumb/v7e-m/fpv4-sp/hard\libgcc.a(_aeabi_uldivmod.o)
                0x080001ec                __aeabi_uldivmod
 .text          0x0800021c      0x2cc c:/ac6/systemworkbench/plugins/fr.ac6.mcu.externaltools.arm-none.win32_1.17.0.201812190825/tools/compiler/bin/../lib/gcc/arm-none-eabi/7.3.1/thumb/v7e-m/fpv4-sp/hard\libgcc.a(_udivmoddi4.o)
                0x0800021c                __udivmoddi4
 .text          0x080004e8        0x4 c:/ac6/systemworkbench/plugins/fr.ac6.mcu.externaltools.arm-none.win32_1.17.0.201812190825/tools/compiler/bin/../lib/gcc/arm-none-eabi/7.3.1/thumb/v7e-m/fpv4-sp/hard\libgcc.a(_dvmd_tls.o)
                0x080004e8                __aeabi_idiv0
                0x080004e8                __aeabi_ldiv0
 *(.text*)
 .text.HAL_InitTick
                0x080004ec       0x48 Drivers/STM32F4xx_HAL_Driver/Src/stm32f4xx_hal.o
                0x080004ec                HAL_InitTick
 .text.HAL_Init
                0x08000534       0x34 Drivers/STM32F4xx_HAL_Driver/Src/stm32f4xx_hal.o
                0x08000534                HAL_Init
 .text.HAL_IncTick
                0x08000568       0x18 Drivers/STM32F4xx_HAL_Driver/Src/stm32f4xx_hal.o
                0x08000568                HAL_IncTick
 .text.HAL_GetTick
                0x08000580        0xc Drivers/STM32F4xx_HAL_Driver/Src/stm32f4xx_hal.o
                0x08000580                HAL_GetTick
 .text.HAL_Delay
                0x0800058c       0x28 Drivers/STM32F4xx_HAL_Driver/Src/stm32f4xx_hal.o
                0x0800058c                HAL_Delay
 .text.HAL_NVIC_SetPriorityGrouping
                0x080005b4       0x24 Drivers/STM32F4xx_HAL_Driver/Src/stm32f4xx_hal_cortex.o
                0x080005b4                HAL_NVIC_SetPriorityGrouping
 .text.HAL_NVIC_SetPriority
                0x080005d8       0x68 Drivers/STM32F4xx_HAL_Driver/Src/stm32f4xx_hal_cortex.o
                0x080005d8                HAL_NVIC_SetPriority
 .text.HAL_SYSTICK_Config
                0x08000640       0x2c Drivers/STM32F4xx_HAL_Driver/Src/stm32f4xx_hal_cortex.o
                0x08000640                HAL_SYSTICK_Config
 .text.HAL_GPIO_Init
                0x0800066c      0x1e0 Drivers/STM32F4xx_HAL_Driver/Src/stm32f4xx_hal_gpio.o
                0x0800066c                HAL_GPIO_Init
 .text.HAL_GPIO_WritePin
                0x0800084c        0xc Drivers/STM32F4xx_HAL_Driver/Src/stm32f4xx_hal_gpio.o
                0x0800084c                HAL_GPIO_WritePin
 .text.HAL_RCC_OscConfig
                0x08000858      0x3ec Drivers/STM32F4xx_HAL_Driver/Src/stm32f4xx_hal_rcc.o
                0x08000858                HAL_RCC_OscConfig
 .text.HAL_RCC_GetSysClockFreq
                0x08000c44       0xd8 Drivers/STM32F4xx_HAL_Driver/Src/stm32f4xx_hal_rcc.o
                0x08000c44                HAL_RCC_GetSysClockFreq
 .text.HAL_RCC_ClockConfig
                0x08000d1c      0x160 Drivers/STM32F4xx_HAL_Driver/Src/stm32f4xx_hal_rcc.o
                0x08000d1c                HAL_RCC_ClockConfig
 .text.SPI_WaitFlagStateUntilTimeout
                0x08000e7c       0x90 Drivers/STM32F4xx_HAL_Driver/Src/stm32f4xx_hal_spi.o
 .text.SPI_EndRxTxTransaction
                0x08000f0c       0x68 Drivers/STM32F4xx_HAL_Driver/Src/stm32f4xx_hal_spi.o
 .text.HAL_SPI_Init
                0x08000f74       0x80 Drivers/STM32F4xx_HAL_Driver/Src/stm32f4xx_hal_spi.o
                0x08000f74                HAL_SPI_Init
 .text.HAL_SPI_Transmit
                0x08000ff4      0x19a Drivers/STM32F4xx_HAL_Driver/Src/stm32f4xx_hal_spi.o
                0x08000ff4                HAL_SPI_Transmit
 .text.ILI9341_SetCursorPosition
                0x0800118e       0x4e Src/LCDGFX.o
                0x0800118e                ILI9341_SetCursorPosition
 .text.ILI9341_printImage
                0x080011dc       0x46 Src/LCDGFX.o
                0x080011dc                ILI9341_printImage
 *fill*         0x08001222        0x2 
 .text.ILI9341_SPI_Init
                0x08001224       0x1c Src/LCDLib.o
                0x08001224                ILI9341_SPI_Init
 .text.ILI9341_SPI_Send
                0x08001240       0x20 Src/LCDLib.o
                0x08001240                ILI9341_SPI_Send
 .text.ILI9341_Write_Command
                0x08001260       0x38 Src/LCDLib.o
                0x08001260                ILI9341_Write_Command
 .text.ILI9341_Write_Data
                0x08001298       0x38 Src/LCDLib.o
                0x08001298                ILI9341_Write_Data
 .text.ILI9341_Set_Address
                0x080012d0       0x4e Src/LCDLib.o
                0x080012d0                ILI9341_Set_Address
 *fill*         0x0800131e        0x2 
 .text.ILI9341_Reset
                0x08001320       0x20 Src/LCDLib.o
                0x08001320                ILI9341_Reset
 .text.ILI9341_Set_Rotation
                0x08001340       0x70 Src/LCDLib.o
                0x08001340                ILI9341_Set_Rotation
 .text.ILI9341_Init
                0x080013b0      0x212 Src/LCDLib.o
                0x080013b0                ILI9341_Init
 *fill*         0x080015c2        0x2 
 .text.ILI9341_Draw_Colour_Burst
                0x080015c4       0x9c Src/LCDLib.o
                0x080015c4                ILI9341_Draw_Colour_Burst
 .text.ILI9341_Fill_Screen
                0x08001660       0x28 Src/LCDLib.o
                0x08001660                ILI9341_Fill_Screen
 .text.ILI9341_Draw_Rectangle
                0x08001688       0x6c Src/LCDLib.o
                0x08001688                ILI9341_Draw_Rectangle
 .text.MX_GPIO_Init
                0x080016f4       0xf4 Src/gpio.o
                0x080016f4                MX_GPIO_Init
 .text.SystemClock_Config
                0x080017e8       0x98 Src/main.o
                0x080017e8                SystemClock_Config
 .text.main     0x08001880       0x78 Src/main.o
                0x08001880                main
 .text.Error_Handler
                0x080018f8        0x2 Src/main.o
                0x080018f8                Error_Handler
 *fill*         0x080018fa        0x2 
 .text.MX_SPI5_Init
                0x080018fc       0x40 Src/spi.o
                0x080018fc                MX_SPI5_Init
 .text.HAL_SPI_MspInit
                0x0800193c       0x70 Src/spi.o
                0x0800193c                HAL_SPI_MspInit
 .text.HAL_MspInit
                0x080019ac       0x40 Src/stm32f4xx_hal_msp.o
                0x080019ac                HAL_MspInit
 .text.NMI_Handler
                0x080019ec        0x2 Src/stm32f4xx_it.o
                0x080019ec                NMI_Handler
 .text.HardFault_Handler
                0x080019ee        0x2 Src/stm32f4xx_it.o
                0x080019ee                HardFault_Handler
 .text.MemManage_Handler
                0x080019f0        0x2 Src/stm32f4xx_it.o
                0x080019f0                MemManage_Handler
 .text.BusFault_Handler
                0x080019f2        0x2 Src/stm32f4xx_it.o
                0x080019f2                BusFault_Handler
 .text.UsageFault_Handler
                0x080019f4        0x2 Src/stm32f4xx_it.o
                0x080019f4                UsageFault_Handler
 .text.SVC_Handler
                0x080019f6        0x2 Src/stm32f4xx_it.o
                0x080019f6                SVC_Handler
 .text.DebugMon_Handler
                0x080019f8        0x2 Src/stm32f4xx_it.o
                0x080019f8                DebugMon_Handler
 .text.PendSV_Handler
                0x080019fa        0x2 Src/stm32f4xx_it.o
                0x080019fa                PendSV_Handler
 .text.SysTick_Handler
                0x080019fc        0x8 Src/stm32f4xx_it.o
                0x080019fc                SysTick_Handler
 .text.SystemInit
                0x08001a04       0x1c Src/system_stm32f4xx.o
                0x08001a04                SystemInit
 .text.Reset_Handler
                0x08001a20       0x50 startup/startup_stm32f429xx.o
                0x08001a20                Reset_Handler
 .text.Default_Handler
                0x08001a70        0x2 startup/startup_stm32f429xx.o
                0x08001a70                RTC_Alarm_IRQHandler
                0x08001a70                HASH_RNG_IRQHandler
                0x08001a70                EXTI2_IRQHandler
                0x08001a70                TIM8_CC_IRQHandler
                0x08001a70                UART8_IRQHandler
                0x08001a70                SPI4_IRQHandler
                0x08001a70                TIM1_CC_IRQHandler
                0x08001a70                DMA2_Stream5_IRQHandler
                0x08001a70                DMA1_Stream5_IRQHandler
                0x08001a70                PVD_IRQHandler
                0x08001a70                SDIO_IRQHandler
                0x08001a70                TAMP_STAMP_IRQHandler
                0x08001a70                CAN2_RX1_IRQHandler
                0x08001a70                EXTI3_IRQHandler
                0x08001a70                TIM8_TRG_COM_TIM14_IRQHandler
                0x08001a70                TIM1_UP_TIM10_IRQHandler
                0x08001a70                TIM8_UP_TIM13_IRQHandler
                0x08001a70                I2C3_ER_IRQHandler
                0x08001a70                EXTI0_IRQHandler
                0x08001a70                I2C2_EV_IRQHandler
                0x08001a70                DMA1_Stream2_IRQHandler
                0x08001a70                CAN1_RX0_IRQHandler
                0x08001a70                FPU_IRQHandler
                0x08001a70                OTG_HS_WKUP_IRQHandler
                0x08001a70                LTDC_ER_IRQHandler
                0x08001a70                CAN2_SCE_IRQHandler
                0x08001a70                DMA2_Stream2_IRQHandler
                0x08001a70                SPI1_IRQHandler
                0x08001a70                TIM6_DAC_IRQHandler
                0x08001a70                TIM1_BRK_TIM9_IRQHandler
                0x08001a70                DCMI_IRQHandler
                0x08001a70                CAN2_RX0_IRQHandler
                0x08001a70                DMA2_Stream3_IRQHandler
                0x08001a70                USART6_IRQHandler
                0x08001a70                USART3_IRQHandler
                0x08001a70                CAN1_RX1_IRQHandler
                0x08001a70                UART5_IRQHandler
                0x08001a70                DMA2_Stream0_IRQHandler
                0x08001a70                TIM4_IRQHandler
                0x08001a70                I2C1_EV_IRQHandler
                0x08001a70                DMA1_Stream6_IRQHandler
                0x08001a70                DMA1_Stream1_IRQHandler
                0x08001a70                UART4_IRQHandler
                0x08001a70                TIM3_IRQHandler
                0x08001a70                RCC_IRQHandler
                0x08001a70                TIM8_BRK_TIM12_IRQHandler
                0x08001a70                Default_Handler
                0x08001a70                EXTI15_10_IRQHandler
                0x08001a70                ADC_IRQHandler
                0x08001a70                DMA1_Stream7_IRQHandler
                0x08001a70                SPI5_IRQHandler
                0x08001a70                TIM7_IRQHandler
                0x08001a70                CAN2_TX_IRQHandler
                0x08001a70                TIM5_IRQHandler
                0x08001a70                DMA2_Stream7_IRQHandler
                0x08001a70                I2C3_EV_IRQHandler
                0x08001a70                EXTI9_5_IRQHandler
                0x08001a70                RTC_WKUP_IRQHandler
                0x08001a70                LTDC_IRQHandler
                0x08001a70                ETH_WKUP_IRQHandler
                0x08001a70                SPI2_IRQHandler
                0x08001a70                OTG_HS_EP1_IN_IRQHandler
                0x08001a70                DMA1_Stream0_IRQHandler
                0x08001a70                CAN1_TX_IRQHandler
                0x08001a70                EXTI4_IRQHandler
                0x08001a70                ETH_IRQHandler
                0x08001a70                OTG_HS_EP1_OUT_IRQHandler
                0x08001a70                WWDG_IRQHandler
                0x08001a70                SPI6_IRQHandler
                0x08001a70                TIM2_IRQHandler
                0x08001a70                OTG_FS_WKUP_IRQHandler
                0x08001a70                TIM1_TRG_COM_TIM11_IRQHandler
                0x08001a70                OTG_HS_IRQHandler
                0x08001a70                DMA2D_IRQHandler
                0x08001a70                EXTI1_IRQHandler
                0x08001a70                UART7_IRQHandler
                0x08001a70                USART2_IRQHandler
                0x08001a70                I2C2_ER_IRQHandler
                0x08001a70                DMA2_Stream1_IRQHandler
                0x08001a70                CAN1_SCE_IRQHandler
                0x08001a70                FLASH_IRQHandler
                0x08001a70                DMA2_Stream4_IRQHandler
                0x08001a70                USART1_IRQHandler
                0x08001a70                OTG_FS_IRQHandler
                0x08001a70                SPI3_IRQHandler
                0x08001a70                DMA1_Stream4_IRQHandler
                0x08001a70                I2C1_ER_IRQHandler
                0x08001a70                FMC_IRQHandler
                0x08001a70                DMA2_Stream6_IRQHandler
                0x08001a70                SAI1_IRQHandler
                0x08001a70                DMA1_Stream3_IRQHandler
 *fill*         0x08001a72        0x2 
 .text.__libc_init_array
                0x08001a74       0x48 c:/ac6/systemworkbench/plugins/fr.ac6.mcu.externaltools.arm-none.win32_1.17.0.201812190825/tools/compiler/bin/../lib/gcc/arm-none-eabi/7.3.1/../../../../arm-none-eabi/lib/thumb/v7e-m/fpv4-sp/hard\libc_nano.a(lib_a-init.o)
                0x08001a74                __libc_init_array
 .text.memset   0x08001abc       0x10 c:/ac6/systemworkbench/plugins/fr.ac6.mcu.externaltools.arm-none.win32_1.17.0.201812190825/tools/compiler/bin/../lib/gcc/arm-none-eabi/7.3.1/../../../../arm-none-eabi/lib/thumb/v7e-m/fpv4-sp/hard\libc_nano.a(lib_a-memset.o)
                0x08001abc                memset
 *(.glue_7)
 .glue_7        0x08001acc        0x0 linker stubs
 *(.glue_7t)
 .glue_7t       0x08001acc        0x0 linker stubs
 *(.eh_frame)
 .eh_frame      0x08001acc        0x0 c:/ac6/systemworkbench/plugins/fr.ac6.mcu.externaltools.arm-none.win32_1.17.0.201812190825/tools/compiler/bin/../lib/gcc/arm-none-eabi/7.3.1/thumb/v7e-m/fpv4-sp/hard/crtbegin.o
 *(.init)
 .init          0x08001acc        0x4 c:/ac6/systemworkbench/plugins/fr.ac6.mcu.externaltools.arm-none.win32_1.17.0.201812190825/tools/compiler/bin/../lib/gcc/arm-none-eabi/7.3.1/thumb/v7e-m/fpv4-sp/hard/crti.o
                0x08001acc                _init
 .init          0x08001ad0        0x8 c:/ac6/systemworkbench/plugins/fr.ac6.mcu.externaltools.arm-none.win32_1.17.0.201812190825/tools/compiler/bin/../lib/gcc/arm-none-eabi/7.3.1/thumb/v7e-m/fpv4-sp/hard/crtn.o
 *(.fini)
 .fini          0x08001ad8        0x4 c:/ac6/systemworkbench/plugins/fr.ac6.mcu.externaltools.arm-none.win32_1.17.0.201812190825/tools/compiler/bin/../lib/gcc/arm-none-eabi/7.3.1/thumb/v7e-m/fpv4-sp/hard/crti.o
                0x08001ad8                _fini
 .fini          0x08001adc        0x8 c:/ac6/systemworkbench/plugins/fr.ac6.mcu.externaltools.arm-none.win32_1.17.0.201812190825/tools/compiler/bin/../lib/gcc/arm-none-eabi/7.3.1/thumb/v7e-m/fpv4-sp/hard/crtn.o
                0x08001ae4                . = ALIGN (0x4)
                0x08001ae4                _etext = .

.vfp11_veneer   0x08001ae4        0x0
 .vfp11_veneer  0x08001ae4        0x0 linker stubs

.v4_bx          0x08001ae4        0x0
 .v4_bx         0x08001ae4        0x0 linker stubs

.iplt           0x08001ae4        0x0
 .iplt          0x08001ae4        0x0 c:/ac6/systemworkbench/plugins/fr.ac6.mcu.externaltools.arm-none.win32_1.17.0.201812190825/tools/compiler/bin/../lib/gcc/arm-none-eabi/7.3.1/thumb/v7e-m/fpv4-sp/hard/crtbegin.o

.rodata         0x08001ae4       0x18
                0x08001ae4                . = ALIGN (0x4)
 *(.rodata)
 .rodata        0x08001ae4       0x18 Src/system_stm32f4xx.o
                0x08001ae4                AHBPrescTable
                0x08001af4                APBPrescTable
 *(.rodata*)
                0x08001afc                . = ALIGN (0x4)

.ARM.extab
 *(.ARM.extab* .gnu.linkonce.armextab.*)

.ARM            0x08001afc        0x8
                0x08001afc                __exidx_start = .
 *(.ARM.exidx*)
 .ARM.exidx     0x08001afc        0x8 c:/ac6/systemworkbench/plugins/fr.ac6.mcu.externaltools.arm-none.win32_1.17.0.201812190825/tools/compiler/bin/../lib/gcc/arm-none-eabi/7.3.1/thumb/v7e-m/fpv4-sp/hard\libgcc.a(_udivmoddi4.o)
                0x08001b04                __exidx_end = .

.rel.dyn        0x08001b04        0x0
 .rel.iplt      0x08001b04        0x0 c:/ac6/systemworkbench/plugins/fr.ac6.mcu.externaltools.arm-none.win32_1.17.0.201812190825/tools/compiler/bin/../lib/gcc/arm-none-eabi/7.3.1/thumb/v7e-m/fpv4-sp/hard/crtbegin.o

.preinit_array  0x08001b04        0x0
                0x08001b04                PROVIDE (__preinit_array_start = .)
 *(.preinit_array*)
                0x08001b04                PROVIDE (__preinit_array_end = .)

.init_array     0x08001b04        0x4
                0x08001b04                PROVIDE (__init_array_start = .)
 *(SORT_BY_NAME(.init_array.*))
 *(.init_array*)
 .init_array    0x08001b04        0x4 c:/ac6/systemworkbench/plugins/fr.ac6.mcu.externaltools.arm-none.win32_1.17.0.201812190825/tools/compiler/bin/../lib/gcc/arm-none-eabi/7.3.1/thumb/v7e-m/fpv4-sp/hard/crtbegin.o
                0x08001b08                PROVIDE (__init_array_end = .)

.fini_array     0x08001b08        0x4
                [!provide]                PROVIDE (__fini_array_start = .)
 *(SORT_BY_NAME(.fini_array.*))
 *(.fini_array*)
 .fini_array    0x08001b08        0x4 c:/ac6/systemworkbench/plugins/fr.ac6.mcu.externaltools.arm-none.win32_1.17.0.201812190825/tools/compiler/bin/../lib/gcc/arm-none-eabi/7.3.1/thumb/v7e-m/fpv4-sp/hard/crtbegin.o
                [!provide]                PROVIDE (__fini_array_end = .)
                0x08001b0c                _sidata = LOADADDR (.data)

.data           0x20000000    0x15e7c load address 0x08001b0c
                0x20000000                . = ALIGN (0x4)
                0x20000000                _sdata = .
 *(.data)
 .data          0x20000000        0x8 Drivers/STM32F4xx_HAL_Driver/Src/stm32f4xx_hal.o
                0x20000000                uwTickFreq
                0x20000004                uwTickPrio
 .data          0x20000008        0x4 Src/LCDLib.o
                0x20000008                LCD_WIDTH
                0x2000000a                LCD_HEIGHT
 .data          0x2000000c    0x15e6c Src/main.o
                0x2000000c                CNC
                0x20010d38                STM32
 .data          0x20015e78        0x4 Src/system_stm32f4xx.o
                0x20015e78                SystemCoreClock
 *(.data*)
                0x20015e7c                . = ALIGN (0x4)
                0x20015e7c                _edata = .
                0x08017988                _siccmram = LOADADDR (.ccmram)

.igot.plt       0x20015e7c        0x0 load address 0x08017988
 .igot.plt      0x20015e7c        0x0 c:/ac6/systemworkbench/plugins/fr.ac6.mcu.externaltools.arm-none.win32_1.17.0.201812190825/tools/compiler/bin/../lib/gcc/arm-none-eabi/7.3.1/thumb/v7e-m/fpv4-sp/hard/crtbegin.o

.ccmram         0x10000000        0x0 load address 0x08017988
                0x10000000                . = ALIGN (0x4)
                0x10000000                _sccmram = .
 *(.ccmram)
 *(.ccmram*)
                0x10000000                . = ALIGN (0x4)
                0x10000000                _eccmram = .
                0x10000000                . = ALIGN (0x4)

.bss            0x20015e7c       0x78
                0x20015e7c                _sbss = .
                0x20015e7c                __bss_start__ = _sbss
 *(.bss)
 .bss           0x20015e7c       0x1c c:/ac6/systemworkbench/plugins/fr.ac6.mcu.externaltools.arm-none.win32_1.17.0.201812190825/tools/compiler/bin/../lib/gcc/arm-none-eabi/7.3.1/thumb/v7e-m/fpv4-sp/hard/crtbegin.o
 *(.bss*)
 *(COMMON)
 COMMON         0x20015e98        0x4 Drivers/STM32F4xx_HAL_Driver/Src/stm32f4xx_hal.o
                0x20015e98                uwTick
 COMMON         0x20015e9c       0x58 Src/spi.o
                0x20015e9c                hspi5
                0x20015ef4                . = ALIGN (0x4)
                0x20015ef4                _ebss = .
                0x20015ef4                __bss_end__ = _ebss

._user_heap_stack
                0x20015ef4      0x604
                0x20015ef8                . = ALIGN (0x8)
 *fill*         0x20015ef4        0x4 
                0x20015ef8                PROVIDE (end = .)
                [!provide]                PROVIDE (_end = .)
                0x200160f8                . = (. + _Min_Heap_Size)
 *fill*         0x20015ef8      0x200 
                0x200164f8                . = (. + _Min_Stack_Size)
 *fill*         0x200160f8      0x400 
                0x200164f8                . = ALIGN (0x8)

/DISCARD/
 libc.a(*)
 libm.a(*)
 libgcc.a(*)

.ARM.attributes
                0x00000000       0x30
 *(.ARM.attributes)
 .ARM.attributes
                0x00000000       0x22 c:/ac6/systemworkbench/plugins/fr.ac6.mcu.externaltools.arm-none.win32_1.17.0.201812190825/tools/compiler/bin/../lib/gcc/arm-none-eabi/7.3.1/thumb/v7e-m/fpv4-sp/hard/crti.o
 .ARM.attributes
                0x00000022       0x34 c:/ac6/systemworkbench/plugins/fr.ac6.mcu.externaltools.arm-none.win32_1.17.0.201812190825/tools/compiler/bin/../lib/gcc/arm-none-eabi/7.3.1/thumb/v7e-m/fpv4-sp/hard/crtbegin.o
 .ARM.attributes
                0x00000056       0x39 Drivers/STM32F4xx_HAL_Driver/Src/stm32f4xx_hal.o
 .ARM.attributes
                0x0000008f       0x39 Drivers/STM32F4xx_HAL_Driver/Src/stm32f4xx_hal_cortex.o
 .ARM.attributes
                0x000000c8       0x39 Drivers/STM32F4xx_HAL_Driver/Src/stm32f4xx_hal_gpio.o
 .ARM.attributes
                0x00000101       0x39 Drivers/STM32F4xx_HAL_Driver/Src/stm32f4xx_hal_rcc.o
 .ARM.attributes
                0x0000013a       0x39 Drivers/STM32F4xx_HAL_Driver/Src/stm32f4xx_hal_spi.o
 .ARM.attributes
                0x00000173       0x39 Src/LCDGFX.o
 .ARM.attributes
                0x000001ac       0x39 Src/LCDLib.o
 .ARM.attributes
                0x000001e5       0x39 Src/gpio.o
 .ARM.attributes
                0x0000021e       0x39 Src/main.o
 .ARM.attributes
                0x00000257       0x39 Src/spi.o
 .ARM.attributes
                0x00000290       0x39 Src/stm32f4xx_hal_msp.o
 .ARM.attributes
                0x000002c9       0x39 Src/stm32f4xx_it.o
 .ARM.attributes
                0x00000302       0x39 Src/system_stm32f4xx.o
 .ARM.attributes
                0x0000033b       0x21 startup/startup_stm32f429xx.o
 .ARM.attributes
                0x0000035c       0x22 c:/ac6/systemworkbench/plugins/fr.ac6.mcu.externaltools.arm-none.win32_1.17.0.201812190825/tools/compiler/bin/../lib/gcc/arm-none-eabi/7.3.1/thumb/v7e-m/fpv4-sp/hard\libgcc.a(_aeabi_uldivmod.o)
 .ARM.attributes
                0x0000037e       0x34 c:/ac6/systemworkbench/plugins/fr.ac6.mcu.externaltools.arm-none.win32_1.17.0.201812190825/tools/compiler/bin/../lib/gcc/arm-none-eabi/7.3.1/thumb/v7e-m/fpv4-sp/hard\libgcc.a(_udivmoddi4.o)
 .ARM.attributes
                0x000003b2       0x22 c:/ac6/systemworkbench/plugins/fr.ac6.mcu.externaltools.arm-none.win32_1.17.0.201812190825/tools/compiler/bin/../lib/gcc/arm-none-eabi/7.3.1/thumb/v7e-m/fpv4-sp/hard\libgcc.a(_dvmd_tls.o)
 .ARM.attributes
                0x000003d4       0x34 c:/ac6/systemworkbench/plugins/fr.ac6.mcu.externaltools.arm-none.win32_1.17.0.201812190825/tools/compiler/bin/../lib/gcc/arm-none-eabi/7.3.1/../../../../arm-none-eabi/lib/thumb/v7e-m/fpv4-sp/hard\libc_nano.a(lib_a-init.o)
 .ARM.attributes
                0x00000408       0x34 c:/ac6/systemworkbench/plugins/fr.ac6.mcu.externaltools.arm-none.win32_1.17.0.201812190825/tools/compiler/bin/../lib/gcc/arm-none-eabi/7.3.1/../../../../arm-none-eabi/lib/thumb/v7e-m/fpv4-sp/hard\libc_nano.a(lib_a-memset.o)
 .ARM.attributes
                0x0000043c       0x22 c:/ac6/systemworkbench/plugins/fr.ac6.mcu.externaltools.arm-none.win32_1.17.0.201812190825/tools/compiler/bin/../lib/gcc/arm-none-eabi/7.3.1/thumb/v7e-m/fpv4-sp/hard/crtn.o
OUTPUT(LCDF4Eclipse.elf elf32-littlearm)

.debug_info     0x00000000     0x9ed3
 .debug_info    0x00000000      0xa65 Drivers/STM32F4xx_HAL_Driver/Src/stm32f4xx_hal.o
 .debug_info    0x00000a65      0xfc2 Drivers/STM32F4xx_HAL_Driver/Src/stm32f4xx_hal_cortex.o
 .debug_info    0x00001a27      0x7dc Drivers/STM32F4xx_HAL_Driver/Src/stm32f4xx_hal_gpio.o
 .debug_info    0x00002203      0xaae Drivers/STM32F4xx_HAL_Driver/Src/stm32f4xx_hal_rcc.o
 .debug_info    0x00002cb1     0x1bfb Drivers/STM32F4xx_HAL_Driver/Src/stm32f4xx_hal_spi.o
 .debug_info    0x000048ac     0x158f Src/LCDGFX.o
 .debug_info    0x00005e3b     0x193e Src/LCDLib.o
 .debug_info    0x00007779      0x5c7 Src/gpio.o
 .debug_info    0x00007d40      0xbe0 Src/main.o
 .debug_info    0x00008920      0xa5c Src/spi.o
 .debug_info    0x0000937c      0x39f Src/stm32f4xx_hal_msp.o
 .debug_info    0x0000971b      0x223 Src/stm32f4xx_it.o
 .debug_info    0x0000993e      0x573 Src/system_stm32f4xx.o
 .debug_info    0x00009eb1       0x22 startup/startup_stm32f429xx.o

.debug_abbrev   0x00000000     0x195d
 .debug_abbrev  0x00000000      0x1ed Drivers/STM32F4xx_HAL_Driver/Src/stm32f4xx_hal.o
 .debug_abbrev  0x000001ed      0x328 Drivers/STM32F4xx_HAL_Driver/Src/stm32f4xx_hal_cortex.o
 .debug_abbrev  0x00000515      0x1e7 Drivers/STM32F4xx_HAL_Driver/Src/stm32f4xx_hal_gpio.o
 .debug_abbrev  0x000006fc      0x273 Drivers/STM32F4xx_HAL_Driver/Src/stm32f4xx_hal_rcc.o
 .debug_abbrev  0x0000096f      0x249 Drivers/STM32F4xx_HAL_Driver/Src/stm32f4xx_hal_spi.o
 .debug_abbrev  0x00000bb8      0x296 Src/LCDGFX.o
 .debug_abbrev  0x00000e4e      0x262 Src/LCDLib.o
 .debug_abbrev  0x000010b0      0x162 Src/gpio.o
 .debug_abbrev  0x00001212      0x237 Src/main.o
 .debug_abbrev  0x00001449      0x1c9 Src/spi.o
 .debug_abbrev  0x00001612      0x12a Src/stm32f4xx_hal_msp.o
 .debug_abbrev  0x0000173c       0xe4 Src/stm32f4xx_it.o
 .debug_abbrev  0x00001820      0x12b Src/system_stm32f4xx.o
 .debug_abbrev  0x0000194b       0x12 startup/startup_stm32f429xx.o

.debug_loc      0x00000000     0x3cc3
 .debug_loc     0x00000000      0x11b Drivers/STM32F4xx_HAL_Driver/Src/stm32f4xx_hal.o
 .debug_loc     0x0000011b      0x5ce Drivers/STM32F4xx_HAL_Driver/Src/stm32f4xx_hal_cortex.o
 .debug_loc     0x000006e9      0x476 Drivers/STM32F4xx_HAL_Driver/Src/stm32f4xx_hal_gpio.o
 .debug_loc     0x00000b5f      0x40f Drivers/STM32F4xx_HAL_Driver/Src/stm32f4xx_hal_rcc.o
 .debug_loc     0x00000f6e     0x19fe Drivers/STM32F4xx_HAL_Driver/Src/stm32f4xx_hal_spi.o
 .debug_loc     0x0000296c      0xcf5 Src/LCDGFX.o
 .debug_loc     0x00003661      0x486 Src/LCDLib.o
 .debug_loc     0x00003ae7       0x2a Src/main.o
 .debug_loc     0x00003b11       0x74 Src/spi.o
 .debug_loc     0x00003b85      0x13e Src/system_stm32f4xx.o

.debug_aranges  0x00000000      0x6a0
 .debug_aranges
                0x00000000      0x100 Drivers/STM32F4xx_HAL_Driver/Src/stm32f4xx_hal.o
 .debug_aranges
                0x00000100       0xa8 Drivers/STM32F4xx_HAL_Driver/Src/stm32f4xx_hal_cortex.o
 .debug_aranges
                0x000001a8       0x58 Drivers/STM32F4xx_HAL_Driver/Src/stm32f4xx_hal_gpio.o
 .debug_aranges
                0x00000200       0x88 Drivers/STM32F4xx_HAL_Driver/Src/stm32f4xx_hal_rcc.o
 .debug_aranges
                0x00000288      0x1d0 Drivers/STM32F4xx_HAL_Driver/Src/stm32f4xx_hal_spi.o
 .debug_aranges
                0x00000458       0x60 Src/LCDGFX.o
 .debug_aranges
                0x000004b8       0x98 Src/LCDLib.o
 .debug_aranges
                0x00000550       0x20 Src/gpio.o
 .debug_aranges
                0x00000570       0x30 Src/main.o
 .debug_aranges
                0x000005a0       0x30 Src/spi.o
 .debug_aranges
                0x000005d0       0x20 Src/stm32f4xx_hal_msp.o
 .debug_aranges
                0x000005f0       0x60 Src/stm32f4xx_it.o
 .debug_aranges
                0x00000650       0x28 Src/system_stm32f4xx.o
 .debug_aranges
                0x00000678       0x28 startup/startup_stm32f429xx.o

.debug_ranges   0x00000000      0x718
 .debug_ranges  0x00000000       0xf0 Drivers/STM32F4xx_HAL_Driver/Src/stm32f4xx_hal.o
 .debug_ranges  0x000000f0       0xf8 Drivers/STM32F4xx_HAL_Driver/Src/stm32f4xx_hal_cortex.o
 .debug_ranges  0x000001e8       0x48 Drivers/STM32F4xx_HAL_Driver/Src/stm32f4xx_hal_gpio.o
 .debug_ranges  0x00000230       0x90 Drivers/STM32F4xx_HAL_Driver/Src/stm32f4xx_hal_rcc.o
 .debug_ranges  0x000002c0      0x1c0 Drivers/STM32F4xx_HAL_Driver/Src/stm32f4xx_hal_spi.o
 .debug_ranges  0x00000480      0x128 Src/LCDGFX.o
 .debug_ranges  0x000005a8       0x88 Src/LCDLib.o
 .debug_ranges  0x00000630       0x10 Src/gpio.o
 .debug_ranges  0x00000640       0x20 Src/main.o
 .debug_ranges  0x00000660       0x20 Src/spi.o
 .debug_ranges  0x00000680       0x10 Src/stm32f4xx_hal_msp.o
 .debug_ranges  0x00000690       0x50 Src/stm32f4xx_it.o
 .debug_ranges  0x000006e0       0x18 Src/system_stm32f4xx.o
 .debug_ranges  0x000006f8       0x20 startup/startup_stm32f429xx.o

.debug_macro    0x00000000    0x22188
 .debug_macro   0x00000000      0x210 Drivers/STM32F4xx_HAL_Driver/Src/stm32f4xx_hal.o
 .debug_macro   0x00000210      0xa60 Drivers/STM32F4xx_HAL_Driver/Src/stm32f4xx_hal.o
 .debug_macro   0x00000c70      0x17e Drivers/STM32F4xx_HAL_Driver/Src/stm32f4xx_hal.o
 .debug_macro   0x00000dee       0x32 Drivers/STM32F4xx_HAL_Driver/Src/stm32f4xx_hal.o
 .debug_macro   0x00000e20       0x28 Drivers/STM32F4xx_HAL_Driver/Src/stm32f4xx_hal.o
 .debug_macro   0x00000e48       0x22 Drivers/STM32F4xx_HAL_Driver/Src/stm32f4xx_hal.o
 .debug_macro   0x00000e6a       0x8e Drivers/STM32F4xx_HAL_Driver/Src/stm32f4xx_hal.o
 .debug_macro   0x00000ef8       0x51 Drivers/STM32F4xx_HAL_Driver/Src/stm32f4xx_hal.o
 .debug_macro   0x00000f49       0xef Drivers/STM32F4xx_HAL_Driver/Src/stm32f4xx_hal.o
 .debug_macro   0x00001038       0x6a Drivers/STM32F4xx_HAL_Driver/Src/stm32f4xx_hal.o
 .debug_macro   0x000010a2      0x1df Drivers/STM32F4xx_HAL_Driver/Src/stm32f4xx_hal.o
 .debug_macro   0x00001281       0x1c Drivers/STM32F4xx_HAL_Driver/Src/stm32f4xx_hal.o
 .debug_macro   0x0000129d       0x22 Drivers/STM32F4xx_HAL_Driver/Src/stm32f4xx_hal.o
 .debug_macro   0x000012bf       0xdf Drivers/STM32F4xx_HAL_Driver/Src/stm32f4xx_hal.o
 .debug_macro   0x0000139e     0x102d Drivers/STM32F4xx_HAL_Driver/Src/stm32f4xx_hal.o
 .debug_macro   0x000023cb      0x11f Drivers/STM32F4xx_HAL_Driver/Src/stm32f4xx_hal.o
 .debug_macro   0x000024ea    0x17f79 Drivers/STM32F4xx_HAL_Driver/Src/stm32f4xx_hal.o
 .debug_macro   0x0001a463       0x43 Drivers/STM32F4xx_HAL_Driver/Src/stm32f4xx_hal.o
 .debug_macro   0x0001a4a6     0x36c2 Drivers/STM32F4xx_HAL_Driver/Src/stm32f4xx_hal.o
 .debug_macro   0x0001db68      0x174 Drivers/STM32F4xx_HAL_Driver/Src/stm32f4xx_hal.o
 .debug_macro   0x0001dcdc       0x4e Drivers/STM32F4xx_HAL_Driver/Src/stm32f4xx_hal.o
 .debug_macro   0x0001dd2a      0xca5 Drivers/STM32F4xx_HAL_Driver/Src/stm32f4xx_hal.o
 .debug_macro   0x0001e9cf      0x9fe Drivers/STM32F4xx_HAL_Driver/Src/stm32f4xx_hal.o
 .debug_macro   0x0001f3cd      0x182 Drivers/STM32F4xx_HAL_Driver/Src/stm32f4xx_hal.o
 .debug_macro   0x0001f54f      0x117 Drivers/STM32F4xx_HAL_Driver/Src/stm32f4xx_hal.o
 .debug_macro   0x0001f666      0x157 Drivers/STM32F4xx_HAL_Driver/Src/stm32f4xx_hal.o
 .debug_macro   0x0001f7bd       0x27 Drivers/STM32F4xx_HAL_Driver/Src/stm32f4xx_hal.o
 .debug_macro   0x0001f7e4      0x287 Drivers/STM32F4xx_HAL_Driver/Src/stm32f4xx_hal.o
 .debug_macro   0x0001fa6b       0x5f Drivers/STM32F4xx_HAL_Driver/Src/stm32f4xx_hal.o
 .debug_macro   0x0001faca      0x236 Drivers/STM32F4xx_HAL_Driver/Src/stm32f4xx_hal.o
 .debug_macro   0x0001fd00      0x132 Drivers/STM32F4xx_HAL_Driver/Src/stm32f4xx_hal.o
 .debug_macro   0x0001fe32      0x41d Drivers/STM32F4xx_HAL_Driver/Src/stm32f4xx_hal.o
 .debug_macro   0x0002024f       0x2e Drivers/STM32F4xx_HAL_Driver/Src/stm32f4xx_hal.o
 .debug_macro   0x0002027d      0x11a Drivers/STM32F4xx_HAL_Driver/Src/stm32f4xx_hal.o
 .debug_macro   0x00020397       0xe2 Drivers/STM32F4xx_HAL_Driver/Src/stm32f4xx_hal.o
 .debug_macro   0x00020479       0x89 Drivers/STM32F4xx_HAL_Driver/Src/stm32f4xx_hal.o
 .debug_macro   0x00020502      0x134 Drivers/STM32F4xx_HAL_Driver/Src/stm32f4xx_hal.o
 .debug_macro   0x00020636      0x1b0 Drivers/STM32F4xx_HAL_Driver/Src/stm32f4xx_hal_cortex.o
 .debug_macro   0x000207e6      0x1e6 Drivers/STM32F4xx_HAL_Driver/Src/stm32f4xx_hal_gpio.o
 .debug_macro   0x000209cc      0x1d4 Drivers/STM32F4xx_HAL_Driver/Src/stm32f4xx_hal_rcc.o
 .debug_macro   0x00020ba0      0x1c9 Drivers/STM32F4xx_HAL_Driver/Src/stm32f4xx_hal_spi.o
 .debug_macro   0x00020d69      0x184 Drivers/STM32F4xx_HAL_Driver/Src/stm32f4xx_hal_spi.o
 .debug_macro   0x00020eed      0x225 Drivers/STM32F4xx_HAL_Driver/Src/stm32f4xx_hal_spi.o
 .debug_macro   0x00021112      0x1ef Src/LCDGFX.o
 .debug_macro   0x00021301       0xca Src/LCDGFX.o
 .debug_macro   0x000213cb       0x16 Src/LCDGFX.o
 .debug_macro   0x000213e1       0x16 Src/LCDGFX.o
 .debug_macro   0x000213f7      0x1e7 Src/LCDLib.o
 .debug_macro   0x000215de      0x1ce Src/gpio.o
 .debug_macro   0x000217ac      0x1f6 Src/main.o
 .debug_macro   0x000219a2       0xd0 Src/main.o
 .debug_macro   0x00021a72      0x1ce Src/spi.o
 .debug_macro   0x00021c40      0x1c4 Src/stm32f4xx_hal_msp.o
 .debug_macro   0x00021e04      0x1ce Src/stm32f4xx_it.o
 .debug_macro   0x00021fd2      0x1b6 Src/system_stm32f4xx.o

.debug_line     0x00000000     0x728d
 .debug_line    0x00000000      0x84c Drivers/STM32F4xx_HAL_Driver/Src/stm32f4xx_hal.o
 .debug_line    0x0000084c      0x87a Drivers/STM32F4xx_HAL_Driver/Src/stm32f4xx_hal_cortex.o
 .debug_line    0x000010c6      0x7c6 Drivers/STM32F4xx_HAL_Driver/Src/stm32f4xx_hal_gpio.o
 .debug_line    0x0000188c      0x8bb Drivers/STM32F4xx_HAL_Driver/Src/stm32f4xx_hal_rcc.o
 .debug_line    0x00002147     0x1191 Drivers/STM32F4xx_HAL_Driver/Src/stm32f4xx_hal_spi.o
 .debug_line    0x000032d8      0x9c7 Src/LCDGFX.o
 .debug_line    0x00003c9f      0x95d Src/LCDLib.o
 .debug_line    0x000045fc      0x757 Src/gpio.o
 .debug_line    0x00004d53      0x7d7 Src/main.o
 .debug_line    0x0000552a      0x783 Src/spi.o
 .debug_line    0x00005cad      0x746 Src/stm32f4xx_hal_msp.o
 .debug_line    0x000063f3      0x7d5 Src/stm32f4xx_it.o
 .debug_line    0x00006bc8      0x646 Src/system_stm32f4xx.o
 .debug_line    0x0000720e       0x7f startup/startup_stm32f429xx.o

.debug_str      0x00000000    0xcc545
 .debug_str     0x00000000    0xc93db Drivers/STM32F4xx_HAL_Driver/Src/stm32f4xx_hal.o
                              0xc9747 (size before relaxing)
 .debug_str     0x000c93db      0x3a8 Drivers/STM32F4xx_HAL_Driver/Src/stm32f4xx_hal_cortex.o
                              0xc94a3 (size before relaxing)
 .debug_str     0x000c9783      0x292 Drivers/STM32F4xx_HAL_Driver/Src/stm32f4xx_hal_gpio.o
                              0xc8dd5 (size before relaxing)
 .debug_str     0x000c9a15      0x38f Drivers/STM32F4xx_HAL_Driver/Src/stm32f4xx_hal_rcc.o
                              0xc8faa (size before relaxing)
 .debug_str     0x000c9da4     0x1f0d Drivers/STM32F4xx_HAL_Driver/Src/stm32f4xx_hal_spi.o
                              0xca98c (size before relaxing)
 .debug_str     0x000cbcb1      0x546 Src/LCDGFX.o
                              0xca936 (size before relaxing)
 .debug_str     0x000cc1f7      0x182 Src/LCDLib.o
                              0xca894 (size before relaxing)
 .debug_str     0x000cc379        0xe Src/gpio.o
                              0xca124 (size before relaxing)
 .debug_str     0x000cc387       0x4b Src/main.o
                              0xca944 (size before relaxing)
 .debug_str     0x000cc3d2       0x17 Src/spi.o
                              0xca59a (size before relaxing)
 .debug_str     0x000cc3e9       0x1b Src/stm32f4xx_hal_msp.o
                              0xca086 (size before relaxing)
 .debug_str     0x000cc404       0xb8 Src/stm32f4xx_it.o
                              0xc9ff0 (size before relaxing)
 .debug_str     0x000cc4bc       0x5a Src/system_stm32f4xx.o
                              0xc8b91 (size before relaxing)
 .debug_str     0x000cc516       0x2f startup/startup_stm32f429xx.o
                                 0x4f (size before relaxing)

.comment        0x00000000       0x7f
 .comment       0x00000000       0x7f Drivers/STM32F4xx_HAL_Driver/Src/stm32f4xx_hal.o
                                 0x80 (size before relaxing)
 .comment       0x0000007f       0x80 Drivers/STM32F4xx_HAL_Driver/Src/stm32f4xx_hal_cortex.o
 .comment       0x0000007f       0x80 Drivers/STM32F4xx_HAL_Driver/Src/stm32f4xx_hal_gpio.o
 .comment       0x0000007f       0x80 Drivers/STM32F4xx_HAL_Driver/Src/stm32f4xx_hal_rcc.o
 .comment       0x0000007f       0x80 Drivers/STM32F4xx_HAL_Driver/Src/stm32f4xx_hal_spi.o
 .comment       0x0000007f       0x80 Src/LCDGFX.o
 .comment       0x0000007f       0x80 Src/LCDLib.o
 .comment       0x0000007f       0x80 Src/gpio.o
 .comment       0x0000007f       0x80 Src/main.o
 .comment       0x0000007f       0x80 Src/spi.o
 .comment       0x0000007f       0x80 Src/stm32f4xx_hal_msp.o
 .comment       0x0000007f       0x80 Src/stm32f4xx_it.o
 .comment       0x0000007f       0x80 Src/system_stm32f4xx.o

.debug_frame    0x00000000     0x113c
 .debug_frame   0x00000000      0x20c Drivers/STM32F4xx_HAL_Driver/Src/stm32f4xx_hal.o
 .debug_frame   0x0000020c      0x15c Drivers/STM32F4xx_HAL_Driver/Src/stm32f4xx_hal_cortex.o
 .debug_frame   0x00000368       0xd8 Drivers/STM32F4xx_HAL_Driver/Src/stm32f4xx_hal_gpio.o
 .debug_frame   0x00000440      0x184 Drivers/STM32F4xx_HAL_Driver/Src/stm32f4xx_hal_rcc.o
 .debug_frame   0x000005c4      0x594 Drivers/STM32F4xx_HAL_Driver/Src/stm32f4xx_hal_spi.o
 .debug_frame   0x00000b58      0x168 Src/LCDGFX.o
 .debug_frame   0x00000cc0      0x1d8 Src/LCDLib.o
 .debug_frame   0x00000e98       0x38 Src/gpio.o
 .debug_frame   0x00000ed0       0x5c Src/main.o
 .debug_frame   0x00000f2c       0x60 Src/spi.o
 .debug_frame   0x00000f8c       0x2c Src/stm32f4xx_hal_msp.o
 .debug_frame   0x00000fb8       0xa8 Src/stm32f4xx_it.o
 .debug_frame   0x00001060       0x30 Src/system_stm32f4xx.o
 .debug_frame   0x00001090       0x2c c:/ac6/systemworkbench/plugins/fr.ac6.mcu.externaltools.arm-none.win32_1.17.0.201812190825/tools/compiler/bin/../lib/gcc/arm-none-eabi/7.3.1/thumb/v7e-m/fpv4-sp/hard\libgcc.a(_aeabi_uldivmod.o)
 .debug_frame   0x000010bc       0x34 c:/ac6/systemworkbench/plugins/fr.ac6.mcu.externaltools.arm-none.win32_1.17.0.201812190825/tools/compiler/bin/../lib/gcc/arm-none-eabi/7.3.1/thumb/v7e-m/fpv4-sp/hard\libgcc.a(_udivmoddi4.o)
 .debug_frame   0x000010f0       0x2c c:/ac6/systemworkbench/plugins/fr.ac6.mcu.externaltools.arm-none.win32_1.17.0.201812190825/tools/compiler/bin/../lib/gcc/arm-none-eabi/7.3.1/../../../../arm-none-eabi/lib/thumb/v7e-m/fpv4-sp/hard\libc_nano.a(lib_a-init.o)
 .debug_frame   0x0000111c       0x20 c:/ac6/systemworkbench/plugins/fr.ac6.mcu.externaltools.arm-none.win32_1.17.0.201812190825/tools/compiler/bin/../lib/gcc/arm-none-eabi/7.3.1/../../../../arm-none-eabi/lib/thumb/v7e-m/fpv4-sp/hard\libc_nano.a(lib_a-memset.o)
