Archive member included to satisfy reference by file (symbol)

c:/ac6/systemworkbench/plugins/fr.ac6.mcu.externaltools.arm-none.win32_1.17.0.201812190825/tools/compiler/bin/../lib/gcc/arm-none-eabi/7.3.1/thumb/v7e-m/fpv4-sp/hard\libgcc.a(_aeabi_uldivmod.o)
                              Drivers/STM32F4xx_HAL_Driver/Src/stm32f4xx_hal_rcc.o (__aeabi_uldivmod)
c:/ac6/systemworkbench/plugins/fr.ac6.mcu.externaltools.arm-none.win32_1.17.0.201812190825/tools/compiler/bin/../lib/gcc/arm-none-eabi/7.3.1/thumb/v7e-m/fpv4-sp/hard\libgcc.a(_udivmoddi4.o)
                              c:/ac6/systemworkbench/plugins/fr.ac6.mcu.externaltools.arm-none.win32_1.17.0.201812190825/tools/compiler/bin/../lib/gcc/arm-none-eabi/7.3.1/thumb/v7e-m/fpv4-sp/hard\libgcc.a(_aeabi_uldivmod.o) (__udivmoddi4)
c:/ac6/systemworkbench/plugins/fr.ac6.mcu.externaltools.arm-none.win32_1.17.0.201812190825/tools/compiler/bin/../lib/gcc/arm-none-eabi/7.3.1/thumb/v7e-m/fpv4-sp/hard\libgcc.a(_dvmd_tls.o)
                              c:/ac6/systemworkbench/plugins/fr.ac6.mcu.externaltools.arm-none.win32_1.17.0.201812190825/tools/compiler/bin/../lib/gcc/arm-none-eabi/7.3.1/thumb/v7e-m/fpv4-sp/hard\libgcc.a(_aeabi_uldivmod.o) (__aeabi_ldiv0)
c:/ac6/systemworkbench/plugins/fr.ac6.mcu.externaltools.arm-none.win32_1.17.0.201812190825/tools/compiler/bin/../lib/gcc/arm-none-eabi/7.3.1/../../../../arm-none-eabi/lib/thumb/v7e-m/fpv4-sp/hard\libc_nano.a(lib_a-errno.o)
                              Src/syscalls.o (__errno)
c:/ac6/systemworkbench/plugins/fr.ac6.mcu.externaltools.arm-none.win32_1.17.0.201812190825/tools/compiler/bin/../lib/gcc/arm-none-eabi/7.3.1/../../../../arm-none-eabi/lib/thumb/v7e-m/fpv4-sp/hard\libc_nano.a(lib_a-exit.o)
                              c:/ac6/systemworkbench/plugins/fr.ac6.mcu.externaltools.arm-none.win32_1.17.0.201812190825/tools/compiler/bin/../lib/gcc/arm-none-eabi/7.3.1/../../../../arm-none-eabi/lib/thumb/v7e-m/fpv4-sp/hard/crt0.o (exit)
c:/ac6/systemworkbench/plugins/fr.ac6.mcu.externaltools.arm-none.win32_1.17.0.201812190825/tools/compiler/bin/../lib/gcc/arm-none-eabi/7.3.1/../../../../arm-none-eabi/lib/thumb/v7e-m/fpv4-sp/hard\libc_nano.a(lib_a-impure.o)
                              c:/ac6/systemworkbench/plugins/fr.ac6.mcu.externaltools.arm-none.win32_1.17.0.201812190825/tools/compiler/bin/../lib/gcc/arm-none-eabi/7.3.1/../../../../arm-none-eabi/lib/thumb/v7e-m/fpv4-sp/hard\libc_nano.a(lib_a-exit.o) (_global_impure_ptr)
c:/ac6/systemworkbench/plugins/fr.ac6.mcu.externaltools.arm-none.win32_1.17.0.201812190825/tools/compiler/bin/../lib/gcc/arm-none-eabi/7.3.1/../../../../arm-none-eabi/lib/thumb/v7e-m/fpv4-sp/hard\libc_nano.a(lib_a-init.o)
                              c:/ac6/systemworkbench/plugins/fr.ac6.mcu.externaltools.arm-none.win32_1.17.0.201812190825/tools/compiler/bin/../lib/gcc/arm-none-eabi/7.3.1/../../../../arm-none-eabi/lib/thumb/v7e-m/fpv4-sp/hard/crt0.o (__libc_init_array)
c:/ac6/systemworkbench/plugins/fr.ac6.mcu.externaltools.arm-none.win32_1.17.0.201812190825/tools/compiler/bin/../lib/gcc/arm-none-eabi/7.3.1/../../../../arm-none-eabi/lib/thumb/v7e-m/fpv4-sp/hard\libc_nano.a(lib_a-memset.o)
                              c:/ac6/systemworkbench/plugins/fr.ac6.mcu.externaltools.arm-none.win32_1.17.0.201812190825/tools/compiler/bin/../lib/gcc/arm-none-eabi/7.3.1/../../../../arm-none-eabi/lib/thumb/v7e-m/fpv4-sp/hard/crt0.o (memset)

Allocating common symbols
Common symbol       size              file

hspi5               0x58              Src/spi.o
uwTick              0x4               Drivers/STM32F4xx_HAL_Driver/Src/stm32f4xx_hal.o
pFlash              0x20              Drivers/STM32F4xx_HAL_Driver/Src/stm32f4xx_hal_flash.o

Discarded input sections

 .text          0x00000000        0x0 c:/ac6/systemworkbench/plugins/fr.ac6.mcu.externaltools.arm-none.win32_1.17.0.201812190825/tools/compiler/bin/../lib/gcc/arm-none-eabi/7.3.1/thumb/v7e-m/fpv4-sp/hard/crti.o
 .data          0x00000000        0x0 c:/ac6/systemworkbench/plugins/fr.ac6.mcu.externaltools.arm-none.win32_1.17.0.201812190825/tools/compiler/bin/../lib/gcc/arm-none-eabi/7.3.1/thumb/v7e-m/fpv4-sp/hard/crti.o
 .bss           0x00000000        0x0 c:/ac6/systemworkbench/plugins/fr.ac6.mcu.externaltools.arm-none.win32_1.17.0.201812190825/tools/compiler/bin/../lib/gcc/arm-none-eabi/7.3.1/thumb/v7e-m/fpv4-sp/hard/crti.o
 .data          0x00000000        0x4 c:/ac6/systemworkbench/plugins/fr.ac6.mcu.externaltools.arm-none.win32_1.17.0.201812190825/tools/compiler/bin/../lib/gcc/arm-none-eabi/7.3.1/thumb/v7e-m/fpv4-sp/hard/crtbegin.o
 .text          0x00000000       0x74 c:/ac6/systemworkbench/plugins/fr.ac6.mcu.externaltools.arm-none.win32_1.17.0.201812190825/tools/compiler/bin/../lib/gcc/arm-none-eabi/7.3.1/../../../../arm-none-eabi/lib/thumb/v7e-m/fpv4-sp/hard/crt0.o
[...]
Memory Configuration

Name             Origin             Length             Attributes
RAM              0x20000000         0x00030000         xrw
CCMRAM           0x10000000         0x00010000         rw
FLASH            0x08000000         0x00200000         xr
*default*        0x00000000         0xffffffff

Linker script and memory map

LOAD c:/ac6/systemworkbench/plugins/fr.ac6.mcu.externaltools.arm-none.win32_1.17.0.201812190825/tools/compiler/bin/../lib/gcc/arm-none-eabi/7.3.1/thumb/v7e-m/fpv4-sp/hard/crti.o
LOAD c:/ac6/systemworkbench/plugins/fr.ac6.mcu.externaltools.arm-none.win32_1.17.0.201812190825/tools/compiler/bin/../lib/gcc/arm-none-eabi/7.3.1/thumb/v7e-m/fpv4-sp/hard/crtbegin.o
LOAD c:/ac6/systemworkbench/plugins/fr.ac6.mcu.externaltools.arm-none.win32_1.17.0.201812190825/tools/compiler/bin/../lib/gcc/arm-none-eabi/7.3.1/../../../../arm-none-eabi/lib/thumb/v7e-m/fpv4-sp/hard/crt0.o
LOAD Drivers/STM32F4xx_HAL_Driver/Src/stm32f4xx_hal.o
LOAD Drivers/STM32F4xx_HAL_Driver/Src/stm32f4xx_hal_cortex.o
LOAD Drivers/STM32F4xx_HAL_Driver/Src/stm32f4xx_hal_dma.o
LOAD Drivers/STM32F4xx_HAL_Driver/Src/stm32f4xx_hal_dma_ex.o
LOAD Drivers/STM32F4xx_HAL_Driver/Src/stm32f4xx_hal_exti.o
LOAD Drivers/STM32F4xx_HAL_Driver/Src/stm32f4xx_hal_flash.o
LOAD Drivers/STM32F4xx_HAL_Driver/Src/stm32f4xx_hal_flash_ex.o
LOAD Drivers/STM32F4xx_HAL_Driver/Src/stm32f4xx_hal_flash_ramfunc.o
LOAD Drivers/STM32F4xx_HAL_Driver/Src/stm32f4xx_hal_gpio.o
LOAD Drivers/STM32F4xx_HAL_Driver/Src/stm32f4xx_hal_pwr.o
LOAD Drivers/STM32F4xx_HAL_Driver/Src/stm32f4xx_hal_pwr_ex.o
LOAD Drivers/STM32F4xx_HAL_Driver/Src/stm32f4xx_hal_rcc.o
LOAD Drivers/STM32F4xx_HAL_Driver/Src/stm32f4xx_hal_rcc_ex.o
LOAD Drivers/STM32F4xx_HAL_Driver/Src/stm32f4xx_hal_spi.o
LOAD Drivers/STM32F4xx_HAL_Driver/Src/stm32f4xx_hal_tim.o
LOAD Drivers/STM32F4xx_HAL_Driver/Src/stm32f4xx_hal_tim_ex.o
LOAD Src/LCDGFX.o
LOAD Src/LCDLib.o
LOAD Src/gpio.o
LOAD Src/main.o
LOAD Src/spi.o
LOAD Src/stm32f4xx_hal_msp.o
LOAD Src/stm32f4xx_it.o
LOAD Src/syscalls.o
LOAD Src/system_stm32f4xx.o
LOAD startup/startup_stm32f429xx.o
LOAD c:/ac6/systemworkbench/plugins/fr.ac6.mcu.externaltools.arm-none.win32_1.17.0.201812190825/tools/compiler/bin/../lib/gcc/arm-none-eabi/7.3.1/../../../../arm-none-eabi/lib/thumb/v7e-m/fpv4-sp/hard\libm.a
START GROUP
LOAD c:/ac6/systemworkbench/plugins/fr.ac6.mcu.externaltools.arm-none.win32_1.17.0.201812190825/tools/compiler/bin/../lib/gcc/arm-none-eabi/7.3.1/thumb/v7e-m/fpv4-sp/hard\libgcc.a
LOAD c:/ac6/systemworkbench/plugins/fr.ac6.mcu.externaltools.arm-none.win32_1.17.0.201812190825/tools/compiler/bin/../lib/gcc/arm-none-eabi/7.3.1/../../../../arm-none-eabi/lib/thumb/v7e-m/fpv4-sp/hard\libc_nano.a
END GROUP
START GROUP
LOAD c:/ac6/systemworkbench/plugins/fr.ac6.mcu.externaltools.arm-none.win32_1.17.0.201812190825/tools/compiler/bin/../lib/gcc/arm-none-eabi/7.3.1/thumb/v7e-m/fpv4-sp/hard\libgcc.a
LOAD c:/ac6/systemworkbench/plugins/fr.ac6.mcu.externaltools.arm-none.win32_1.17.0.201812190825/tools/compiler/bin/../lib/gcc/arm-none-eabi/7.3.1/../../../../arm-none-eabi/lib/thumb/v7e-m/fpv4-sp/hard\libc_nano.a
LOAD c:/ac6/systemworkbench/plugins/fr.ac6.mcu.externaltools.arm-none.win32_1.17.0.201812190825/tools/compiler/bin/../lib/gcc/arm-none-eabi/7.3.1/../../../../arm-none-eabi/lib/thumb/v7e-m/fpv4-sp/hard\libnosys.a
END GROUP
START GROUP
LOAD c:/ac6/systemworkbench/plugins/fr.ac6.mcu.externaltools.arm-none.win32_1.17.0.201812190825/tools/compiler/bin/../lib/gcc/arm-none-eabi/7.3.1/thumb/v7e-m/fpv4-sp/hard\libgcc.a
LOAD c:/ac6/systemworkbench/plugins/fr.ac6.mcu.externaltools.arm-none.win32_1.17.0.201812190825/tools/compiler/bin/../lib/gcc/arm-none-eabi/7.3.1/../../../../arm-none-eabi/lib/thumb/v7e-m/fpv4-sp/hard\libc_nano.a
LOAD c:/ac6/systemworkbench/plugins/fr.ac6.mcu.externaltools.arm-none.win32_1.17.0.201812190825/tools/compiler/bin/../lib/gcc/arm-none-eabi/7.3.1/../../../../arm-none-eabi/lib/thumb/v7e-m/fpv4-sp/hard\libnosys.a
END GROUP
LOAD c:/ac6/systemworkbench/plugins/fr.ac6.mcu.externaltools.arm-none.win32_1.17.0.201812190825/tools/compiler/bin/../lib/gcc/arm-none-eabi/7.3.1/thumb/v7e-m/fpv4-sp/hard/crtend.o
LOAD c:/ac6/systemworkbench/plugins/fr.ac6.mcu.externaltools.arm-none.win32_1.17.0.201812190825/tools/compiler/bin/../lib/gcc/arm-none-eabi/7.3.1/thumb/v7e-m/fpv4-sp/hard/crtn.o
                0x20030000                _estack = 0x20030000
                0x00000200                _Min_Heap_Size = 0x200
                0x00000400                _Min_Stack_Size = 0x400

.isr_vector     0x08000000      0x1ac
                0x08000000                . = ALIGN (0x4)
 *(.isr_vector)
 .isr_vector    0x08000000      0x1ac startup/startup_stm32f429xx.o
                0x08000000                g_pfnVectors
                0x080001ac                . = ALIGN (0x4)

.text           0x080001ac     0x180c
                0x080001ac                . = ALIGN (0x4)
 *(.text)
 .text          0x080001ac       0x40 c:/ac6/systemworkbench/plugins/fr.ac6.mcu.externaltools.arm-none.win32_1.17.0.201812190825/tools/compiler/bin/../lib/gcc/arm-none-eabi/7.3.1/thumb/v7e-m/fpv4-sp/hard/crtbegin.o
 .text          0x080001ec       0x30 c:/ac6/systemworkbench/plugins/fr.ac6.mcu.externaltools.arm-none.win32_1.17.0.201812190825/tools/compiler/bin/../lib/gcc/arm-none-eabi/7.3.1/thumb/v7e-m/fpv4-sp/hard\libgcc.a(_aeabi_uldivmod.o)
                0x080001ec                __aeabi_uldivmod
 .text          0x0800021c      0x2cc c:/ac6/systemworkbench/plugins/fr.ac6.mcu.externaltools.arm-none.win32_1.17.0.201812190825/tools/compiler/bin/../lib/gcc/arm-none-eabi/7.3.1/thumb/v7e-m/fpv4-sp/hard\libgcc.a(_udivmoddi4.o)
                0x0800021c                __udivmoddi4
 .text          0x080004e8        0x4 c:/ac6/systemworkbench/plugins/fr.ac6.mcu.externaltools.arm-none.win32_1.17.0.201812190825/tools/compiler/bin/../lib/gcc/arm-none-eabi/7.3.1/thumb/v7e-m/fpv4-sp/hard\libgcc.a(_dvmd_tls.o)
                0x080004e8                __aeabi_idiv0
                0x080004e8                __aeabi_ldiv0
 *(.text*)
 .text.HAL_InitTick
                0x080004ec       0x48 Drivers/STM32F4xx_HAL_Driver/Src/stm32f4xx_hal.o
                0x080004ec                HAL_InitTick
 .text.HAL_Init
                0x08000534       0x34 Drivers/STM32F4xx_HAL_Driver/Src/stm32f4xx_hal.o
                0x08000534                HAL_Init
 .text.HAL_IncTick
                0x08000568       0x18 Drivers/STM32F4xx_HAL_Driver/Src/stm32f4xx_hal.o
                0x08000568                HAL_IncTick
 .text.HAL_GetTick
                0x08000580        0xc Drivers/STM32F4xx_HAL_Driver/Src/stm32f4xx_hal.o
                0x08000580                HAL_GetTick
 .text.HAL_Delay
                0x0800058c       0x28 Drivers/STM32F4xx_HAL_Driver/Src/stm32f4xx_hal.o
                0x0800058c                HAL_Delay
 .text.HAL_NVIC_SetPriorityGrouping
                0x080005b4       0x24 Drivers/STM32F4xx_HAL_Driver/Src/stm32f4xx_hal_cortex.o
                0x080005b4                HAL_NVIC_SetPriorityGrouping
 .text.HAL_NVIC_SetPriority
                0x080005d8       0x68 Drivers/STM32F4xx_HAL_Driver/Src/stm32f4xx_hal_cortex.o
                0x080005d8                HAL_NVIC_SetPriority
 .text.HAL_SYSTICK_Config
                0x08000640       0x2c Drivers/STM32F4xx_HAL_Driver/Src/stm32f4xx_hal_cortex.o
                0x08000640                HAL_SYSTICK_Config
 .text.HAL_GPIO_Init
                0x0800066c      0x1e0 Drivers/STM32F4xx_HAL_Driver/Src/stm32f4xx_hal_gpio.o
                0x0800066c                HAL_GPIO_Init
 .text.HAL_GPIO_WritePin
                0x0800084c        0xc Drivers/STM32F4xx_HAL_Driver/Src/stm32f4xx_hal_gpio.o
                0x0800084c                HAL_GPIO_WritePin
 .text.HAL_GPIO_TogglePin
                0x08000858       0x12 Drivers/STM32F4xx_HAL_Driver/Src/stm32f4xx_hal_gpio.o
                0x08000858                HAL_GPIO_TogglePin
 *fill*         0x0800086a        0x2 
 .text.HAL_RCC_OscConfig
                0x0800086c      0x3ec Drivers/STM32F4xx_HAL_Driver/Src/stm32f4xx_hal_rcc.o
                0x0800086c                HAL_RCC_OscConfig
 .text.HAL_RCC_GetSysClockFreq
                0x08000c58       0xd8 Drivers/STM32F4xx_HAL_Driver/Src/stm32f4xx_hal_rcc.o
                0x08000c58                HAL_RCC_GetSysClockFreq
 .text.HAL_RCC_ClockConfig
                0x08000d30      0x160 Drivers/STM32F4xx_HAL_Driver/Src/stm32f4xx_hal_rcc.o
                0x08000d30                HAL_RCC_ClockConfig
 .text.SPI_WaitFlagStateUntilTimeout
                0x08000e90       0x90 Drivers/STM32F4xx_HAL_Driver/Src/stm32f4xx_hal_spi.o
 .text.SPI_EndRxTxTransaction
                0x08000f20       0x68 Drivers/STM32F4xx_HAL_Driver/Src/stm32f4xx_hal_spi.o
 .text.HAL_SPI_Init
                0x08000f88       0x80 Drivers/STM32F4xx_HAL_Driver/Src/stm32f4xx_hal_spi.o
                0x08000f88                HAL_SPI_Init
 .text.HAL_SPI_Transmit
                0x08001008      0x19a Drivers/STM32F4xx_HAL_Driver/Src/stm32f4xx_hal_spi.o
                0x08001008                HAL_SPI_Transmit
 *fill*         0x080011a2        0x2 
 .text.ILI9341_SPI_Init
                0x080011a4       0x1c Src/LCDLib.o
                0x080011a4                ILI9341_SPI_Init
 .text.ILI9341_SPI_Send
                0x080011c0       0x20 Src/LCDLib.o
                0x080011c0                ILI9341_SPI_Send
 .text.ILI9341_Write_Command
                0x080011e0       0x38 Src/LCDLib.o
                0x080011e0                ILI9341_Write_Command
 .text.ILI9341_Write_Data
                0x08001218       0x38 Src/LCDLib.o
                0x08001218                ILI9341_Write_Data
 .text.ILI9341_Set_Address
                0x08001250       0x4e Src/LCDLib.o
                0x08001250                ILI9341_Set_Address
 *fill*         0x0800129e        0x2 
 .text.ILI9341_Reset
                0x080012a0       0x20 Src/LCDLib.o
                0x080012a0                ILI9341_Reset
 .text.ILI9341_Set_Rotation
                0x080012c0       0x70 Src/LCDLib.o
                0x080012c0                ILI9341_Set_Rotation
 .text.ILI9341_Init
                0x08001330      0x212 Src/LCDLib.o
                0x08001330                ILI9341_Init
 *fill*         0x08001542        0x2 
 .text.ILI9341_Draw_Colour_Burst
                0x08001544       0x9c Src/LCDLib.o
                0x08001544                ILI9341_Draw_Colour_Burst
 .text.ILI9341_Fill_Screen
                0x080015e0       0x28 Src/LCDLib.o
                0x080015e0                ILI9341_Fill_Screen
 .text.MX_GPIO_Init
                0x08001608       0xf4 Src/gpio.o
                0x08001608                MX_GPIO_Init
 .text.SystemClock_Config
                0x080016fc       0x98 Src/main.o
                0x080016fc                SystemClock_Config
 .text.main     0x08001794       0x38 Src/main.o
                0x08001794                main
 .text.Error_Handler
                0x080017cc        0x2 Src/main.o
                0x080017cc                Error_Handler
 *fill*         0x080017ce        0x2 
 .text.MX_SPI5_Init
                0x080017d0       0x40 Src/spi.o
                0x080017d0                MX_SPI5_Init
 .text.HAL_SPI_MspInit
                0x08001810       0x70 Src/spi.o
                0x08001810                HAL_SPI_MspInit
 .text.HAL_MspInit
                0x08001880       0x40 Src/stm32f4xx_hal_msp.o
                0x08001880                HAL_MspInit
 .text.NMI_Handler
                0x080018c0        0x2 Src/stm32f4xx_it.o
                0x080018c0                NMI_Handler
 .text.HardFault_Handler
                0x080018c2        0x2 Src/stm32f4xx_it.o
                0x080018c2                HardFault_Handler
 .text.MemManage_Handler
                0x080018c4        0x2 Src/stm32f4xx_it.o
                0x080018c4                MemManage_Handler
 .text.BusFault_Handler
                0x080018c6        0x2 Src/stm32f4xx_it.o
                0x080018c6                BusFault_Handler
 .text.UsageFault_Handler
                0x080018c8        0x2 Src/stm32f4xx_it.o
                0x080018c8                UsageFault_Handler
 .text.SVC_Handler
                0x080018ca        0x2 Src/stm32f4xx_it.o
                0x080018ca                SVC_Handler
 .text.DebugMon_Handler
                0x080018cc        0x2 Src/stm32f4xx_it.o
                0x080018cc                DebugMon_Handler
 .text.PendSV_Handler
                0x080018ce        0x2 Src/stm32f4xx_it.o
                0x080018ce                PendSV_Handler
 .text.SysTick_Handler
                0x080018d0        0x8 Src/stm32f4xx_it.o
                0x080018d0                SysTick_Handler
 .text.SystemInit
                0x080018d8       0x1c Src/system_stm32f4xx.o
                0x080018d8                SystemInit
 .text.Reset_Handler
                0x080018f4       0x50 startup/startup_stm32f429xx.o
                0x080018f4                Reset_Handler
 .text.Default_Handler
                0x08001944        0x2 startup/startup_stm32f429xx.o
                0x08001944                RTC_Alarm_IRQHandler
                0x08001944                HASH_RNG_IRQHandler
                0x08001944                EXTI2_IRQHandler
                0x08001944                TIM8_CC_IRQHandler
                0x08001944                UART8_IRQHandler
                0x08001944                SPI4_IRQHandler
                0x08001944                TIM1_CC_IRQHandler
                0x08001944                DMA2_Stream5_IRQHandler
                0x08001944                DMA1_Stream5_IRQHandler
                0x08001944                PVD_IRQHandler
                0x08001944                SDIO_IRQHandler
                0x08001944                TAMP_STAMP_IRQHandler
                0x08001944                CAN2_RX1_IRQHandler
                0x08001944                EXTI3_IRQHandler
                0x08001944                TIM8_TRG_COM_TIM14_IRQHandler
                0x08001944                TIM1_UP_TIM10_IRQHandler
                0x08001944                TIM8_UP_TIM13_IRQHandler
                0x08001944                I2C3_ER_IRQHandler
                0x08001944                EXTI0_IRQHandler
                0x08001944                I2C2_EV_IRQHandler
                0x08001944                DMA1_Stream2_IRQHandler
                0x08001944                CAN1_RX0_IRQHandler
                0x08001944                FPU_IRQHandler
                0x08001944                OTG_HS_WKUP_IRQHandler
                0x08001944                LTDC_ER_IRQHandler
                0x08001944                CAN2_SCE_IRQHandler
                0x08001944                DMA2_Stream2_IRQHandler
                0x08001944                SPI1_IRQHandler
                0x08001944                TIM6_DAC_IRQHandler
                0x08001944                TIM1_BRK_TIM9_IRQHandler
                0x08001944                DCMI_IRQHandler
                0x08001944                CAN2_RX0_IRQHandler
                0x08001944                DMA2_Stream3_IRQHandler
                0x08001944                USART6_IRQHandler
                0x08001944                USART3_IRQHandler
                0x08001944                CAN1_RX1_IRQHandler
                0x08001944                UART5_IRQHandler
                0x08001944                DMA2_Stream0_IRQHandler
                0x08001944                TIM4_IRQHandler
                0x08001944                I2C1_EV_IRQHandler
                0x08001944                DMA1_Stream6_IRQHandler
                0x08001944                DMA1_Stream1_IRQHandler
                0x08001944                UART4_IRQHandler
                0x08001944                TIM3_IRQHandler
                0x08001944                RCC_IRQHandler
                0x08001944                TIM8_BRK_TIM12_IRQHandler
                0x08001944                Default_Handler
                0x08001944                EXTI15_10_IRQHandler
                0x08001944                ADC_IRQHandler
                0x08001944                DMA1_Stream7_IRQHandler
                0x08001944                SPI5_IRQHandler
                0x08001944                TIM7_IRQHandler
                0x08001944                CAN2_TX_IRQHandler
                0x08001944                TIM5_IRQHandler
                0x08001944                DMA2_Stream7_IRQHandler
                0x08001944                I2C3_EV_IRQHandler
                0x08001944                EXTI9_5_IRQHandler
                0x08001944                RTC_WKUP_IRQHandler
                0x08001944                LTDC_IRQHandler
                0x08001944                ETH_WKUP_IRQHandler
                0x08001944                SPI2_IRQHandler
                0x08001944                OTG_HS_EP1_IN_IRQHandler
                0x08001944                DMA1_Stream0_IRQHandler
                0x08001944                CAN1_TX_IRQHandler
                0x08001944                EXTI4_IRQHandler
                0x08001944                ETH_IRQHandler
                0x08001944                OTG_HS_EP1_OUT_IRQHandler
                0x08001944                WWDG_IRQHandler
                0x08001944                SPI6_IRQHandler
                0x08001944                TIM2_IRQHandler
                0x08001944                OTG_FS_WKUP_IRQHandler
                0x08001944                TIM1_TRG_COM_TIM11_IRQHandler
                0x08001944                OTG_HS_IRQHandler
                0x08001944                DMA2D_IRQHandler
                0x08001944                EXTI1_IRQHandler
                0x08001944                UART7_IRQHandler
                0x08001944                USART2_IRQHandler
                0x08001944                I2C2_ER_IRQHandler
                0x08001944                DMA2_Stream1_IRQHandler
                0x08001944                CAN1_SCE_IRQHandler
                0x08001944                FLASH_IRQHandler
                0x08001944                DMA2_Stream4_IRQHandler
                0x08001944                USART1_IRQHandler
                0x08001944                OTG_FS_IRQHandler
                0x08001944                SPI3_IRQHandler
                0x08001944                DMA1_Stream4_IRQHandler
                0x08001944                I2C1_ER_IRQHandler
                0x08001944                FMC_IRQHandler
                0x08001944                DMA2_Stream6_IRQHandler
                0x08001944                SAI1_IRQHandler
                0x08001944                DMA1_Stream3_IRQHandler
 *fill*         0x08001946        0x2 
 .text.__libc_init_array
                0x08001948       0x48 c:/ac6/systemworkbench/plugins/fr.ac6.mcu.externaltools.arm-none.win32_1.17.0.201812190825/tools/compiler/bin/../lib/gcc/arm-none-eabi/7.3.1/../../../../arm-none-eabi/lib/thumb/v7e-m/fpv4-sp/hard\libc_nano.a(lib_a-init.o)
                0x08001948                __libc_init_array
 .text.memset   0x08001990       0x10 c:/ac6/systemworkbench/plugins/fr.ac6.mcu.externaltools.arm-none.win32_1.17.0.201812190825/tools/compiler/bin/../lib/gcc/arm-none-eabi/7.3.1/../../../../arm-none-eabi/lib/thumb/v7e-m/fpv4-sp/hard\libc_nano.a(lib_a-memset.o)
                0x08001990                memset
 *(.glue_7)
 .glue_7        0x080019a0        0x0 linker stubs
 *(.glue_7t)
 .glue_7t       0x080019a0        0x0 linker stubs
 *(.eh_frame)
 .eh_frame      0x080019a0        0x0 c:/ac6/systemworkbench/plugins/fr.ac6.mcu.externaltools.arm-none.win32_1.17.0.201812190825/tools/compiler/bin/../lib/gcc/arm-none-eabi/7.3.1/thumb/v7e-m/fpv4-sp/hard/crtbegin.o
 *(.init)
 .init          0x080019a0        0x4 c:/ac6/systemworkbench/plugins/fr.ac6.mcu.externaltools.arm-none.win32_1.17.0.201812190825/tools/compiler/bin/../lib/gcc/arm-none-eabi/7.3.1/thumb/v7e-m/fpv4-sp/hard/crti.o
                0x080019a0                _init
 .init          0x080019a4        0x8 c:/ac6/systemworkbench/plugins/fr.ac6.mcu.externaltools.arm-none.win32_1.17.0.201812190825/tools/compiler/bin/../lib/gcc/arm-none-eabi/7.3.1/thumb/v7e-m/fpv4-sp/hard/crtn.o
 *(.fini)
 .fini          0x080019ac        0x4 c:/ac6/systemworkbench/plugins/fr.ac6.mcu.externaltools.arm-none.win32_1.17.0.201812190825/tools/compiler/bin/../lib/gcc/arm-none-eabi/7.3.1/thumb/v7e-m/fpv4-sp/hard/crti.o
                0x080019ac                _fini
 .fini          0x080019b0        0x8 c:/ac6/systemworkbench/plugins/fr.ac6.mcu.externaltools.arm-none.win32_1.17.0.201812190825/tools/compiler/bin/../lib/gcc/arm-none-eabi/7.3.1/thumb/v7e-m/fpv4-sp/hard/crtn.o
                0x080019b8                . = ALIGN (0x4)
                0x080019b8                _etext = .

.vfp11_veneer   0x080019b8        0x0
 .vfp11_veneer  0x080019b8        0x0 linker stubs

.v4_bx          0x080019b8        0x0
 .v4_bx         0x080019b8        0x0 linker stubs

.iplt           0x080019b8        0x0
 .iplt          0x080019b8        0x0 c:/ac6/systemworkbench/plugins/fr.ac6.mcu.externaltools.arm-none.win32_1.17.0.201812190825/tools/compiler/bin/../lib/gcc/arm-none-eabi/7.3.1/thumb/v7e-m/fpv4-sp/hard/crtbegin.o

.rodata         0x080019b8       0x18
                0x080019b8                . = ALIGN (0x4)
 *(.rodata)
 .rodata        0x080019b8       0x18 Src/system_stm32f4xx.o
                0x080019b8                AHBPrescTable
                0x080019c8                APBPrescTable
 *(.rodata*)
                0x080019d0                . = ALIGN (0x4)

.ARM.extab
 *(.ARM.extab* .gnu.linkonce.armextab.*)

.ARM            0x080019d0        0x8
                0x080019d0                __exidx_start = .
 *(.ARM.exidx*)
 .ARM.exidx     0x080019d0        0x8 c:/ac6/systemworkbench/plugins/fr.ac6.mcu.externaltools.arm-none.win32_1.17.0.201812190825/tools/compiler/bin/../lib/gcc/arm-none-eabi/7.3.1/thumb/v7e-m/fpv4-sp/hard\libgcc.a(_udivmoddi4.o)
                0x080019d8                __exidx_end = .

.rel.dyn        0x080019d8        0x0
 .rel.iplt      0x080019d8        0x0 c:/ac6/systemworkbench/plugins/fr.ac6.mcu.externaltools.arm-none.win32_1.17.0.201812190825/tools/compiler/bin/../lib/gcc/arm-none-eabi/7.3.1/thumb/v7e-m/fpv4-sp/hard/crtbegin.o

.preinit_array  0x080019d8        0x0
                0x080019d8                PROVIDE (__preinit_array_start = .)
 *(.preinit_array*)
                0x080019d8                PROVIDE (__preinit_array_end = .)

.init_array     0x080019d8        0x4
                0x080019d8                PROVIDE (__init_array_start = .)
 *(SORT_BY_NAME(.init_array.*))
 *(.init_array*)
 .init_array    0x080019d8        0x4 c:/ac6/systemworkbench/plugins/fr.ac6.mcu.externaltools.arm-none.win32_1.17.0.201812190825/tools/compiler/bin/../lib/gcc/arm-none-eabi/7.3.1/thumb/v7e-m/fpv4-sp/hard/crtbegin.o
                0x080019dc                PROVIDE (__init_array_end = .)

.fini_array     0x080019dc        0x4
                [!provide]                PROVIDE (__fini_array_start = .)
 *(SORT_BY_NAME(.fini_array.*))
 *(.fini_array*)
 .fini_array    0x080019dc        0x4 c:/ac6/systemworkbench/plugins/fr.ac6.mcu.externaltools.arm-none.win32_1.17.0.201812190825/tools/compiler/bin/../lib/gcc/arm-none-eabi/7.3.1/thumb/v7e-m/fpv4-sp/hard/crtbegin.o
                [!provide]                PROVIDE (__fini_array_end = .)
                0x080019e0                _sidata = LOADADDR (.data)

.data           0x20000000       0x10 load address 0x080019e0
                0x20000000                . = ALIGN (0x4)
                0x20000000                _sdata = .
 *(.data)
 .data          0x20000000        0x8 Drivers/STM32F4xx_HAL_Driver/Src/stm32f4xx_hal.o
                0x20000000                uwTickFreq
                0x20000004                uwTickPrio
 .data          0x20000008        0x4 Src/LCDLib.o
                0x20000008                LCD_WIDTH
                0x2000000a                LCD_HEIGHT
 .data          0x2000000c        0x4 Src/system_stm32f4xx.o
                0x2000000c                SystemCoreClock
 *(.data*)
                0x20000010                . = ALIGN (0x4)
                0x20000010                _edata = .
                0x080019f0                _siccmram = LOADADDR (.ccmram)

.igot.plt       0x20000010        0x0 load address 0x080019f0
 .igot.plt      0x20000010        0x0 c:/ac6/systemworkbench/plugins/fr.ac6.mcu.externaltools.arm-none.win32_1.17.0.201812190825/tools/compiler/bin/../lib/gcc/arm-none-eabi/7.3.1/thumb/v7e-m/fpv4-sp/hard/crtbegin.o

.ccmram         0x10000000        0x0 load address 0x080019f0
                0x10000000                . = ALIGN (0x4)
                0x10000000                _sccmram = .
 *(.ccmram)
 *(.ccmram*)
                0x10000000                . = ALIGN (0x4)
                0x10000000                _eccmram = .
                0x10000000                . = ALIGN (0x4)

.bss            0x20000010       0x78
                0x20000010                _sbss = .
                0x20000010                __bss_start__ = _sbss
 *(.bss)
 .bss           0x20000010       0x1c c:/ac6/systemworkbench/plugins/fr.ac6.mcu.externaltools.arm-none.win32_1.17.0.201812190825/tools/compiler/bin/../lib/gcc/arm-none-eabi/7.3.1/thumb/v7e-m/fpv4-sp/hard/crtbegin.o
 *(.bss*)
 *(COMMON)
 COMMON         0x2000002c        0x4 Drivers/STM32F4xx_HAL_Driver/Src/stm32f4xx_hal.o
                0x2000002c                uwTick
 COMMON         0x20000030       0x58 Src/spi.o
                0x20000030                hspi5
                0x20000088                . = ALIGN (0x4)
                0x20000088                _ebss = .
                0x20000088                __bss_end__ = _ebss

._user_heap_stack
                0x20000088      0x600
                0x20000088                . = ALIGN (0x8)
                0x20000088                PROVIDE (end = .)
                [!provide]                PROVIDE (_end = .)
                0x20000288                . = (. + _Min_Heap_Size)
 *fill*         0x20000088      0x200 
                0x20000688                . = (. + _Min_Stack_Size)
 *fill*         0x20000288      0x400 
                0x20000688                . = ALIGN (0x8)

/DISCARD/
 libc.a(*)
 libm.a(*)
 libgcc.a(*)

.ARM.attributes
                0x00000000       0x30
 *(.ARM.attributes)
 .ARM.attributes
                0x00000000       0x22 c:/ac6/systemworkbench/plugins/fr.ac6.mcu.externaltools.arm-none.win32_1.17.0.201812190825/tools/compiler/bin/../lib/gcc/arm-none-eabi/7.3.1/thumb/v7e-m/fpv4-sp/hard/crti.o
 .ARM.attributes
                0x00000022       0x34 c:/ac6/systemworkbench/plugins/fr.ac6.mcu.externaltools.arm-none.win32_1.17.0.201812190825/tools/compiler/bin/../lib/gcc/arm-none-eabi/7.3.1/thumb/v7e-m/fpv4-sp/hard/crtbegin.o
 .ARM.attributes
                0x00000056       0x39 Drivers/STM32F4xx_HAL_Driver/Src/stm32f4xx_hal.o
 .ARM.attributes
                0x0000008f       0x39 Drivers/STM32F4xx_HAL_Driver/Src/stm32f4xx_hal_cortex.o
 .ARM.attributes
                0x000000c8       0x39 Drivers/STM32F4xx_HAL_Driver/Src/stm32f4xx_hal_gpio.o
 .ARM.attributes
                0x00000101       0x39 Drivers/STM32F4xx_HAL_Driver/Src/stm32f4xx_hal_rcc.o
 .ARM.attributes
                0x0000013a       0x39 Drivers/STM32F4xx_HAL_Driver/Src/stm32f4xx_hal_spi.o
 .ARM.attributes
                0x00000173       0x39 Src/LCDLib.o
 .ARM.attributes
                0x000001ac       0x39 Src/gpio.o
 .ARM.attributes
                0x000001e5       0x39 Src/main.o
 .ARM.attributes
                0x0000021e       0x39 Src/spi.o
 .ARM.attributes
                0x00000257       0x39 Src/stm32f4xx_hal_msp.o
 .ARM.attributes
                0x00000290       0x39 Src/stm32f4xx_it.o
 .ARM.attributes
                0x000002c9       0x39 Src/system_stm32f4xx.o
 .ARM.attributes
                0x00000302       0x21 startup/startup_stm32f429xx.o
 .ARM.attributes
                0x00000323       0x22 c:/ac6/systemworkbench/plugins/fr.ac6.mcu.externaltools.arm-none.win32_1.17.0.201812190825/tools/compiler/bin/../lib/gcc/arm-none-eabi/7.3.1/thumb/v7e-m/fpv4-sp/hard\libgcc.a(_aeabi_uldivmod.o)
 .ARM.attributes
                0x00000345       0x34 c:/ac6/systemworkbench/plugins/fr.ac6.mcu.externaltools.arm-none.win32_1.17.0.201812190825/tools/compiler/bin/../lib/gcc/arm-none-eabi/7.3.1/thumb/v7e-m/fpv4-sp/hard\libgcc.a(_udivmoddi4.o)
 .ARM.attributes
                0x00000379       0x22 c:/ac6/systemworkbench/plugins/fr.ac6.mcu.externaltools.arm-none.win32_1.17.0.201812190825/tools/compiler/bin/../lib/gcc/arm-none-eabi/7.3.1/thumb/v7e-m/fpv4-sp/hard\libgcc.a(_dvmd_tls.o)
 .ARM.attributes
                0x0000039b       0x34 c:/ac6/systemworkbench/plugins/fr.ac6.mcu.externaltools.arm-none.win32_1.17.0.201812190825/tools/compiler/bin/../lib/gcc/arm-none-eabi/7.3.1/../../../../arm-none-eabi/lib/thumb/v7e-m/fpv4-sp/hard\libc_nano.a(lib_a-init.o)
 .ARM.attributes
                0x000003cf       0x34 c:/ac6/systemworkbench/plugins/fr.ac6.mcu.externaltools.arm-none.win32_1.17.0.201812190825/tools/compiler/bin/../lib/gcc/arm-none-eabi/7.3.1/../../../../arm-none-eabi/lib/thumb/v7e-m/fpv4-sp/hard\libc_nano.a(lib_a-memset.o)
 .ARM.attributes
                0x00000403       0x22 c:/ac6/systemworkbench/plugins/fr.ac6.mcu.externaltools.arm-none.win32_1.17.0.201812190825/tools/compiler/bin/../lib/gcc/arm-none-eabi/7.3.1/thumb/v7e-m/fpv4-sp/hard/crtn.o
OUTPUT(LCDF4Eclipse.elf elf32-littlearm)

.debug_info     0x00000000     0x8941
 .debug_info    0x00000000      0xa65 Drivers/STM32F4xx_HAL_Driver/Src/stm32f4xx_hal.o
 .debug_info    0x00000a65      0xfc2 Drivers/STM32F4xx_HAL_Driver/Src/stm32f4xx_hal_cortex.o
 .debug_info    0x00001a27      0x7dc Drivers/STM32F4xx_HAL_Driver/Src/stm32f4xx_hal_gpio.o
 .debug_info    0x00002203      0xaae Drivers/STM32F4xx_HAL_Driver/Src/stm32f4xx_hal_rcc.o
 .debug_info    0x00002cb1     0x1bfb Drivers/STM32F4xx_HAL_Driver/Src/stm32f4xx_hal_spi.o
 .debug_info    0x000048ac     0x193e Src/LCDLib.o
 .debug_info    0x000061ea      0x5c7 Src/gpio.o
 .debug_info    0x000067b1      0xbdd Src/main.o
 .debug_info    0x0000738e      0xa5c Src/spi.o
 .debug_info    0x00007dea      0x39f Src/stm32f4xx_hal_msp.o
 .debug_info    0x00008189      0x223 Src/stm32f4xx_it.o
 .debug_info    0x000083ac      0x573 Src/system_stm32f4xx.o
 .debug_info    0x0000891f       0x22 startup/startup_stm32f429xx.o

.debug_abbrev   0x00000000     0x1684
 .debug_abbrev  0x00000000      0x1ed Drivers/STM32F4xx_HAL_Driver/Src/stm32f4xx_hal.o
 .debug_abbrev  0x000001ed      0x328 Drivers/STM32F4xx_HAL_Driver/Src/stm32f4xx_hal_cortex.o
 .debug_abbrev  0x00000515      0x1e7 Drivers/STM32F4xx_HAL_Driver/Src/stm32f4xx_hal_gpio.o
 .debug_abbrev  0x000006fc      0x273 Drivers/STM32F4xx_HAL_Driver/Src/stm32f4xx_hal_rcc.o
 .debug_abbrev  0x0000096f      0x249 Drivers/STM32F4xx_HAL_Driver/Src/stm32f4xx_hal_spi.o
 .debug_abbrev  0x00000bb8      0x262 Src/LCDLib.o
 .debug_abbrev  0x00000e1a      0x162 Src/gpio.o
 .debug_abbrev  0x00000f7c      0x1f4 Src/main.o
 .debug_abbrev  0x00001170      0x1c9 Src/spi.o
 .debug_abbrev  0x00001339      0x12a Src/stm32f4xx_hal_msp.o
 .debug_abbrev  0x00001463       0xe4 Src/stm32f4xx_it.o
 .debug_abbrev  0x00001547      0x12b Src/system_stm32f4xx.o
 .debug_abbrev  0x00001672       0x12 startup/startup_stm32f429xx.o

.debug_loc      0x00000000     0x2fa4
 .debug_loc     0x00000000      0x11b Drivers/STM32F4xx_HAL_Driver/Src/stm32f4xx_hal.o
 .debug_loc     0x0000011b      0x5ce Drivers/STM32F4xx_HAL_Driver/Src/stm32f4xx_hal_cortex.o
 .debug_loc     0x000006e9      0x476 Drivers/STM32F4xx_HAL_Driver/Src/stm32f4xx_hal_gpio.o
 .debug_loc     0x00000b5f      0x40f Drivers/STM32F4xx_HAL_Driver/Src/stm32f4xx_hal_rcc.o
 .debug_loc     0x00000f6e     0x19fe Drivers/STM32F4xx_HAL_Driver/Src/stm32f4xx_hal_spi.o
 .debug_loc     0x0000296c      0x486 Src/LCDLib.o
 .debug_loc     0x00002df2       0x74 Src/spi.o
 .debug_loc     0x00002e66      0x13e Src/system_stm32f4xx.o

.debug_aranges  0x00000000      0x640
 .debug_aranges
                0x00000000      0x100 Drivers/STM32F4xx_HAL_Driver/Src/stm32f4xx_hal.o
 .debug_aranges
                0x00000100       0xa8 Drivers/STM32F4xx_HAL_Driver/Src/stm32f4xx_hal_cortex.o
 .debug_aranges
                0x000001a8       0x58 Drivers/STM32F4xx_HAL_Driver/Src/stm32f4xx_hal_gpio.o
 .debug_aranges
                0x00000200       0x88 Drivers/STM32F4xx_HAL_Driver/Src/stm32f4xx_hal_rcc.o
 .debug_aranges
                0x00000288      0x1d0 Drivers/STM32F4xx_HAL_Driver/Src/stm32f4xx_hal_spi.o
 .debug_aranges
                0x00000458       0x98 Src/LCDLib.o
 .debug_aranges
                0x000004f0       0x20 Src/gpio.o
 .debug_aranges
                0x00000510       0x30 Src/main.o
 .debug_aranges
                0x00000540       0x30 Src/spi.o
 .debug_aranges
                0x00000570       0x20 Src/stm32f4xx_hal_msp.o
 .debug_aranges
                0x00000590       0x60 Src/stm32f4xx_it.o
 .debug_aranges
                0x000005f0       0x28 Src/system_stm32f4xx.o
 .debug_aranges
                0x00000618       0x28 startup/startup_stm32f429xx.o

.debug_ranges   0x00000000      0x5f0
 .debug_ranges  0x00000000       0xf0 Drivers/STM32F4xx_HAL_Driver/Src/stm32f4xx_hal.o
 .debug_ranges  0x000000f0       0xf8 Drivers/STM32F4xx_HAL_Driver/Src/stm32f4xx_hal_cortex.o
 .debug_ranges  0x000001e8       0x48 Drivers/STM32F4xx_HAL_Driver/Src/stm32f4xx_hal_gpio.o
 .debug_ranges  0x00000230       0x90 Drivers/STM32F4xx_HAL_Driver/Src/stm32f4xx_hal_rcc.o
 .debug_ranges  0x000002c0      0x1c0 Drivers/STM32F4xx_HAL_Driver/Src/stm32f4xx_hal_spi.o
 .debug_ranges  0x00000480       0x88 Src/LCDLib.o
 .debug_ranges  0x00000508       0x10 Src/gpio.o
 .debug_ranges  0x00000518       0x20 Src/main.o
 .debug_ranges  0x00000538       0x20 Src/spi.o
 .debug_ranges  0x00000558       0x10 Src/stm32f4xx_hal_msp.o
 .debug_ranges  0x00000568       0x50 Src/stm32f4xx_it.o
 .debug_ranges  0x000005b8       0x18 Src/system_stm32f4xx.o
 .debug_ranges  0x000005d0       0x20 startup/startup_stm32f429xx.o

.debug_macro    0x00000000    0x21e9b
 .debug_macro   0x00000000      0x210 Drivers/STM32F4xx_HAL_Driver/Src/stm32f4xx_hal.o
 .debug_macro   0x00000210      0xa60 Drivers/STM32F4xx_HAL_Driver/Src/stm32f4xx_hal.o
 .debug_macro   0x00000c70      0x17e Drivers/STM32F4xx_HAL_Driver/Src/stm32f4xx_hal.o
 .debug_macro   0x00000dee       0x32 Drivers/STM32F4xx_HAL_Driver/Src/stm32f4xx_hal.o
 .debug_macro   0x00000e20       0x28 Drivers/STM32F4xx_HAL_Driver/Src/stm32f4xx_hal.o
 .debug_macro   0x00000e48       0x22 Drivers/STM32F4xx_HAL_Driver/Src/stm32f4xx_hal.o
 .debug_macro   0x00000e6a       0x8e Drivers/STM32F4xx_HAL_Driver/Src/stm32f4xx_hal.o
 .debug_macro   0x00000ef8       0x51 Drivers/STM32F4xx_HAL_Driver/Src/stm32f4xx_hal.o
 .debug_macro   0x00000f49       0xef Drivers/STM32F4xx_HAL_Driver/Src/stm32f4xx_hal.o
 .debug_macro   0x00001038       0x6a Drivers/STM32F4xx_HAL_Driver/Src/stm32f4xx_hal.o
 .debug_macro   0x000010a2      0x1df Drivers/STM32F4xx_HAL_Driver/Src/stm32f4xx_hal.o
 .debug_macro   0x00001281       0x1c Drivers/STM32F4xx_HAL_Driver/Src/stm32f4xx_hal.o
 .debug_macro   0x0000129d       0x22 Drivers/STM32F4xx_HAL_Driver/Src/stm32f4xx_hal.o
 .debug_macro   0x000012bf       0xdf Drivers/STM32F4xx_HAL_Driver/Src/stm32f4xx_hal.o
 .debug_macro   0x0000139e     0x102d Drivers/STM32F4xx_HAL_Driver/Src/stm32f4xx_hal.o
 .debug_macro   0x000023cb      0x11f Drivers/STM32F4xx_HAL_Driver/Src/stm32f4xx_hal.o
 .debug_macro   0x000024ea    0x17f79 Drivers/STM32F4xx_HAL_Driver/Src/stm32f4xx_hal.o
 .debug_macro   0x0001a463       0x43 Drivers/STM32F4xx_HAL_Driver/Src/stm32f4xx_hal.o
 .debug_macro   0x0001a4a6     0x36c2 Drivers/STM32F4xx_HAL_Driver/Src/stm32f4xx_hal.o
 .debug_macro   0x0001db68      0x174 Drivers/STM32F4xx_HAL_Driver/Src/stm32f4xx_hal.o
 .debug_macro   0x0001dcdc       0x4e Drivers/STM32F4xx_HAL_Driver/Src/stm32f4xx_hal.o
 .debug_macro   0x0001dd2a      0xca5 Drivers/STM32F4xx_HAL_Driver/Src/stm32f4xx_hal.o
 .debug_macro   0x0001e9cf      0x9fe Drivers/STM32F4xx_HAL_Driver/Src/stm32f4xx_hal.o
 .debug_macro   0x0001f3cd      0x182 Drivers/STM32F4xx_HAL_Driver/Src/stm32f4xx_hal.o
 .debug_macro   0x0001f54f      0x117 Drivers/STM32F4xx_HAL_Driver/Src/stm32f4xx_hal.o
 .debug_macro   0x0001f666      0x157 Drivers/STM32F4xx_HAL_Driver/Src/stm32f4xx_hal.o
 .debug_macro   0x0001f7bd       0x27 Drivers/STM32F4xx_HAL_Driver/Src/stm32f4xx_hal.o
 .debug_macro   0x0001f7e4      0x287 Drivers/STM32F4xx_HAL_Driver/Src/stm32f4xx_hal.o
 .debug_macro   0x0001fa6b       0x5f Drivers/STM32F4xx_HAL_Driver/Src/stm32f4xx_hal.o
 .debug_macro   0x0001faca      0x236 Drivers/STM32F4xx_HAL_Driver/Src/stm32f4xx_hal.o
 .debug_macro   0x0001fd00      0x132 Drivers/STM32F4xx_HAL_Driver/Src/stm32f4xx_hal.o
 .debug_macro   0x0001fe32      0x41d Drivers/STM32F4xx_HAL_Driver/Src/stm32f4xx_hal.o
 .debug_macro   0x0002024f       0x2e Drivers/STM32F4xx_HAL_Driver/Src/stm32f4xx_hal.o
 .debug_macro   0x0002027d      0x11a Drivers/STM32F4xx_HAL_Driver/Src/stm32f4xx_hal.o
 .debug_macro   0x00020397       0xe2 Drivers/STM32F4xx_HAL_Driver/Src/stm32f4xx_hal.o
 .debug_macro   0x00020479       0x89 Drivers/STM32F4xx_HAL_Driver/Src/stm32f4xx_hal.o
 .debug_macro   0x00020502      0x134 Drivers/STM32F4xx_HAL_Driver/Src/stm32f4xx_hal.o
 .debug_macro   0x00020636      0x1b0 Drivers/STM32F4xx_HAL_Driver/Src/stm32f4xx_hal_cortex.o
 .debug_macro   0x000207e6      0x1e6 Drivers/STM32F4xx_HAL_Driver/Src/stm32f4xx_hal_gpio.o
 .debug_macro   0x000209cc      0x1d4 Drivers/STM32F4xx_HAL_Driver/Src/stm32f4xx_hal_rcc.o
 .debug_macro   0x00020ba0      0x1c9 Drivers/STM32F4xx_HAL_Driver/Src/stm32f4xx_hal_spi.o
 .debug_macro   0x00020d69      0x184 Drivers/STM32F4xx_HAL_Driver/Src/stm32f4xx_hal_spi.o
 .debug_macro   0x00020eed      0x225 Drivers/STM32F4xx_HAL_Driver/Src/stm32f4xx_hal_spi.o
 .debug_macro   0x00021112      0x1e7 Src/LCDLib.o
 .debug_macro   0x000212f9      0x1ce Src/gpio.o
 .debug_macro   0x000214c7      0x1ee Src/main.o
 .debug_macro   0x000216b5       0xd0 Src/main.o
 .debug_macro   0x00021785      0x1ce Src/spi.o
 .debug_macro   0x00021953      0x1c4 Src/stm32f4xx_hal_msp.o
 .debug_macro   0x00021b17      0x1ce Src/stm32f4xx_it.o
 .debug_macro   0x00021ce5      0x1b6 Src/system_stm32f4xx.o

.debug_line     0x00000000     0x68a7
 .debug_line    0x00000000      0x84c Drivers/STM32F4xx_HAL_Driver/Src/stm32f4xx_hal.o
 .debug_line    0x0000084c      0x87a Drivers/STM32F4xx_HAL_Driver/Src/stm32f4xx_hal_cortex.o
 .debug_line    0x000010c6      0x7c6 Drivers/STM32F4xx_HAL_Driver/Src/stm32f4xx_hal_gpio.o
 .debug_line    0x0000188c      0x8bb Drivers/STM32F4xx_HAL_Driver/Src/stm32f4xx_hal_rcc.o
 .debug_line    0x00002147     0x1191 Drivers/STM32F4xx_HAL_Driver/Src/stm32f4xx_hal_spi.o
 .debug_line    0x000032d8      0x95d Src/LCDLib.o
 .debug_line    0x00003c35      0x757 Src/gpio.o
 .debug_line    0x0000438c      0x7b8 Src/main.o
 .debug_line    0x00004b44      0x783 Src/spi.o
 .debug_line    0x000052c7      0x746 Src/stm32f4xx_hal_msp.o
 .debug_line    0x00005a0d      0x7d5 Src/stm32f4xx_it.o
 .debug_line    0x000061e2      0x646 Src/system_stm32f4xx.o
 .debug_line    0x00006828       0x7f startup/startup_stm32f429xx.o

.debug_str      0x00000000    0xcc33d
 .debug_str     0x00000000    0xc93db Drivers/STM32F4xx_HAL_Driver/Src/stm32f4xx_hal.o
                              0xc9747 (size before relaxing)
 .debug_str     0x000c93db      0x3a8 Drivers/STM32F4xx_HAL_Driver/Src/stm32f4xx_hal_cortex.o
                              0xc94a3 (size before relaxing)
 .debug_str     0x000c9783      0x292 Drivers/STM32F4xx_HAL_Driver/Src/stm32f4xx_hal_gpio.o
                              0xc8dd5 (size before relaxing)
 .debug_str     0x000c9a15      0x38f Drivers/STM32F4xx_HAL_Driver/Src/stm32f4xx_hal_rcc.o
                              0xc8faa (size before relaxing)
 .debug_str     0x000c9da4     0x1f0d Drivers/STM32F4xx_HAL_Driver/Src/stm32f4xx_hal_spi.o
                              0xca98c (size before relaxing)
 .debug_str     0x000cbcb1      0x493 Src/LCDLib.o
                              0xca894 (size before relaxing)
 .debug_str     0x000cc144        0xe Src/gpio.o
                              0xca124 (size before relaxing)
 .debug_str     0x000cc152       0x78 Src/main.o
                              0xca959 (size before relaxing)
 .debug_str     0x000cc1ca       0x17 Src/spi.o
                              0xca59a (size before relaxing)
 .debug_str     0x000cc1e1       0x1b Src/stm32f4xx_hal_msp.o
                              0xca086 (size before relaxing)
 .debug_str     0x000cc1fc       0xb8 Src/stm32f4xx_it.o
                              0xc9ff0 (size before relaxing)
 .debug_str     0x000cc2b4       0x5a Src/system_stm32f4xx.o
                              0xc8b91 (size before relaxing)
 .debug_str     0x000cc30e       0x2f startup/startup_stm32f429xx.o
                                 0x4f (size before relaxing)

.comment        0x00000000       0x7f
 .comment       0x00000000       0x7f Drivers/STM32F4xx_HAL_Driver/Src/stm32f4xx_hal.o
                                 0x80 (size before relaxing)
 .comment       0x0000007f       0x80 Drivers/STM32F4xx_HAL_Driver/Src/stm32f4xx_hal_cortex.o
 .comment       0x0000007f       0x80 Drivers/STM32F4xx_HAL_Driver/Src/stm32f4xx_hal_gpio.o
 .comment       0x0000007f       0x80 Drivers/STM32F4xx_HAL_Driver/Src/stm32f4xx_hal_rcc.o
 .comment       0x0000007f       0x80 Drivers/STM32F4xx_HAL_Driver/Src/stm32f4xx_hal_spi.o
 .comment       0x0000007f       0x80 Src/LCDLib.o
 .comment       0x0000007f       0x80 Src/gpio.o
 .comment       0x0000007f       0x80 Src/main.o
 .comment       0x0000007f       0x80 Src/spi.o
 .comment       0x0000007f       0x80 Src/stm32f4xx_hal_msp.o
 .comment       0x0000007f       0x80 Src/stm32f4xx_it.o
 .comment       0x0000007f       0x80 Src/system_stm32f4xx.o

.debug_frame    0x00000000      0xfd0
 .debug_frame   0x00000000      0x20c Drivers/STM32F4xx_HAL_Driver/Src/stm32f4xx_hal.o
 .debug_frame   0x0000020c      0x15c Drivers/STM32F4xx_HAL_Driver/Src/stm32f4xx_hal_cortex.o
 .debug_frame   0x00000368       0xd8 Drivers/STM32F4xx_HAL_Driver/Src/stm32f4xx_hal_gpio.o
 .debug_frame   0x00000440      0x184 Drivers/STM32F4xx_HAL_Driver/Src/stm32f4xx_hal_rcc.o
 .debug_frame   0x000005c4      0x594 Drivers/STM32F4xx_HAL_Driver/Src/stm32f4xx_hal_spi.o
 .debug_frame   0x00000b58      0x1d8 Src/LCDLib.o
 .debug_frame   0x00000d30       0x38 Src/gpio.o
 .debug_frame   0x00000d68       0x58 Src/main.o
 .debug_frame   0x00000dc0       0x60 Src/spi.o
 .debug_frame   0x00000e20       0x2c Src/stm32f4xx_hal_msp.o
 .debug_frame   0x00000e4c       0xa8 Src/stm32f4xx_it.o
 .debug_frame   0x00000ef4       0x30 Src/system_stm32f4xx.o
 .debug_frame   0x00000f24       0x2c c:/ac6/systemworkbench/plugins/fr.ac6.mcu.externaltools.arm-none.win32_1.17.0.201812190825/tools/compiler/bin/../lib/gcc/arm-none-eabi/7.3.1/thumb/v7e-m/fpv4-sp/hard\libgcc.a(_aeabi_uldivmod.o)
 .debug_frame   0x00000f50       0x34 c:/ac6/systemworkbench/plugins/fr.ac6.mcu.externaltools.arm-none.win32_1.17.0.201812190825/tools/compiler/bin/../lib/gcc/arm-none-eabi/7.3.1/thumb/v7e-m/fpv4-sp/hard\libgcc.a(_udivmoddi4.o)
 .debug_frame   0x00000f84       0x2c c:/ac6/systemworkbench/plugins/fr.ac6.mcu.externaltools.arm-none.win32_1.17.0.201812190825/tools/compiler/bin/../lib/gcc/arm-none-eabi/7.3.1/../../../../arm-none-eabi/lib/thumb/v7e-m/fpv4-sp/hard\libc_nano.a(lib_a-init.o)
 .debug_frame   0x00000fb0       0x20 c:/ac6/systemworkbench/plugins/fr.ac6.mcu.externaltools.arm-none.win32_1.17.0.201812190825/tools/compiler/bin/../lib/gcc/arm-none-eabi/7.3.1/../../../../arm-none-eabi/lib/thumb/v7e-m/fpv4-sp/hard\libc_nano.a(lib_a-memset.o)
