Component: ARM Compiler 5.06 update 6 (build 750) Tool: armlink [4d35ed]

==============================================================================

Section Cross References

    startup_stm32f429xx.o(RESET) refers to startup_stm32f429xx.o(STACK) for __initial_sp
    startup_stm32f429xx.o(RESET) refers to startup_stm32f429xx.o(.text) for Reset_Handler
    startup_stm32f429xx.o(RESET) refers to stm32f4xx_it.o(i.NMI_Handler) for NMI_Handler
    startup_stm32f429xx.o(RESET) refers to stm32f4xx_it.o(i.HardFault_Handler) for HardFault_Handler
    startup_stm32f429xx.o(RESET) refers to stm32f4xx_it.o(i.MemManage_Handler) for MemManage_Handler
    startup_stm32f429xx.o(RESET) refers to stm32f4xx_it.o(i.BusFault_Handler) for BusFault_Handler
    startup_stm32f429xx.o(RESET) refers to stm32f4xx_it.o(i.UsageFault_Handler) for UsageFault_Handler
    startup_stm32f429xx.o(RESET) refers to stm32f4xx_it.o(i.SVC_Handler) for SVC_Handler
    startup_stm32f429xx.o(RESET) refers to stm32f4xx_it.o(i.DebugMon_Handler) for DebugMon_Handler
    startup_stm32f429xx.o(RESET) refers to stm32f4xx_it.o(i.PendSV_Handler) for PendSV_Handler
    startup_stm32f429xx.o(RESET) refers to stm32f4xx_it.o(i.SysTick_Handler) for SysTick_Handler
    startup_stm32f429xx.o(.text) refers to system_stm32f4xx.o(i.SystemInit) for SystemInit
    startup_stm32f429xx.o(.text) refers to entry.o(.ARM.Collect$$$$00000000) for __main
    main.o(i.SystemClock_Config) refers to memseta.o(.text) for __aeabi_memclr4
    main.o(i.SystemClock_Config) refers to stm32f4xx_hal_rcc.o(i.HAL_RCC_OscConfig) for HAL_RCC_OscConfig
    main.o(i.SystemClock_Config) refers to stm32f4xx_hal_rcc.o(i.HAL_RCC_ClockConfig) for HAL_RCC_ClockConfig
    main.o(i.main) refers to stm32f4xx_hal.o(i.HAL_Init) for HAL_Init
    main.o(i.main) refers to main.o(i.SystemClock_Config) for SystemClock_Config
    main.o(i.main) refers to gpio.o(i.MX_GPIO_Init) for MX_GPIO_Init
    main.o(i.main) refers to spi.o(i.MX_SPI5_Init) for MX_SPI5_Init
    main.o(i.main) refers to lcdlib.o(i.ILI9341_Init) for ILI9341_Init
    main.o(i.main) refers to lcdlib.o(i.ILI9341_Fill_Screen) for ILI9341_Fill_Screen
    main.o(i.main) refers to lcdlib.o(i.ILI9341_Draw_Rectangle) for ILI9341_Draw_Rectangle
    main.o(i.main) refers to stm32f4xx_hal.o(i.HAL_Delay) for HAL_Delay
    gpio.o(i.MX_GPIO_Init) refers to memseta.o(.text) for __aeabi_memclr4
    gpio.o(i.MX_GPIO_Init) refers to stm32f4xx_hal_gpio.o(i.HAL_GPIO_WritePin) for HAL_GPIO_WritePin
    gpio.o(i.MX_GPIO_Init) refers to stm32f4xx_hal_gpio.o(i.HAL_GPIO_Init) for HAL_GPIO_Init
    spi.o(i.HAL_SPI_MspDeInit) refers to stm32f4xx_hal_gpio.o(i.HAL_GPIO_DeInit) for HAL_GPIO_DeInit
    spi.o(i.HAL_SPI_MspInit) refers to memseta.o(.text) for __aeabi_memclr4
    spi.o(i.HAL_SPI_MspInit) refers to stm32f4xx_hal_gpio.o(i.HAL_GPIO_Init) for HAL_GPIO_Init
    spi.o(i.MX_SPI5_Init) refers to stm32f4xx_hal_spi.o(i.HAL_SPI_Init) for HAL_SPI_Init
    spi.o(i.MX_SPI5_Init) refers to main.o(i.Error_Handler) for Error_Handler
    spi.o(i.MX_SPI5_Init) refers to spi.o(.bss) for .bss
    stm32f4xx_it.o(i.SysTick_Handler) refers to stm32f4xx_hal.o(i.HAL_IncTick) for HAL_IncTick
    stm32f4xx_hal_msp.o(i.HAL_MspInit) refers to stm32f4xx_hal_cortex.o(i.HAL_NVIC_SetPriorityGrouping) for HAL_NVIC_SetPriorityGrouping
    lcdlib.o(i.ILI9341_Draw_Colour) refers to stm32f4xx_hal_gpio.o(i.HAL_GPIO_WritePin) for HAL_GPIO_WritePin
    lcdlib.o(i.ILI9341_Draw_Colour) refers to stm32f4xx_hal_spi.o(i.HAL_SPI_Transmit) for HAL_SPI_Transmit
    lcdlib.o(i.ILI9341_Draw_Colour) refers to spi.o(.bss) for hspi5
    lcdlib.o(i.ILI9341_Draw_Colour_Burst) refers to stm32f4xx_hal_gpio.o(i.HAL_GPIO_WritePin) for HAL_GPIO_WritePin
    lcdlib.o(i.ILI9341_Draw_Colour_Burst) refers to malloc.o(i.malloc) for malloc
    lcdlib.o(i.ILI9341_Draw_Colour_Burst) refers to stm32f4xx_hal_spi.o(i.HAL_SPI_Transmit) for HAL_SPI_Transmit
    lcdlib.o(i.ILI9341_Draw_Colour_Burst) refers to malloc.o(i.free) for free
    lcdlib.o(i.ILI9341_Draw_Colour_Burst) refers to spi.o(.bss) for hspi5
    lcdlib.o(i.ILI9341_Draw_Horizontal_Line) refers to lcdlib.o(i.ILI9341_Set_Address) for ILI9341_Set_Address
    lcdlib.o(i.ILI9341_Draw_Horizontal_Line) refers to lcdlib.o(i.ILI9341_Draw_Colour_Burst) for ILI9341_Draw_Colour_Burst
    lcdlib.o(i.ILI9341_Draw_Horizontal_Line) refers to lcdlib.o(.data) for .data
    lcdlib.o(i.ILI9341_Draw_Pixel) refers to stm32f4xx_hal_gpio.o(i.HAL_GPIO_WritePin) for HAL_GPIO_WritePin
    lcdlib.o(i.ILI9341_Draw_Pixel) refers to lcdlib.o(i.ILI9341_SPI_Send) for ILI9341_SPI_Send
    lcdlib.o(i.ILI9341_Draw_Pixel) refers to stm32f4xx_hal_spi.o(i.HAL_SPI_Transmit) for HAL_SPI_Transmit
    lcdlib.o(i.ILI9341_Draw_Pixel) refers to lcdlib.o(.data) for .data
    lcdlib.o(i.ILI9341_Draw_Pixel) refers to spi.o(.bss) for hspi5
    lcdlib.o(i.ILI9341_Draw_Rectangle) refers to lcdlib.o(i.ILI9341_Set_Address) for ILI9341_Set_Address
[...]
    stm32f4xx_hal_spi.o(i.HAL_SPI_Receive_DMA) refers to stm32f4xx_hal_dma.o(i.HAL_DMA_Start_IT) for HAL_DMA_Start_IT
    stm32f4xx_hal_spi.o(i.HAL_SPI_Receive_DMA) refers to stm32f4xx_hal_spi.o(i.SPI_DMAHalfReceiveCplt) for SPI_DMAHalfReceiveCplt
    stm32f4xx_hal_spi.o(i.HAL_SPI_Receive_DMA) refers to stm32f4xx_hal_spi.o(i.SPI_DMAReceiveCplt) for SPI_DMAReceiveCplt
    stm32f4xx_hal_spi.o(i.HAL_SPI_Receive_DMA) refers to stm32f4xx_hal_spi.o(i.SPI_DMAError) for SPI_DMAError
    stm32f4xx_hal_spi.o(i.HAL_SPI_Receive_IT) refers to stm32f4xx_hal_spi.o(i.HAL_SPI_TransmitReceive_IT) for HAL_SPI_TransmitReceive_IT
    stm32f4xx_hal_spi.o(i.HAL_SPI_Receive_IT) refers to stm32f4xx_hal_spi.o(i.SPI_RxISR_16BIT) for SPI_RxISR_16BIT
    stm32f4xx_hal_spi.o(i.HAL_SPI_Receive_IT) refers to stm32f4xx_hal_spi.o(i.SPI_RxISR_8BIT) for SPI_RxISR_8BIT
    stm32f4xx_hal_spi.o(i.HAL_SPI_Transmit) refers to stm32f4xx_hal.o(i.HAL_GetTick) for HAL_GetTick
    stm32f4xx_hal_spi.o(i.HAL_SPI_Transmit) refers to stm32f4xx_hal_spi.o(i.SPI_EndRxTxTransaction) for SPI_EndRxTxTransaction
    stm32f4xx_hal_spi.o(i.HAL_SPI_TransmitReceive) refers to stm32f4xx_hal.o(i.HAL_GetTick) for HAL_GetTick
    stm32f4xx_hal_spi.o(i.HAL_SPI_TransmitReceive) refers to stm32f4xx_hal_spi.o(i.SPI_EndRxTxTransaction) for SPI_EndRxTxTransaction
    stm32f4xx_hal_spi.o(i.HAL_SPI_TransmitReceive_DMA) refers to stm32f4xx_hal_dma.o(i.HAL_DMA_Start_IT) for HAL_DMA_Start_IT
    stm32f4xx_hal_spi.o(i.HAL_SPI_TransmitReceive_DMA) refers to stm32f4xx_hal_spi.o(i.SPI_DMAHalfTransmitReceiveCplt) for SPI_DMAHalfTransmitReceiveCplt
    stm32f4xx_hal_spi.o(i.HAL_SPI_TransmitReceive_DMA) refers to stm32f4xx_hal_spi.o(i.SPI_DMATransmitReceiveCplt) for SPI_DMATransmitReceiveCplt
    stm32f4xx_hal_spi.o(i.HAL_SPI_TransmitReceive_DMA) refers to stm32f4xx_hal_spi.o(i.SPI_DMAError) for SPI_DMAError
    stm32f4xx_hal_spi.o(i.HAL_SPI_TransmitReceive_DMA) refers to stm32f4xx_hal_spi.o(i.SPI_DMAHalfReceiveCplt) for SPI_DMAHalfReceiveCplt
    stm32f4xx_hal_spi.o(i.HAL_SPI_TransmitReceive_DMA) refers to stm32f4xx_hal_spi.o(i.SPI_DMAReceiveCplt) for SPI_DMAReceiveCplt
    stm32f4xx_hal_spi.o(i.HAL_SPI_TransmitReceive_IT) refers to stm32f4xx_hal_spi.o(i.SPI_2linesRxISR_16BIT) for SPI_2linesRxISR_16BIT
    stm32f4xx_hal_spi.o(i.HAL_SPI_TransmitReceive_IT) refers to stm32f4xx_hal_spi.o(i.SPI_2linesTxISR_16BIT) for SPI_2linesTxISR_16BIT
    stm32f4xx_hal_spi.o(i.HAL_SPI_TransmitReceive_IT) refers to stm32f4xx_hal_spi.o(i.SPI_2linesRxISR_8BIT) for SPI_2linesRxISR_8BIT
    stm32f4xx_hal_spi.o(i.HAL_SPI_TransmitReceive_IT) refers to stm32f4xx_hal_spi.o(i.SPI_2linesTxISR_8BIT) for SPI_2linesTxISR_8BIT
    stm32f4xx_hal_spi.o(i.HAL_SPI_Transmit_DMA) refers to stm32f4xx_hal_dma.o(i.HAL_DMA_Start_IT) for HAL_DMA_Start_IT
    stm32f4xx_hal_spi.o(i.HAL_SPI_Transmit_DMA) refers to stm32f4xx_hal_spi.o(i.SPI_DMAHalfTransmitCplt) for SPI_DMAHalfTransmitCplt
    stm32f4xx_hal_spi.o(i.HAL_SPI_Transmit_DMA) refers to stm32f4xx_hal_spi.o(i.SPI_DMATransmitCplt) for SPI_DMATransmitCplt
    stm32f4xx_hal_spi.o(i.HAL_SPI_Transmit_DMA) refers to stm32f4xx_hal_spi.o(i.SPI_DMAError) for SPI_DMAError
    stm32f4xx_hal_spi.o(i.HAL_SPI_Transmit_IT) refers to stm32f4xx_hal_spi.o(i.SPI_TxISR_16BIT) for SPI_TxISR_16BIT
    stm32f4xx_hal_spi.o(i.HAL_SPI_Transmit_IT) refers to stm32f4xx_hal_spi.o(i.SPI_TxISR_8BIT) for SPI_TxISR_8BIT
    stm32f4xx_hal_spi.o(i.SPI_2linesRxISR_16BIT) refers to stm32f4xx_hal_spi.o(i.SPI_CloseRxTx_ISR) for SPI_CloseRxTx_ISR
    stm32f4xx_hal_spi.o(i.SPI_2linesRxISR_8BIT) refers to stm32f4xx_hal_spi.o(i.SPI_CloseRxTx_ISR) for SPI_CloseRxTx_ISR
    stm32f4xx_hal_spi.o(i.SPI_2linesTxISR_16BIT) refers to stm32f4xx_hal_spi.o(i.SPI_CloseRxTx_ISR) for SPI_CloseRxTx_ISR
    stm32f4xx_hal_spi.o(i.SPI_2linesTxISR_8BIT) refers to stm32f4xx_hal_spi.o(i.SPI_CloseRxTx_ISR) for SPI_CloseRxTx_ISR
    stm32f4xx_hal_spi.o(i.SPI_AbortRx_ISR) refers to system_stm32f4xx.o(.data) for SystemCoreClock
    stm32f4xx_hal_spi.o(i.SPI_CloseRxTx_ISR) refers to stm32f4xx_hal.o(i.HAL_GetTick) for HAL_GetTick
    stm32f4xx_hal_spi.o(i.SPI_CloseRxTx_ISR) refers to stm32f4xx_hal_spi.o(i.SPI_EndRxTxTransaction) for SPI_EndRxTxTransaction
    stm32f4xx_hal_spi.o(i.SPI_CloseRxTx_ISR) refers to stm32f4xx_hal_spi.o(i.HAL_SPI_ErrorCallback) for HAL_SPI_ErrorCallback
    stm32f4xx_hal_spi.o(i.SPI_CloseRxTx_ISR) refers to stm32f4xx_hal_spi.o(i.HAL_SPI_TxRxCpltCallback) for HAL_SPI_TxRxCpltCallback
    stm32f4xx_hal_spi.o(i.SPI_CloseRxTx_ISR) refers to stm32f4xx_hal_spi.o(i.HAL_SPI_RxCpltCallback) for HAL_SPI_RxCpltCallback
    stm32f4xx_hal_spi.o(i.SPI_CloseRxTx_ISR) refers to system_stm32f4xx.o(.data) for SystemCoreClock
    stm32f4xx_hal_spi.o(i.SPI_CloseRx_ISR) refers to stm32f4xx_hal.o(i.HAL_GetTick) for HAL_GetTick
    stm32f4xx_hal_spi.o(i.SPI_CloseRx_ISR) refers to stm32f4xx_hal_spi.o(i.SPI_EndRxTransaction) for SPI_EndRxTransaction
    stm32f4xx_hal_spi.o(i.SPI_CloseRx_ISR) refers to stm32f4xx_hal_spi.o(i.HAL_SPI_ErrorCallback) for HAL_SPI_ErrorCallback
    stm32f4xx_hal_spi.o(i.SPI_CloseRx_ISR) refers to stm32f4xx_hal_spi.o(i.HAL_SPI_RxCpltCallback) for HAL_SPI_RxCpltCallback
    stm32f4xx_hal_spi.o(i.SPI_CloseTx_ISR) refers to stm32f4xx_hal.o(i.HAL_GetTick) for HAL_GetTick
    stm32f4xx_hal_spi.o(i.SPI_CloseTx_ISR) refers to stm32f4xx_hal_spi.o(i.SPI_EndRxTxTransaction) for SPI_EndRxTxTransaction
    stm32f4xx_hal_spi.o(i.SPI_CloseTx_ISR) refers to stm32f4xx_hal_spi.o(i.HAL_SPI_ErrorCallback) for HAL_SPI_ErrorCallback
    stm32f4xx_hal_spi.o(i.SPI_CloseTx_ISR) refers to stm32f4xx_hal_spi.o(i.HAL_SPI_TxCpltCallback) for HAL_SPI_TxCpltCallback
    stm32f4xx_hal_spi.o(i.SPI_CloseTx_ISR) refers to system_stm32f4xx.o(.data) for SystemCoreClock
    stm32f4xx_hal_spi.o(i.SPI_DMAAbortOnError) refers to stm32f4xx_hal_spi.o(i.HAL_SPI_ErrorCallback) for HAL_SPI_ErrorCallback
    stm32f4xx_hal_spi.o(i.SPI_DMAError) refers to stm32f4xx_hal_spi.o(i.HAL_SPI_ErrorCallback) for HAL_SPI_ErrorCallback
    stm32f4xx_hal_spi.o(i.SPI_DMAHalfReceiveCplt) refers to stm32f4xx_hal_spi.o(i.HAL_SPI_RxHalfCpltCallback) for HAL_SPI_RxHalfCpltCallback
    stm32f4xx_hal_spi.o(i.SPI_DMAHalfTransmitCplt) refers to stm32f4xx_hal_spi.o(i.HAL_SPI_TxHalfCpltCallback) for HAL_SPI_TxHalfCpltCallback
    stm32f4xx_hal_spi.o(i.SPI_DMAHalfTransmitReceiveCplt) refers to stm32f4xx_hal_spi.o(i.HAL_SPI_TxRxHalfCpltCallback) for HAL_SPI_TxRxHalfCpltCallback
    stm32f4xx_hal_spi.o(i.SPI_DMAReceiveCplt) refers to stm32f4xx_hal.o(i.HAL_GetTick) for HAL_GetTick
    stm32f4xx_hal_spi.o(i.SPI_DMAReceiveCplt) refers to stm32f4xx_hal_spi.o(i.SPI_EndRxTransaction) for SPI_EndRxTransaction
    stm32f4xx_hal_spi.o(i.SPI_DMAReceiveCplt) refers to stm32f4xx_hal_spi.o(i.HAL_SPI_ErrorCallback) for HAL_SPI_ErrorCallback
    stm32f4xx_hal_spi.o(i.SPI_DMAReceiveCplt) refers to stm32f4xx_hal_spi.o(i.HAL_SPI_RxCpltCallback) for HAL_SPI_RxCpltCallback
    stm32f4xx_hal_spi.o(i.SPI_DMARxAbortCallback) refers to stm32f4xx_hal.o(i.HAL_GetTick) for HAL_GetTick
    stm32f4xx_hal_spi.o(i.SPI_DMARxAbortCallback) refers to stm32f4xx_hal_spi.o(i.SPI_EndRxTxTransaction) for SPI_EndRxTxTransaction
    stm32f4xx_hal_spi.o(i.SPI_DMARxAbortCallback) refers to stm32f4xx_hal_spi.o(i.HAL_SPI_AbortCpltCallback) for HAL_SPI_AbortCpltCallback
    stm32f4xx_hal_spi.o(i.SPI_DMATransmitCplt) refers to stm32f4xx_hal.o(i.HAL_GetTick) for HAL_GetTick
    stm32f4xx_hal_spi.o(i.SPI_DMATransmitCplt) refers to stm32f4xx_hal_spi.o(i.SPI_EndRxTxTransaction) for SPI_EndRxTxTransaction
    stm32f4xx_hal_spi.o(i.SPI_DMATransmitCplt) refers to stm32f4xx_hal_spi.o(i.HAL_SPI_ErrorCallback) for HAL_SPI_ErrorCallback
    stm32f4xx_hal_spi.o(i.SPI_DMATransmitCplt) refers to stm32f4xx_hal_spi.o(i.HAL_SPI_TxCpltCallback) for HAL_SPI_TxCpltCallback
    stm32f4xx_hal_spi.o(i.SPI_DMATransmitReceiveCplt) refers to stm32f4xx_hal.o(i.HAL_GetTick) for HAL_GetTick
    stm32f4xx_hal_spi.o(i.SPI_DMATransmitReceiveCplt) refers to stm32f4xx_hal_spi.o(i.SPI_EndRxTxTransaction) for SPI_EndRxTxTransaction
    stm32f4xx_hal_spi.o(i.SPI_DMATransmitReceiveCplt) refers to stm32f4xx_hal_spi.o(i.HAL_SPI_ErrorCallback) for HAL_SPI_ErrorCallback
    stm32f4xx_hal_spi.o(i.SPI_DMATransmitReceiveCplt) refers to stm32f4xx_hal_spi.o(i.HAL_SPI_TxRxCpltCallback) for HAL_SPI_TxRxCpltCallback
    stm32f4xx_hal_spi.o(i.SPI_DMATxAbortCallback) refers to stm32f4xx_hal_spi.o(i.HAL_SPI_AbortCpltCallback) for HAL_SPI_AbortCpltCallback
    stm32f4xx_hal_spi.o(i.SPI_DMATxAbortCallback) refers to system_stm32f4xx.o(.data) for SystemCoreClock
    stm32f4xx_hal_spi.o(i.SPI_EndRxTransaction) refers to stm32f4xx_hal_spi.o(i.SPI_WaitFlagStateUntilTimeout) for SPI_WaitFlagStateUntilTimeout
    stm32f4xx_hal_spi.o(i.SPI_EndRxTxTransaction) refers to stm32f4xx_hal_spi.o(i.SPI_WaitFlagStateUntilTimeout) for SPI_WaitFlagStateUntilTimeout
    stm32f4xx_hal_spi.o(i.SPI_EndRxTxTransaction) refers to system_stm32f4xx.o(.data) for SystemCoreClock
    stm32f4xx_hal_spi.o(i.SPI_RxISR_16BIT) refers to stm32f4xx_hal_spi.o(i.SPI_CloseRx_ISR) for SPI_CloseRx_ISR
    stm32f4xx_hal_spi.o(i.SPI_RxISR_8BIT) refers to stm32f4xx_hal_spi.o(i.SPI_CloseRx_ISR) for SPI_CloseRx_ISR
    stm32f4xx_hal_spi.o(i.SPI_TxISR_16BIT) refers to stm32f4xx_hal_spi.o(i.SPI_CloseTx_ISR) for SPI_CloseTx_ISR
    stm32f4xx_hal_spi.o(i.SPI_TxISR_8BIT) refers to stm32f4xx_hal_spi.o(i.SPI_CloseTx_ISR) for SPI_CloseTx_ISR
    stm32f4xx_hal_spi.o(i.SPI_WaitFlagStateUntilTimeout) refers to stm32f4xx_hal.o(i.HAL_GetTick) for HAL_GetTick
    stm32f4xx_hal_rcc.o(i.HAL_RCC_ClockConfig) refers to stm32f4xx_hal.o(i.HAL_GetTick) for HAL_GetTick
    stm32f4xx_hal_rcc.o(i.HAL_RCC_ClockConfig) refers to stm32f4xx_hal_rcc.o(i.HAL_RCC_GetSysClockFreq) for HAL_RCC_GetSysClockFreq
    stm32f4xx_hal_rcc.o(i.HAL_RCC_ClockConfig) refers to stm32f4xx_hal.o(i.HAL_InitTick) for HAL_InitTick
    stm32f4xx_hal_rcc.o(i.HAL_RCC_ClockConfig) refers to system_stm32f4xx.o(.constdata) for AHBPrescTable
    stm32f4xx_hal_rcc.o(i.HAL_RCC_ClockConfig) refers to system_stm32f4xx.o(.data) for SystemCoreClock
    stm32f4xx_hal_rcc.o(i.HAL_RCC_ClockConfig) refers to stm32f4xx_hal.o(.data) for uwTickPrio
    stm32f4xx_hal_rcc.o(i.HAL_RCC_GetHCLKFreq) refers to system_stm32f4xx.o(.data) for SystemCoreClock
    stm32f4xx_hal_rcc.o(i.HAL_RCC_GetPCLK1Freq) refers to system_stm32f4xx.o(.data) for SystemCoreClock
    stm32f4xx_hal_rcc.o(i.HAL_RCC_GetPCLK1Freq) refers to system_stm32f4xx.o(.constdata) for APBPrescTable
    stm32f4xx_hal_rcc.o(i.HAL_RCC_GetPCLK2Freq) refers to system_stm32f4xx.o(.data) for SystemCoreClock
    stm32f4xx_hal_rcc.o(i.HAL_RCC_GetPCLK2Freq) refers to system_stm32f4xx.o(.constdata) for APBPrescTable
    stm32f4xx_hal_rcc.o(i.HAL_RCC_GetSysClockFreq) refers to uldiv.o(.text) for __aeabi_uldivmod
    stm32f4xx_hal_rcc.o(i.HAL_RCC_MCOConfig) refers to stm32f4xx_hal_gpio.o(i.HAL_GPIO_Init) for HAL_GPIO_Init
    stm32f4xx_hal_rcc.o(i.HAL_RCC_NMI_IRQHandler) refers to stm32f4xx_hal_rcc.o(i.HAL_RCC_CSSCallback) for HAL_RCC_CSSCallback
    stm32f4xx_hal_rcc.o(i.HAL_RCC_OscConfig) refers to stm32f4xx_hal.o(i.HAL_GetTick) for HAL_GetTick
    stm32f4xx_hal_rcc_ex.o(i.HAL_RCCEx_DisablePLLI2S) refers to stm32f4xx_hal.o(i.HAL_GetTick) for HAL_GetTick
    stm32f4xx_hal_rcc_ex.o(i.HAL_RCCEx_DisablePLLSAI) refers to stm32f4xx_hal.o(i.HAL_GetTick) for HAL_GetTick
    stm32f4xx_hal_rcc_ex.o(i.HAL_RCCEx_EnablePLLI2S) refers to stm32f4xx_hal.o(i.HAL_GetTick) for HAL_GetTick
    stm32f4xx_hal_rcc_ex.o(i.HAL_RCCEx_EnablePLLSAI) refers to stm32f4xx_hal.o(i.HAL_GetTick) for HAL_GetTick
    stm32f4xx_hal_rcc_ex.o(i.HAL_RCCEx_PeriphCLKConfig) refers to stm32f4xx_hal.o(i.HAL_GetTick) for HAL_GetTick
    stm32f4xx_hal_rcc_ex.o(i.HAL_RCC_DeInit) refers to stm32f4xx_hal.o(i.HAL_GetTick) for HAL_GetTick
    stm32f4xx_hal_rcc_ex.o(i.HAL_RCC_DeInit) refers to stm32f4xx_hal.o(i.HAL_InitTick) for HAL_InitTick
    stm32f4xx_hal_rcc_ex.o(i.HAL_RCC_DeInit) refers to system_stm32f4xx.o(.data) for SystemCoreClock
    stm32f4xx_hal_rcc_ex.o(i.HAL_RCC_DeInit) refers to stm32f4xx_hal.o(.data) for uwTickPrio
    stm32f4xx_hal_flash.o(i.FLASH_SetErrorCode) refers to stm32f4xx_hal_flash.o(.bss) for .bss
    stm32f4xx_hal_flash.o(i.FLASH_WaitForLastOperation) refers to stm32f4xx_hal.o(i.HAL_GetTick) for HAL_GetTick
    stm32f4xx_hal_flash.o(i.FLASH_WaitForLastOperation) refers to stm32f4xx_hal_flash.o(i.FLASH_SetErrorCode) for FLASH_SetErrorCode
    stm32f4xx_hal_flash.o(i.FLASH_WaitForLastOperation) refers to stm32f4xx_hal_flash.o(.bss) for .bss
    stm32f4xx_hal_flash.o(i.HAL_FLASH_GetError) refers to stm32f4xx_hal_flash.o(.bss) for .bss
    stm32f4xx_hal_flash.o(i.HAL_FLASH_IRQHandler) refers to stm32f4xx_hal_flash.o(i.FLASH_SetErrorCode) for FLASH_SetErrorCode
    stm32f4xx_hal_flash.o(i.HAL_FLASH_IRQHandler) refers to stm32f4xx_hal_flash.o(i.HAL_FLASH_OperationErrorCallback) for HAL_FLASH_OperationErrorCallback
    stm32f4xx_hal_flash.o(i.HAL_FLASH_IRQHandler) refers to stm32f4xx_hal_flash.o(i.HAL_FLASH_EndOfOperationCallback) for HAL_FLASH_EndOfOperationCallback
    stm32f4xx_hal_flash.o(i.HAL_FLASH_IRQHandler) refers to stm32f4xx_hal_flash_ex.o(i.FLASH_Erase_Sector) for FLASH_Erase_Sector
    stm32f4xx_hal_flash.o(i.HAL_FLASH_IRQHandler) refers to stm32f4xx_hal_flash_ex.o(i.FLASH_FlushCaches) for FLASH_FlushCaches
    stm32f4xx_hal_flash.o(i.HAL_FLASH_IRQHandler) refers to stm32f4xx_hal_flash.o(.bss) for .bss
    stm32f4xx_hal_flash.o(i.HAL_FLASH_OB_Launch) refers to stm32f4xx_hal_flash.o(i.FLASH_WaitForLastOperation) for FLASH_WaitForLastOperation
    stm32f4xx_hal_flash.o(i.HAL_FLASH_Program) refers to stm32f4xx_hal_flash.o(i.FLASH_WaitForLastOperation) for FLASH_WaitForLastOperation
    stm32f4xx_hal_flash.o(i.HAL_FLASH_Program) refers to stm32f4xx_hal_flash.o(i.FLASH_Program_DoubleWord) for FLASH_Program_DoubleWord
    stm32f4xx_hal_flash.o(i.HAL_FLASH_Program) refers to stm32f4xx_hal_flash.o(i.FLASH_Program_Byte) for FLASH_Program_Byte
    stm32f4xx_hal_flash.o(i.HAL_FLASH_Program) refers to stm32f4xx_hal_flash.o(i.FLASH_Program_HalfWord) for FLASH_Program_HalfWord
    stm32f4xx_hal_flash.o(i.HAL_FLASH_Program) refers to stm32f4xx_hal_flash.o(i.FLASH_Program_Word) for FLASH_Program_Word
    stm32f4xx_hal_flash.o(i.HAL_FLASH_Program) refers to stm32f4xx_hal_flash.o(.bss) for .bss
    stm32f4xx_hal_flash.o(i.HAL_FLASH_Program_IT) refers to stm32f4xx_hal_flash.o(i.FLASH_Program_DoubleWord) for FLASH_Program_DoubleWord
    stm32f4xx_hal_flash.o(i.HAL_FLASH_Program_IT) refers to stm32f4xx_hal_flash.o(i.FLASH_Program_Byte) for FLASH_Program_Byte
    stm32f4xx_hal_flash.o(i.HAL_FLASH_Program_IT) refers to stm32f4xx_hal_flash.o(i.FLASH_Program_HalfWord) for FLASH_Program_HalfWord
    stm32f4xx_hal_flash.o(i.HAL_FLASH_Program_IT) refers to stm32f4xx_hal_flash.o(i.FLASH_Program_Word) for FLASH_Program_Word
    stm32f4xx_hal_flash.o(i.HAL_FLASH_Program_IT) refers to stm32f4xx_hal_flash.o(.bss) for .bss
    stm32f4xx_hal_flash_ex.o(i.FLASH_OB_DisableWRP) refers to stm32f4xx_hal_flash.o(i.FLASH_WaitForLastOperation) for FLASH_WaitForLastOperation
    stm32f4xx_hal_flash_ex.o(i.FLASH_OB_EnableWRP) refers to stm32f4xx_hal_flash.o(i.FLASH_WaitForLastOperation) for FLASH_WaitForLastOperation
    stm32f4xx_hal_flash_ex.o(i.HAL_FLASHEx_AdvOBProgram) refers to stm32f4xx_hal_flash.o(i.FLASH_WaitForLastOperation) for FLASH_WaitForLastOperation
    stm32f4xx_hal_flash_ex.o(i.HAL_FLASHEx_Erase) refers to stm32f4xx_hal_flash.o(i.FLASH_WaitForLastOperation) for FLASH_WaitForLastOperation
    stm32f4xx_hal_flash_ex.o(i.HAL_FLASHEx_Erase) refers to stm32f4xx_hal_flash_ex.o(i.FLASH_MassErase) for FLASH_MassErase
    stm32f4xx_hal_flash_ex.o(i.HAL_FLASHEx_Erase) refers to stm32f4xx_hal_flash_ex.o(i.FLASH_Erase_Sector) for FLASH_Erase_Sector
    stm32f4xx_hal_flash_ex.o(i.HAL_FLASHEx_Erase) refers to stm32f4xx_hal_flash_ex.o(i.FLASH_FlushCaches) for FLASH_FlushCaches
    stm32f4xx_hal_flash_ex.o(i.HAL_FLASHEx_Erase) refers to stm32f4xx_hal_flash.o(.bss) for pFlash
    stm32f4xx_hal_flash_ex.o(i.HAL_FLASHEx_Erase_IT) refers to stm32f4xx_hal_flash_ex.o(i.FLASH_Erase_Sector) for FLASH_Erase_Sector
    stm32f4xx_hal_flash_ex.o(i.HAL_FLASHEx_Erase_IT) refers to stm32f4xx_hal_flash_ex.o(i.FLASH_MassErase) for FLASH_MassErase
    stm32f4xx_hal_flash_ex.o(i.HAL_FLASHEx_Erase_IT) refers to stm32f4xx_hal_flash.o(.bss) for pFlash
    stm32f4xx_hal_flash_ex.o(i.HAL_FLASHEx_OBProgram) refers to stm32f4xx_hal_flash_ex.o(i.FLASH_OB_DisableWRP) for FLASH_OB_DisableWRP
    stm32f4xx_hal_flash_ex.o(i.HAL_FLASHEx_OBProgram) refers to stm32f4xx_hal_flash.o(i.FLASH_WaitForLastOperation) for FLASH_WaitForLastOperation
    stm32f4xx_hal_flash_ex.o(i.HAL_FLASHEx_OBProgram) refers to stm32f4xx_hal_flash_ex.o(i.FLASH_OB_EnableWRP) for FLASH_OB_EnableWRP
    stm32f4xx_hal_flash_ex.o(i.HAL_FLASHEx_OBProgram) refers to stm32f4xx_hal_flash.o(.bss) for pFlash
    stm32f4xx_hal_gpio.o(i.HAL_GPIO_EXTI_IRQHandler) refers to stm32f4xx_hal_gpio.o(i.HAL_GPIO_EXTI_Callback) for HAL_GPIO_EXTI_Callback
    stm32f4xx_hal_dma_ex.o(i.HAL_DMAEx_MultiBufferStart) refers to stm32f4xx_hal_dma_ex.o(i.DMA_MultiBufferSetConfig) for DMA_MultiBufferSetConfig
    stm32f4xx_hal_dma_ex.o(i.HAL_DMAEx_MultiBufferStart_IT) refers to stm32f4xx_hal_dma_ex.o(i.DMA_MultiBufferSetConfig) for DMA_MultiBufferSetConfig
    stm32f4xx_hal_dma.o(i.DMA_CalcBaseAndBitshift) refers to stm32f4xx_hal_dma.o(.constdata) for .constdata
    stm32f4xx_hal_dma.o(i.HAL_DMA_Abort) refers to stm32f4xx_hal.o(i.HAL_GetTick) for HAL_GetTick
    stm32f4xx_hal_dma.o(i.HAL_DMA_DeInit) refers to stm32f4xx_hal_dma.o(i.DMA_CalcBaseAndBitshift) for DMA_CalcBaseAndBitshift
    stm32f4xx_hal_dma.o(i.HAL_DMA_IRQHandler) refers to system_stm32f4xx.o(.data) for SystemCoreClock
    stm32f4xx_hal_dma.o(i.HAL_DMA_Init) refers to stm32f4xx_hal.o(i.HAL_GetTick) for HAL_GetTick
    stm32f4xx_hal_dma.o(i.HAL_DMA_Init) refers to stm32f4xx_hal_dma.o(i.DMA_CheckFifoParam) for DMA_CheckFifoParam
    stm32f4xx_hal_dma.o(i.HAL_DMA_Init) refers to stm32f4xx_hal_dma.o(i.DMA_CalcBaseAndBitshift) for DMA_CalcBaseAndBitshift
    stm32f4xx_hal_dma.o(i.HAL_DMA_PollForTransfer) refers to stm32f4xx_hal.o(i.HAL_GetTick) for HAL_GetTick
    stm32f4xx_hal_dma.o(i.HAL_DMA_PollForTransfer) refers to stm32f4xx_hal_dma.o(i.HAL_DMA_Abort) for HAL_DMA_Abort
    stm32f4xx_hal_dma.o(i.HAL_DMA_Start) refers to stm32f4xx_hal_dma.o(i.DMA_SetConfig) for DMA_SetConfig
    stm32f4xx_hal_dma.o(i.HAL_DMA_Start_IT) refers to stm32f4xx_hal_dma.o(i.DMA_SetConfig) for DMA_SetConfig
    stm32f4xx_hal_pwr.o(i.HAL_PWR_PVD_IRQHandler) refers to stm32f4xx_hal_pwr.o(i.HAL_PWR_PVDCallback) for HAL_PWR_PVDCallback
    stm32f4xx_hal_pwr_ex.o(i.HAL_PWREx_ControlVoltageScaling) refers to stm32f4xx_hal.o(i.HAL_GetTick) for HAL_GetTick
    stm32f4xx_hal_pwr_ex.o(i.HAL_PWREx_DisableBkUpReg) refers to stm32f4xx_hal.o(i.HAL_GetTick) for HAL_GetTick
    stm32f4xx_hal_pwr_ex.o(i.HAL_PWREx_DisableOverDrive) refers to stm32f4xx_hal.o(i.HAL_GetTick) for HAL_GetTick
    stm32f4xx_hal_pwr_ex.o(i.HAL_PWREx_EnableBkUpReg) refers to stm32f4xx_hal.o(i.HAL_GetTick) for HAL_GetTick
    stm32f4xx_hal_pwr_ex.o(i.HAL_PWREx_EnableOverDrive) refers to stm32f4xx_hal.o(i.HAL_GetTick) for HAL_GetTick
    stm32f4xx_hal_cortex.o(i.HAL_NVIC_SetPriority) refers to stm32f4xx_hal_cortex.o(i.__NVIC_SetPriority) for __NVIC_SetPriority
    stm32f4xx_hal_cortex.o(i.HAL_SYSTICK_Config) refers to stm32f4xx_hal_cortex.o(i.__NVIC_SetPriority) for __NVIC_SetPriority
    stm32f4xx_hal_cortex.o(i.HAL_SYSTICK_IRQHandler) refers to stm32f4xx_hal_cortex.o(i.HAL_SYSTICK_Callback) for HAL_SYSTICK_Callback
    stm32f4xx_hal.o(i.HAL_DeInit) refers to stm32f4xx_hal.o(i.HAL_MspDeInit) for HAL_MspDeInit
    stm32f4xx_hal.o(i.HAL_Delay) refers to stm32f4xx_hal.o(i.HAL_GetTick) for HAL_GetTick
    stm32f4xx_hal.o(i.HAL_Delay) refers to stm32f4xx_hal.o(.data) for .data
    stm32f4xx_hal.o(i.HAL_GetTick) refers to stm32f4xx_hal.o(.data) for .data
    stm32f4xx_hal.o(i.HAL_GetTickFreq) refers to stm32f4xx_hal.o(.data) for .data
    stm32f4xx_hal.o(i.HAL_GetTickPrio) refers to stm32f4xx_hal.o(.data) for .data
    stm32f4xx_hal.o(i.HAL_IncTick) refers to stm32f4xx_hal.o(.data) for .data
    stm32f4xx_hal.o(i.HAL_Init) refers to stm32f4xx_hal_cortex.o(i.HAL_NVIC_SetPriorityGrouping) for HAL_NVIC_SetPriorityGrouping
    stm32f4xx_hal.o(i.HAL_Init) refers to stm32f4xx_hal.o(i.HAL_InitTick) for HAL_InitTick
    stm32f4xx_hal.o(i.HAL_Init) refers to stm32f4xx_hal_msp.o(i.HAL_MspInit) for HAL_MspInit
    stm32f4xx_hal.o(i.HAL_InitTick) refers to stm32f4xx_hal_cortex.o(i.HAL_SYSTICK_Config) for HAL_SYSTICK_Config
    stm32f4xx_hal.o(i.HAL_InitTick) refers to stm32f4xx_hal_cortex.o(i.HAL_NVIC_SetPriority) for HAL_NVIC_SetPriority
    stm32f4xx_hal.o(i.HAL_InitTick) refers to stm32f4xx_hal.o(.data) for .data
    stm32f4xx_hal.o(i.HAL_InitTick) refers to system_stm32f4xx.o(.data) for SystemCoreClock
    stm32f4xx_hal.o(i.HAL_SetTickFreq) refers to stm32f4xx_hal.o(i.HAL_InitTick) for HAL_InitTick
    stm32f4xx_hal.o(i.HAL_SetTickFreq) refers to stm32f4xx_hal.o(.data) for .data
    system_stm32f4xx.o(i.SystemCoreClockUpdate) refers to system_stm32f4xx.o(.data) for .data
    system_stm32f4xx.o(i.SystemCoreClockUpdate) refers to system_stm32f4xx.o(.constdata) for .constdata
    entry.o(.ARM.Collect$$$$00000000) refers (Special) to entry10a.o(.ARM.Collect$$$$0000000D) for __rt_final_cpp
    entry.o(.ARM.Collect$$$$00000000) refers (Special) to entry11a.o(.ARM.Collect$$$$0000000F) for __rt_final_exit
    entry.o(.ARM.Collect$$$$00000000) refers (Special) to entry7b.o(.ARM.Collect$$$$00000008) for _main_clock
    entry.o(.ARM.Collect$$$$00000000) refers (Special) to entry8b.o(.ARM.Collect$$$$0000000A) for _main_cpp_init
    entry.o(.ARM.Collect$$$$00000000) refers (Special) to entry9a.o(.ARM.Collect$$$$0000000B) for _main_init
    entry.o(.ARM.Collect$$$$00000000) refers (Special) to entry5.o(.ARM.Collect$$$$00000004) for _main_scatterload
    entry.o(.ARM.Collect$$$$00000000) refers (Special) to entry2.o(.ARM.Collect$$$$00000001) for _main_stk
    uldiv.o(.text) refers to llushr.o(.text) for __aeabi_llsr
    uldiv.o(.text) refers to llshl.o(.text) for __aeabi_llsl
    malloc.o(i.free) refers to mvars.o(.data) for __microlib_freelist
    malloc.o(i.malloc) refers to mvars.o(.data) for __microlib_freelist_initialised
    malloc.o(i.malloc) refers to mvars.o(.data) for __microlib_freelist
    malloc.o(i.malloc) refers to startup_stm32f429xx.o(HEAP) for __heap_base
    mallocr.o(i.__free$realloc) refers to mvars.o(.data) for __microlib_freelist
    mallocr.o(i.__malloc$realloc) refers to mallocr.o(i.internal_alloc) for internal_alloc
    mallocr.o(i.__malloc$realloc) refers to mvars.o(.data) for __microlib_freelist_initialised
    mallocr.o(i.__malloc$realloc) refers to startup_stm32f429xx.o(HEAP) for __heap_base
    mallocr.o(i.__malloc$realloc) refers to mvars.o(.data) for __microlib_freelist
    mallocr.o(i.internal_alloc) refers to memcpya.o(.text) for __aeabi_memcpy
    mallocr.o(i.internal_alloc) refers to mvars.o(.data) for __microlib_freelist
    mallocr.o(i.realloc) refers to mallocr.o(i.__free$realloc) for __free$realloc
    mallocr.o(i.realloc) refers to mallocr.o(i.internal_alloc) for internal_alloc
    mallocr.o(i.realloc) refers to mallocr.o(i.__malloc$realloc) for __malloc$realloc
    mallocr.o(i.realloc) refers to mvars.o(.data) for __microlib_freelist
    malloca.o(i.__aligned_malloc) refers to mvars.o(.data) for __microlib_freelist_initialised
    malloca.o(i.__aligned_malloc) refers to mvars.o(.data) for __microlib_freelist
    malloca.o(i.__aligned_malloc) refers to startup_stm32f429xx.o(HEAP) for __heap_base
    malloca.o(i.__free$memalign) refers to mvars.o(.data) for __microlib_freelist
    malloca.o(i.__malloc$memalign) refers to malloca.o(i.__aligned_malloc) for __aligned_malloc
    mallocra.o(i.__aligned_malloc$realloc) refers to mallocra.o(i.internal_alloc) for internal_alloc
    mallocra.o(i.__aligned_malloc$realloc) refers to mvars.o(.data) for __microlib_freelist_initialised
    mallocra.o(i.__aligned_malloc$realloc) refers to startup_stm32f429xx.o(HEAP) for __heap_base
    mallocra.o(i.__aligned_malloc$realloc) refers to mvars.o(.data) for __microlib_freelist
    mallocra.o(i.__free$realloc$memalign) refers to mvars.o(.data) for __microlib_freelist
    mallocra.o(i.__malloc$realloc$memalign) refers to mallocra.o(i.__aligned_malloc$realloc) for __aligned_malloc$realloc
    mallocra.o(i.__realloc$memalign) refers to mallocra.o(i.__free$realloc$memalign) for __free$realloc$memalign
    mallocra.o(i.__realloc$memalign) refers to mallocra.o(i.internal_alloc) for internal_alloc
    mallocra.o(i.__realloc$memalign) refers to mallocra.o(i.__malloc$realloc$memalign) for __malloc$realloc$memalign
    mallocra.o(i.__realloc$memalign) refers to mvars.o(.data) for __microlib_freelist
    mallocra.o(i.internal_alloc) refers to memcpya.o(.text) for __aeabi_memcpy
    mallocra.o(i.internal_alloc) refers to mvars.o(.data) for __microlib_freelist
    entry2.o(.ARM.Collect$$$$00000001) refers to entry2.o(.ARM.Collect$$$$00002712) for __lit__00000000
    entry2.o(.ARM.Collect$$$$00002712) refers to startup_stm32f429xx.o(STACK) for __initial_sp
    entry2.o(__vectab_stack_and_reset_area) refers to startup_stm32f429xx.o(STACK) for __initial_sp
    entry2.o(__vectab_stack_and_reset_area) refers to entry.o(.ARM.Collect$$$$00000000) for __main
    entry5.o(.ARM.Collect$$$$00000004) refers to init.o(.text) for __scatterload
    entry9a.o(.ARM.Collect$$$$0000000B) refers to main.o(i.main) for main
    entry9b.o(.ARM.Collect$$$$0000000C) refers to main.o(i.main) for main
    init.o(.text) refers to entry5.o(.ARM.Collect$$$$00000004) for __main_after_scatterload


==============================================================================

Removing Unused input sections from the image.

    Removing main.o(.rev16_text), (4 bytes).
    Removing main.o(.revsh_text), (4 bytes).
    Removing main.o(.rrx_text), (6 bytes).
    Removing gpio.o(.rev16_text), (4 bytes).
    Removing gpio.o(.revsh_text), (4 bytes).
    Removing gpio.o(.rrx_text), (6 bytes).
    Removing spi.o(.rev16_text), (4 bytes).
    Removing spi.o(.revsh_text), (4 bytes).
    Removing spi.o(.rrx_text), (6 bytes).
    Removing spi.o(i.HAL_SPI_MspDeInit), (44 bytes).
    Removing stm32f4xx_it.o(.rev16_text), (4 bytes).
    Removing stm32f4xx_it.o(.revsh_text), (4 bytes).
    Removing stm32f4xx_it.o(.rrx_text), (6 bytes).
    Removing stm32f4xx_hal_msp.o(.rev16_text), (4 bytes).
    Removing stm32f4xx_hal_msp.o(.revsh_text), (4 bytes).
    Removing stm32f4xx_hal_msp.o(.rrx_text), (6 bytes).
    Removing lcdlib.o(.rev16_text), (4 bytes).
    Removing lcdlib.o(.revsh_text), (4 bytes).
    Removing lcdlib.o(.rrx_text), (6 bytes).
    Removing lcdlib.o(i.ILI9341_Draw_Colour), (72 bytes).
    Removing lcdlib.o(i.ILI9341_Draw_Horizontal_Line), (72 bytes).
    Removing lcdlib.o(i.ILI9341_Draw_Pixel), (348 bytes).
    Removing lcdlib.o(i.ILI9341_Draw_Vertical_Line), (68 bytes).
    Removing lcdlib.o(i.ILI9341_Enable), (2 bytes).
    Removing stm32f4xx_hal_spi.o(.rev16_text), (4 bytes).
    Removing stm32f4xx_hal_spi.o(.revsh_text), (4 bytes).
    Removing stm32f4xx_hal_spi.o(.rrx_text), (6 bytes).
    Removing stm32f4xx_hal_spi.o(i.HAL_SPI_Abort), (292 bytes).
    Removing stm32f4xx_hal_spi.o(i.HAL_SPI_AbortCpltCallback), (2 bytes).
    Removing stm32f4xx_hal_spi.o(i.HAL_SPI_Abort_IT), (292 bytes).
    Removing stm32f4xx_hal_spi.o(i.HAL_SPI_DMAPause), (38 bytes).
    Removing stm32f4xx_hal_spi.o(i.HAL_SPI_DMAResume), (38 bytes).
    Removing stm32f4xx_hal_spi.o(i.HAL_SPI_DMAStop), (66 bytes).
    Removing stm32f4xx_hal_spi.o(i.HAL_SPI_DeInit), (46 bytes).
    Removing stm32f4xx_hal_spi.o(i.HAL_SPI_ErrorCallback), (2 bytes).
    Removing stm32f4xx_hal_spi.o(i.HAL_SPI_GetError), (4 bytes).
    Removing stm32f4xx_hal_spi.o(i.HAL_SPI_GetState), (6 bytes).
    Removing stm32f4xx_hal_spi.o(i.HAL_SPI_IRQHandler), (252 bytes).
    Removing stm32f4xx_hal_spi.o(i.HAL_SPI_MspDeInit), (2 bytes).
    Removing stm32f4xx_hal_spi.o(i.HAL_SPI_MspInit), (2 bytes).
    Removing stm32f4xx_hal_spi.o(i.HAL_SPI_Receive), (336 bytes).
    Removing stm32f4xx_hal_spi.o(i.HAL_SPI_Receive_DMA), (232 bytes).
    Removing stm32f4xx_hal_spi.o(i.HAL_SPI_Receive_IT), (164 bytes).
    Removing stm32f4xx_hal_spi.o(i.HAL_SPI_RxCpltCallback), (2 bytes).
    Removing stm32f4xx_hal_spi.o(i.HAL_SPI_RxHalfCpltCallback), (2 bytes).
    Removing stm32f4xx_hal_spi.o(i.HAL_SPI_TransmitReceive), (482 bytes).
    Removing stm32f4xx_hal_spi.o(i.HAL_SPI_TransmitReceive_DMA), (292 bytes).
    Removing stm32f4xx_hal_spi.o(i.HAL_SPI_TransmitReceive_IT), (164 bytes).
    Removing stm32f4xx_hal_spi.o(i.HAL_SPI_Transmit_DMA), (204 bytes).
    Removing stm32f4xx_hal_spi.o(i.HAL_SPI_Transmit_IT), (140 bytes).
    Removing stm32f4xx_hal_spi.o(i.HAL_SPI_TxCpltCallback), (2 bytes).
    Removing stm32f4xx_hal_spi.o(i.HAL_SPI_TxHalfCpltCallback), (2 bytes).
    Removing stm32f4xx_hal_spi.o(i.HAL_SPI_TxRxCpltCallback), (2 bytes).
    Removing stm32f4xx_hal_spi.o(i.HAL_SPI_TxRxHalfCpltCallback), (2 bytes).
    Removing stm32f4xx_hal_spi.o(i.SPI_2linesRxISR_16BIT), (48 bytes).
    Removing stm32f4xx_hal_spi.o(i.SPI_2linesRxISR_8BIT), (48 bytes).
    Removing stm32f4xx_hal_spi.o(i.SPI_2linesTxISR_16BIT), (48 bytes).
    Removing stm32f4xx_hal_spi.o(i.SPI_2linesTxISR_8BIT), (48 bytes).
    Removing stm32f4xx_hal_spi.o(i.SPI_AbortRx_ISR), (80 bytes).
    Removing stm32f4xx_hal_spi.o(i.SPI_AbortTx_ISR), (28 bytes).
    Removing stm32f4xx_hal_spi.o(i.SPI_CloseRxTx_ISR), (144 bytes).
    Removing stm32f4xx_hal_spi.o(i.SPI_CloseRx_ISR), (76 bytes).
    Removing stm32f4xx_hal_spi.o(i.SPI_CloseTx_ISR), (124 bytes).
    Removing stm32f4xx_hal_spi.o(i.SPI_DMAAbortOnError), (16 bytes).
    Removing stm32f4xx_hal_spi.o(i.SPI_DMAError), (34 bytes).
    Removing stm32f4xx_hal_spi.o(i.SPI_DMAHalfReceiveCplt), (10 bytes).
    Removing stm32f4xx_hal_spi.o(i.SPI_DMAHalfTransmitCplt), (10 bytes).
    Removing stm32f4xx_hal_spi.o(i.SPI_DMAHalfTransmitReceiveCplt), (10 bytes).
    Removing stm32f4xx_hal_spi.o(i.SPI_DMAReceiveCplt), (84 bytes).
    Removing stm32f4xx_hal_spi.o(i.SPI_DMARxAbortCallback), (102 bytes).
    Removing stm32f4xx_hal_spi.o(i.SPI_DMATransmitCplt), (100 bytes).
    Removing stm32f4xx_hal_spi.o(i.SPI_DMATransmitReceiveCplt), (90 bytes).
    Removing stm32f4xx_hal_spi.o(i.SPI_DMATxAbortCallback), (116 bytes).
    Removing stm32f4xx_hal_spi.o(i.SPI_EndRxTransaction), (92 bytes).
    Removing stm32f4xx_hal_spi.o(i.SPI_RxISR_16BIT), (32 bytes).
    Removing stm32f4xx_hal_spi.o(i.SPI_RxISR_8BIT), (32 bytes).
    Removing stm32f4xx_hal_spi.o(i.SPI_TxISR_16BIT), (32 bytes).
    Removing stm32f4xx_hal_spi.o(i.SPI_TxISR_8BIT), (32 bytes).
    Removing stm32f4xx_hal_tim.o(.rev16_text), (4 bytes).
    Removing stm32f4xx_hal_tim.o(.revsh_text), (4 bytes).
    Removing stm32f4xx_hal_tim.o(.rrx_text), (6 bytes).
    Removing stm32f4xx_hal_tim_ex.o(.rev16_text), (4 bytes).
    Removing stm32f4xx_hal_tim_ex.o(.revsh_text), (4 bytes).
    Removing stm32f4xx_hal_tim_ex.o(.rrx_text), (6 bytes).
    Removing stm32f4xx_hal_rcc.o(.rev16_text), (4 bytes).
    Removing stm32f4xx_hal_rcc.o(.revsh_text), (4 bytes).
    Removing stm32f4xx_hal_rcc.o(.rrx_text), (6 bytes).
    Removing stm32f4xx_hal_rcc.o(i.HAL_RCC_CSSCallback), (2 bytes).
    Removing stm32f4xx_hal_rcc.o(i.HAL_RCC_DeInit), (4 bytes).
    Removing stm32f4xx_hal_rcc.o(i.HAL_RCC_DisableCSS), (12 bytes).
    Removing stm32f4xx_hal_rcc.o(i.HAL_RCC_EnableCSS), (12 bytes).
    Removing stm32f4xx_hal_rcc.o(i.HAL_RCC_GetClockConfig), (64 bytes).
    Removing stm32f4xx_hal_rcc.o(i.HAL_RCC_GetHCLKFreq), (12 bytes).
    Removing stm32f4xx_hal_rcc.o(i.HAL_RCC_GetOscConfig), (180 bytes).
    Removing stm32f4xx_hal_rcc.o(i.HAL_RCC_GetPCLK1Freq), (32 bytes).
    Removing stm32f4xx_hal_rcc.o(i.HAL_RCC_GetPCLK2Freq), (32 bytes).
    Removing stm32f4xx_hal_rcc.o(i.HAL_RCC_MCOConfig), (140 bytes).
    Removing stm32f4xx_hal_rcc.o(i.HAL_RCC_NMI_IRQHandler), (28 bytes).
    Removing stm32f4xx_hal_rcc_ex.o(.rev16_text), (4 bytes).
    Removing stm32f4xx_hal_rcc_ex.o(.revsh_text), (4 bytes).
    Removing stm32f4xx_hal_rcc_ex.o(.rrx_text), (6 bytes).
    Removing stm32f4xx_hal_rcc_ex.o(i.HAL_RCCEx_DisablePLLI2S), (52 bytes).
    Removing stm32f4xx_hal_rcc_ex.o(i.HAL_RCCEx_DisablePLLSAI), (56 bytes).
    Removing stm32f4xx_hal_rcc_ex.o(i.HAL_RCCEx_EnablePLLI2S), (112 bytes).
    Removing stm32f4xx_hal_rcc_ex.o(i.HAL_RCCEx_EnablePLLSAI), (112 bytes).
    Removing stm32f4xx_hal_rcc_ex.o(i.HAL_RCCEx_GetPeriphCLKConfig), (132 bytes).
    Removing stm32f4xx_hal_rcc_ex.o(i.HAL_RCCEx_GetPeriphCLKFreq), (92 bytes).
    Removing stm32f4xx_hal_rcc_ex.o(i.HAL_RCCEx_PeriphCLKConfig), (596 bytes).
    Removing stm32f4xx_hal_rcc_ex.o(i.HAL_RCC_DeInit), (360 bytes).
    Removing stm32f4xx_hal_flash.o(.rev16_text), (4 bytes).
    Removing stm32f4xx_hal_flash.o(.revsh_text), (4 bytes).
    Removing stm32f4xx_hal_flash.o(.rrx_text), (6 bytes).
    Removing stm32f4xx_hal_flash.o(i.FLASH_Program_Byte), (32 bytes).
    Removing stm32f4xx_hal_flash.o(i.FLASH_Program_DoubleWord), (44 bytes).
    Removing stm32f4xx_hal_flash.o(i.FLASH_Program_HalfWord), (36 bytes).
    Removing stm32f4xx_hal_flash.o(i.FLASH_Program_Word), (36 bytes).
    Removing stm32f4xx_hal_flash.o(i.FLASH_SetErrorCode), (124 bytes).
    Removing stm32f4xx_hal_flash.o(i.FLASH_WaitForLastOperation), (80 bytes).
    Removing stm32f4xx_hal_flash.o(i.HAL_FLASH_EndOfOperationCallback), (2 bytes).
    Removing stm32f4xx_hal_flash.o(i.HAL_FLASH_GetError), (12 bytes).
    Removing stm32f4xx_hal_flash.o(i.HAL_FLASH_IRQHandler), (204 bytes).
    Removing stm32f4xx_hal_flash.o(i.HAL_FLASH_Lock), (20 bytes).
    Removing stm32f4xx_hal_flash.o(i.HAL_FLASH_OB_Launch), (24 bytes).
    Removing stm32f4xx_hal_flash.o(i.HAL_FLASH_OB_Lock), (20 bytes).
    Removing stm32f4xx_hal_flash.o(i.HAL_FLASH_OB_Unlock), (40 bytes).
    Removing stm32f4xx_hal_flash.o(i.HAL_FLASH_OperationErrorCallback), (2 bytes).
    Removing stm32f4xx_hal_flash.o(i.HAL_FLASH_Program), (124 bytes).
    Removing stm32f4xx_hal_flash.o(i.HAL_FLASH_Program_IT), (108 bytes).
    Removing stm32f4xx_hal_flash.o(i.HAL_FLASH_Unlock), (44 bytes).
    Removing stm32f4xx_hal_flash.o(.bss), (32 bytes).
    Removing stm32f4xx_hal_flash_ex.o(.rev16_text), (4 bytes).
    Removing stm32f4xx_hal_flash_ex.o(.revsh_text), (4 bytes).
    Removing stm32f4xx_hal_flash_ex.o(.rrx_text), (6 bytes).
    Removing stm32f4xx_hal_flash_ex.o(i.FLASH_Erase_Sector), (84 bytes).
    Removing stm32f4xx_hal_flash_ex.o(i.FLASH_FlushCaches), (84 bytes).
    Removing stm32f4xx_hal_flash_ex.o(i.FLASH_MassErase), (64 bytes).
    Removing stm32f4xx_hal_flash_ex.o(i.FLASH_OB_DisableWRP), (112 bytes).
    Removing stm32f4xx_hal_flash_ex.o(i.FLASH_OB_EnableWRP), (116 bytes).
    Removing stm32f4xx_hal_flash_ex.o(i.HAL_FLASHEx_AdvOBGetConfig), (28 bytes).
    Removing stm32f4xx_hal_flash_ex.o(i.HAL_FLASHEx_AdvOBProgram), (188 bytes).
    Removing stm32f4xx_hal_flash_ex.o(i.HAL_FLASHEx_Erase), (156 bytes).
    Removing stm32f4xx_hal_flash_ex.o(i.HAL_FLASHEx_Erase_IT), (104 bytes).
    Removing stm32f4xx_hal_flash_ex.o(i.HAL_FLASHEx_OBGetConfig), (64 bytes).
    Removing stm32f4xx_hal_flash_ex.o(i.HAL_FLASHEx_OBProgram), (184 bytes).
    Removing stm32f4xx_hal_flash_ex.o(i.HAL_FLASHEx_OB_DeSelectPCROP), (20 bytes).
    Removing stm32f4xx_hal_flash_ex.o(i.HAL_FLASHEx_OB_GetBank2WRP), (12 bytes).
    Removing stm32f4xx_hal_flash_ex.o(i.HAL_FLASHEx_OB_SelectPCROP), (24 bytes).
    Removing stm32f4xx_hal_flash_ramfunc.o(.rev16_text), (4 bytes).
    Removing stm32f4xx_hal_flash_ramfunc.o(.revsh_text), (4 bytes).
    Removing stm32f4xx_hal_flash_ramfunc.o(.rrx_text), (6 bytes).
    Removing stm32f4xx_hal_gpio.o(.rev16_text), (4 bytes).
    Removing stm32f4xx_hal_gpio.o(.revsh_text), (4 bytes).
    Removing stm32f4xx_hal_gpio.o(.rrx_text), (6 bytes).
    Removing stm32f4xx_hal_gpio.o(i.HAL_GPIO_DeInit), (396 bytes).
    Removing stm32f4xx_hal_gpio.o(i.HAL_GPIO_EXTI_Callback), (2 bytes).
    Removing stm32f4xx_hal_gpio.o(i.HAL_GPIO_EXTI_IRQHandler), (24 bytes).
    Removing stm32f4xx_hal_gpio.o(i.HAL_GPIO_LockPin), (34 bytes).
    Removing stm32f4xx_hal_gpio.o(i.HAL_GPIO_ReadPin), (10 bytes).
    Removing stm32f4xx_hal_gpio.o(i.HAL_GPIO_TogglePin), (14 bytes).
    Removing stm32f4xx_hal_dma_ex.o(.rev16_text), (4 bytes).
    Removing stm32f4xx_hal_dma_ex.o(.revsh_text), (4 bytes).
    Removing stm32f4xx_hal_dma_ex.o(.rrx_text), (6 bytes).
    Removing stm32f4xx_hal_dma_ex.o(i.DMA_MultiBufferSetConfig), (30 bytes).
    Removing stm32f4xx_hal_dma_ex.o(i.HAL_DMAEx_ChangeMemory), (14 bytes).
    Removing stm32f4xx_hal_dma_ex.o(i.HAL_DMAEx_MultiBufferStart), (100 bytes).
    Removing stm32f4xx_hal_dma_ex.o(i.HAL_DMAEx_MultiBufferStart_IT), (2432 bytes).
    Removing stm32f4xx_hal_dma.o(.rev16_text), (4 bytes).
    Removing stm32f4xx_hal_dma.o(.revsh_text), (4 bytes).
    Removing stm32f4xx_hal_dma.o(.rrx_text), (6 bytes).
    Removing stm32f4xx_hal_dma.o(i.DMA_CalcBaseAndBitshift), (40 bytes).
    Removing stm32f4xx_hal_dma.o(i.DMA_CheckFifoParam), (84 bytes).
    Removing stm32f4xx_hal_dma.o(i.DMA_SetConfig), (40 bytes).
    Removing stm32f4xx_hal_dma.o(i.HAL_DMA_Abort), (142 bytes).
    Removing stm32f4xx_hal_dma.o(i.HAL_DMA_Abort_IT), (36 bytes).
    Removing stm32f4xx_hal_dma.o(i.HAL_DMA_DeInit), (98 bytes).
    Removing stm32f4xx_hal_dma.o(i.HAL_DMA_GetError), (4 bytes).
    Removing stm32f4xx_hal_dma.o(i.HAL_DMA_GetState), (6 bytes).
    Removing stm32f4xx_hal_dma.o(i.HAL_DMA_IRQHandler), (416 bytes).
    Removing stm32f4xx_hal_dma.o(i.HAL_DMA_Init), (212 bytes).
    Removing stm32f4xx_hal_dma.o(i.HAL_DMA_PollForTransfer), (292 bytes).
    Removing stm32f4xx_hal_dma.o(i.HAL_DMA_RegisterCallback), (80 bytes).
    Removing stm32f4xx_hal_dma.o(i.HAL_DMA_Start), (70 bytes).
    Removing stm32f4xx_hal_dma.o(i.HAL_DMA_Start_IT), (110 bytes).
    Removing stm32f4xx_hal_dma.o(i.HAL_DMA_UnRegisterCallback), (96 bytes).
    Removing stm32f4xx_hal_dma.o(.constdata), (8 bytes).
    Removing stm32f4xx_hal_pwr.o(.rev16_text), (4 bytes).
    Removing stm32f4xx_hal_pwr.o(.revsh_text), (4 bytes).
    Removing stm32f4xx_hal_pwr.o(.rrx_text), (6 bytes).
    Removing stm32f4xx_hal_pwr.o(i.HAL_PWR_ConfigPVD), (124 bytes).
    Removing stm32f4xx_hal_pwr.o(i.HAL_PWR_DeInit), (24 bytes).
    Removing stm32f4xx_hal_pwr.o(i.HAL_PWR_DisableBkUpAccess), (12 bytes).
    Removing stm32f4xx_hal_pwr.o(i.HAL_PWR_DisablePVD), (12 bytes).
    Removing stm32f4xx_hal_pwr.o(i.HAL_PWR_DisableSEVOnPend), (16 bytes).
    Removing stm32f4xx_hal_pwr.o(i.HAL_PWR_DisableSleepOnExit), (16 bytes).
    Removing stm32f4xx_hal_pwr.o(i.HAL_PWR_DisableWakeUpPin), (16 bytes).
    Removing stm32f4xx_hal_pwr.o(i.HAL_PWR_EnableBkUpAccess), (12 bytes).
    Removing stm32f4xx_hal_pwr.o(i.HAL_PWR_EnablePVD), (12 bytes).
    Removing stm32f4xx_hal_pwr.o(i.HAL_PWR_EnableSEVOnPend), (16 bytes).
    Removing stm32f4xx_hal_pwr.o(i.HAL_PWR_EnableSleepOnExit), (16 bytes).
    Removing stm32f4xx_hal_pwr.o(i.HAL_PWR_EnableWakeUpPin), (16 bytes).
    Removing stm32f4xx_hal_pwr.o(i.HAL_PWR_EnterSLEEPMode), (32 bytes).
    Removing stm32f4xx_hal_pwr.o(i.HAL_PWR_EnterSTANDBYMode), (32 bytes).
    Removing stm32f4xx_hal_pwr.o(i.HAL_PWR_EnterSTOPMode), (56 bytes).
    Removing stm32f4xx_hal_pwr.o(i.HAL_PWR_PVDCallback), (2 bytes).
    Removing stm32f4xx_hal_pwr.o(i.HAL_PWR_PVD_IRQHandler), (28 bytes).
    Removing stm32f4xx_hal_pwr_ex.o(.rev16_text), (4 bytes).
    Removing stm32f4xx_hal_pwr_ex.o(.revsh_text), (4 bytes).
    Removing stm32f4xx_hal_pwr_ex.o(.rrx_text), (6 bytes).
    Removing stm32f4xx_hal_pwr_ex.o(i.HAL_PWREx_ControlVoltageScaling), (176 bytes).
    Removing stm32f4xx_hal_pwr_ex.o(i.HAL_PWREx_DisableBkUpReg), (60 bytes).
    Removing stm32f4xx_hal_pwr_ex.o(i.HAL_PWREx_DisableFlashPowerDown), (12 bytes).
    Removing stm32f4xx_hal_pwr_ex.o(i.HAL_PWREx_DisableOverDrive), (112 bytes).
    Removing stm32f4xx_hal_pwr_ex.o(i.HAL_PWREx_EnableBkUpReg), (60 bytes).
    Removing stm32f4xx_hal_pwr_ex.o(i.HAL_PWREx_EnableFlashPowerDown), (12 bytes).
    Removing stm32f4xx_hal_pwr_ex.o(i.HAL_PWREx_EnableOverDrive), (112 bytes).
    Removing stm32f4xx_hal_pwr_ex.o(i.HAL_PWREx_EnterUnderDriveSTOPMode), (96 bytes).
    Removing stm32f4xx_hal_pwr_ex.o(i.HAL_PWREx_GetVoltageRange), (16 bytes).
    Removing stm32f4xx_hal_cortex.o(.rev16_text), (4 bytes).
    Removing stm32f4xx_hal_cortex.o(.revsh_text), (4 bytes).
    Removing stm32f4xx_hal_cortex.o(.rrx_text), (6 bytes).
    Removing stm32f4xx_hal_cortex.o(i.HAL_MPU_ConfigRegion), (84 bytes).
    Removing stm32f4xx_hal_cortex.o(i.HAL_MPU_Disable), (28 bytes).
    Removing stm32f4xx_hal_cortex.o(i.HAL_MPU_Enable), (36 bytes).
    Removing stm32f4xx_hal_cortex.o(i.HAL_NVIC_ClearPendingIRQ), (26 bytes).
    Removing stm32f4xx_hal_cortex.o(i.HAL_NVIC_DisableIRQ), (34 bytes).
    Removing stm32f4xx_hal_cortex.o(i.HAL_NVIC_EnableIRQ), (26 bytes).
    Removing stm32f4xx_hal_cortex.o(i.HAL_NVIC_GetActive), (36 bytes).
    Removing stm32f4xx_hal_cortex.o(i.HAL_NVIC_GetPendingIRQ), (36 bytes).
    Removing stm32f4xx_hal_cortex.o(i.HAL_NVIC_GetPriority), (82 bytes).
    Removing stm32f4xx_hal_cortex.o(i.HAL_NVIC_GetPriorityGrouping), (16 bytes).
    Removing stm32f4xx_hal_cortex.o(i.HAL_NVIC_SetPendingIRQ), (26 bytes).
    Removing stm32f4xx_hal_cortex.o(i.HAL_NVIC_SystemReset), (36 bytes).
    Removing stm32f4xx_hal_cortex.o(i.HAL_SYSTICK_CLKSourceConfig), (24 bytes).
    Removing stm32f4xx_hal_cortex.o(i.HAL_SYSTICK_Callback), (2 bytes).
    Removing stm32f4xx_hal_cortex.o(i.HAL_SYSTICK_IRQHandler), (8 bytes).
    Removing stm32f4xx_hal.o(.rev16_text), (4 bytes).
    Removing stm32f4xx_hal.o(.revsh_text), (4 bytes).
    Removing stm32f4xx_hal.o(.rrx_text), (6 bytes).
    Removing stm32f4xx_hal.o(i.HAL_DBGMCU_DisableDBGSleepMode), (16 bytes).
    Removing stm32f4xx_hal.o(i.HAL_DBGMCU_DisableDBGStandbyMode), (16 bytes).
    Removing stm32f4xx_hal.o(i.HAL_DBGMCU_DisableDBGStopMode), (16 bytes).
    Removing stm32f4xx_hal.o(i.HAL_DBGMCU_EnableDBGSleepMode), (16 bytes).
    Removing stm32f4xx_hal.o(i.HAL_DBGMCU_EnableDBGStandbyMode), (16 bytes).
    Removing stm32f4xx_hal.o(i.HAL_DBGMCU_EnableDBGStopMode), (16 bytes).
    Removing stm32f4xx_hal.o(i.HAL_DeInit), (52 bytes).
    Removing stm32f4xx_hal.o(i.HAL_DisableCompensationCell), (12 bytes).
    Removing stm32f4xx_hal.o(i.HAL_DisableMemorySwappingBank), (12 bytes).
    Removing stm32f4xx_hal.o(i.HAL_EnableCompensationCell), (12 bytes).
    Removing stm32f4xx_hal.o(i.HAL_EnableMemorySwappingBank), (12 bytes).
    Removing stm32f4xx_hal.o(i.HAL_GetDEVID), (16 bytes).
    Removing stm32f4xx_hal.o(i.HAL_GetHalVersion), (8 bytes).
    Removing stm32f4xx_hal.o(i.HAL_GetREVID), (12 bytes).
    Removing stm32f4xx_hal.o(i.HAL_GetTickFreq), (12 bytes).
    Removing stm32f4xx_hal.o(i.HAL_GetTickPrio), (12 bytes).
    Removing stm32f4xx_hal.o(i.HAL_GetUIDw0), (12 bytes).
    Removing stm32f4xx_hal.o(i.HAL_GetUIDw1), (12 bytes).
    Removing stm32f4xx_hal.o(i.HAL_GetUIDw2), (12 bytes).
    Removing stm32f4xx_hal.o(i.HAL_MspDeInit), (2 bytes).
    Removing stm32f4xx_hal.o(i.HAL_MspInit), (2 bytes).
    Removing stm32f4xx_hal.o(i.HAL_ResumeTick), (14 bytes).
    Removing stm32f4xx_hal.o(i.HAL_SetTickFreq), (36 bytes).
    Removing stm32f4xx_hal.o(i.HAL_SuspendTick), (14 bytes).
    Removing stm32f4xx_hal_exti.o(.rev16_text), (4 bytes).
    Removing stm32f4xx_hal_exti.o(.revsh_text), (4 bytes).
    Removing stm32f4xx_hal_exti.o(.rrx_text), (6 bytes).
    Removing stm32f4xx_hal_exti.o(i.HAL_EXTI_ClearConfigLine), (108 bytes).
    Removing stm32f4xx_hal_exti.o(i.HAL_EXTI_ClearPending), (20 bytes).
    Removing stm32f4xx_hal_exti.o(i.HAL_EXTI_GenerateSWI), (20 bytes).
    Removing stm32f4xx_hal_exti.o(i.HAL_EXTI_GetConfigLine), (156 bytes).
    Removing stm32f4xx_hal_exti.o(i.HAL_EXTI_GetHandle), (12 bytes).
    Removing stm32f4xx_hal_exti.o(i.HAL_EXTI_GetPending), (24 bytes).
    Removing stm32f4xx_hal_exti.o(i.HAL_EXTI_IRQHandler), (36 bytes).
    Removing stm32f4xx_hal_exti.o(i.HAL_EXTI_RegisterCallback), (14 bytes).
    Removing stm32f4xx_hal_exti.o(i.HAL_EXTI_SetConfigLine), (168 bytes).
    Removing system_stm32f4xx.o(.rev16_text), (4 bytes).
    Removing system_stm32f4xx.o(.revsh_text), (4 bytes).
    Removing system_stm32f4xx.o(.rrx_text), (6 bytes).
    Removing system_stm32f4xx.o(i.SystemCoreClockUpdate), (120 bytes).
    Removing system_stm32f4xx.o(.constdata), (8 bytes).

279 unused section(s) (total 17120 bytes) removed from the image.

==============================================================================

Image Symbol Table

    Local Symbols

    Symbol Name                              Value     Ov Type        Size  Object(Section)

    ../Drivers/STM32F4xx_HAL_Driver/Src/stm32f4xx_hal.c 0x00000000   Number         0  stm32f4xx_hal.o ABSOLUTE
    ../Drivers/STM32F4xx_HAL_Driver/Src/stm32f4xx_hal_cortex.c 0x00000000   Number         0  stm32f4xx_hal_cortex.o ABSOLUTE
    ../Drivers/STM32F4xx_HAL_Driver/Src/stm32f4xx_hal_dma.c 0x00000000   Number         0  stm32f4xx_hal_dma.o ABSOLUTE
    ../Drivers/STM32F4xx_HAL_Driver/Src/stm32f4xx_hal_dma_ex.c 0x00000000   Number         0  stm32f4xx_hal_dma_ex.o ABSOLUTE
    ../Drivers/STM32F4xx_HAL_Driver/Src/stm32f4xx_hal_exti.c 0x00000000   Number         0  stm32f4xx_hal_exti.o ABSOLUTE
    ../Drivers/STM32F4xx_HAL_Driver/Src/stm32f4xx_hal_flash.c 0x00000000   Number         0  stm32f4xx_hal_flash.o ABSOLUTE
    ../Drivers/STM32F4xx_HAL_Driver/Src/stm32f4xx_hal_flash_ex.c 0x00000000   Number         0  stm32f4xx_hal_flash_ex.o ABSOLUTE
    ../Drivers/STM32F4xx_HAL_Driver/Src/stm32f4xx_hal_flash_ramfunc.c 0x00000000   Number         0  stm32f4xx_hal_flash_ramfunc.o ABSOLUTE
    ../Drivers/STM32F4xx_HAL_Driver/Src/stm32f4xx_hal_gpio.c 0x00000000   Number         0  stm32f4xx_hal_gpio.o ABSOLUTE
    ../Drivers/STM32F4xx_HAL_Driver/Src/stm32f4xx_hal_pwr.c 0x00000000   Number         0  stm32f4xx_hal_pwr.o ABSOLUTE
    ../Drivers/STM32F4xx_HAL_Driver/Src/stm32f4xx_hal_pwr_ex.c 0x00000000   Number         0  stm32f4xx_hal_pwr_ex.o ABSOLUTE
    ../Drivers/STM32F4xx_HAL_Driver/Src/stm32f4xx_hal_rcc.c 0x00000000   Number         0  stm32f4xx_hal_rcc.o ABSOLUTE
    ../Drivers/STM32F4xx_HAL_Driver/Src/stm32f4xx_hal_rcc_ex.c 0x00000000   Number         0  stm32f4xx_hal_rcc_ex.o ABSOLUTE
    ../Drivers/STM32F4xx_HAL_Driver/Src/stm32f4xx_hal_spi.c 0x00000000   Number         0  stm32f4xx_hal_spi.o ABSOLUTE
    ../Drivers/STM32F4xx_HAL_Driver/Src/stm32f4xx_hal_tim.c 0x00000000   Number         0  stm32f4xx_hal_tim.o ABSOLUTE
    ../Drivers/STM32F4xx_HAL_Driver/Src/stm32f4xx_hal_tim_ex.c 0x00000000   Number         0  stm32f4xx_hal_tim_ex.o ABSOLUTE
    ../Src/gpio.c                            0x00000000   Number         0  gpio.o ABSOLUTE
    ../Src/main.c                            0x00000000   Number         0  main.o ABSOLUTE
    ../Src/spi.c                             0x00000000   Number         0  spi.o ABSOLUTE
    ../Src/stm32f4xx_hal_msp.c               0x00000000   Number         0  stm32f4xx_hal_msp.o ABSOLUTE
    ../Src/stm32f4xx_it.c                    0x00000000   Number         0  stm32f4xx_it.o ABSOLUTE
    ../Src/system_stm32f4xx.c                0x00000000   Number         0  system_stm32f4xx.o ABSOLUTE
    ../clib/microlib/division.c              0x00000000   Number         0  uldiv.o ABSOLUTE
    ../clib/microlib/init/entry.s            0x00000000   Number         0  entry11b.o ABSOLUTE
    ../clib/microlib/init/entry.s            0x00000000   Number         0  entry.o ABSOLUTE
    ../clib/microlib/init/entry.s            0x00000000   Number         0  entry10b.o ABSOLUTE
    ../clib/microlib/init/entry.s            0x00000000   Number         0  entry10a.o ABSOLUTE
    ../clib/microlib/init/entry.s            0x00000000   Number         0  entry9b.o ABSOLUTE
    ../clib/microlib/init/entry.s            0x00000000   Number         0  entry9a.o ABSOLUTE
    ../clib/microlib/init/entry.s            0x00000000   Number         0  entry8a.o ABSOLUTE
    ../clib/microlib/init/entry.s            0x00000000   Number         0  entry7b.o ABSOLUTE
    ../clib/microlib/init/entry.s            0x00000000   Number         0  entry7a.o ABSOLUTE
    ../clib/microlib/init/entry.s            0x00000000   Number         0  entry5.o ABSOLUTE
    ../clib/microlib/init/entry.s            0x00000000   Number         0  entry2.o ABSOLUTE
    ../clib/microlib/init/entry.s            0x00000000   Number         0  entry8b.o ABSOLUTE
    ../clib/microlib/init/entry.s            0x00000000   Number         0  entry11a.o ABSOLUTE
    ../clib/microlib/longlong.c              0x00000000   Number         0  llushr.o ABSOLUTE
    ../clib/microlib/longlong.c              0x00000000   Number         0  llshl.o ABSOLUTE
    ../clib/microlib/malloc/malloc.c         0x00000000   Number         0  mallocra.o ABSOLUTE
    ../clib/microlib/malloc/malloc.c         0x00000000   Number         0  malloc.o ABSOLUTE
    ../clib/microlib/malloc/malloc.c         0x00000000   Number         0  mallocr.o ABSOLUTE
    ../clib/microlib/malloc/malloc.c         0x00000000   Number         0  malloca.o ABSOLUTE
    ../clib/microlib/malloc/mvars.c          0x00000000   Number         0  mvars.o ABSOLUTE
    ../clib/microlib/string/memcpy.c         0x00000000   Number         0  memcpya.o ABSOLUTE
    ../clib/microlib/string/memcpy.c         0x00000000   Number         0  memcpyb.o ABSOLUTE
    ../clib/microlib/string/memset.c         0x00000000   Number         0  memseta.o ABSOLUTE
    ..\Drivers\STM32F4xx_HAL_Driver\Src\stm32f4xx_hal.c 0x00000000   Number         0  stm32f4xx_hal.o ABSOLUTE
    ..\Drivers\STM32F4xx_HAL_Driver\Src\stm32f4xx_hal_cortex.c 0x00000000   Number         0  stm32f4xx_hal_cortex.o ABSOLUTE
    ..\Drivers\STM32F4xx_HAL_Driver\Src\stm32f4xx_hal_dma.c 0x00000000   Number         0  stm32f4xx_hal_dma.o ABSOLUTE
    ..\Drivers\STM32F4xx_HAL_Driver\Src\stm32f4xx_hal_dma_ex.c 0x00000000   Number         0  stm32f4xx_hal_dma_ex.o ABSOLUTE
    ..\Drivers\STM32F4xx_HAL_Driver\Src\stm32f4xx_hal_exti.c 0x00000000   Number         0  stm32f4xx_hal_exti.o ABSOLUTE
    ..\Drivers\STM32F4xx_HAL_Driver\Src\stm32f4xx_hal_flash.c 0x00000000   Number         0  stm32f4xx_hal_flash.o ABSOLUTE
    ..\Drivers\STM32F4xx_HAL_Driver\Src\stm32f4xx_hal_flash_ex.c 0x00000000   Number         0  stm32f4xx_hal_flash_ex.o ABSOLUTE
    ..\Drivers\STM32F4xx_HAL_Driver\Src\stm32f4xx_hal_flash_ramfunc.c 0x00000000   Number         0  stm32f4xx_hal_flash_ramfunc.o ABSOLUTE
    ..\Drivers\STM32F4xx_HAL_Driver\Src\stm32f4xx_hal_gpio.c 0x00000000   Number         0  stm32f4xx_hal_gpio.o ABSOLUTE
    ..\Drivers\STM32F4xx_HAL_Driver\Src\stm32f4xx_hal_pwr.c 0x00000000   Number         0  stm32f4xx_hal_pwr.o ABSOLUTE
    ..\Drivers\STM32F4xx_HAL_Driver\Src\stm32f4xx_hal_pwr_ex.c 0x00000000   Number         0  stm32f4xx_hal_pwr_ex.o ABSOLUTE
    ..\Drivers\STM32F4xx_HAL_Driver\Src\stm32f4xx_hal_rcc.c 0x00000000   Number         0  stm32f4xx_hal_rcc.o ABSOLUTE
    ..\Drivers\STM32F4xx_HAL_Driver\Src\stm32f4xx_hal_rcc_ex.c 0x00000000   Number         0  stm32f4xx_hal_rcc_ex.o ABSOLUTE
    ..\Drivers\STM32F4xx_HAL_Driver\Src\stm32f4xx_hal_spi.c 0x00000000   Number         0  stm32f4xx_hal_spi.o ABSOLUTE
    ..\Drivers\STM32F4xx_HAL_Driver\Src\stm32f4xx_hal_tim.c 0x00000000   Number         0  stm32f4xx_hal_tim.o ABSOLUTE
    ..\Drivers\STM32F4xx_HAL_Driver\Src\stm32f4xx_hal_tim_ex.c 0x00000000   Number         0  stm32f4xx_hal_tim_ex.o ABSOLUTE
    ..\Src\gpio.c                            0x00000000   Number         0  gpio.o ABSOLUTE
    ..\Src\main.c                            0x00000000   Number         0  main.o ABSOLUTE
    ..\Src\spi.c                             0x00000000   Number         0  spi.o ABSOLUTE
    ..\Src\stm32f4xx_hal_msp.c               0x00000000   Number         0  stm32f4xx_hal_msp.o ABSOLUTE
    ..\Src\stm32f4xx_it.c                    0x00000000   Number         0  stm32f4xx_it.o ABSOLUTE
    ..\Src\system_stm32f4xx.c                0x00000000   Number         0  system_stm32f4xx.o ABSOLUTE
    LCDLib.c                                 0x00000000   Number         0  lcdlib.o ABSOLUTE
    LCDLib.c                                 0x00000000   Number         0  lcdlib.o ABSOLUTE
    dc.s                                     0x00000000   Number         0  dc.o ABSOLUTE
    handlers.s                               0x00000000   Number         0  handlers.o ABSOLUTE
    init.s                                   0x00000000   Number         0  init.o ABSOLUTE
    startup_stm32f429xx.s                    0x00000000   Number         0  startup_stm32f429xx.o ABSOLUTE
    RESET                                    0x08000000   Section      428  startup_stm32f429xx.o(RESET)
    .ARM.Collect$$$$00000000                 0x080001ac   Section        0  entry.o(.ARM.Collect$$$$00000000)
    .ARM.Collect$$$$00000001                 0x080001ac   Section        4  entry2.o(.ARM.Collect$$$$00000001)
    .ARM.Collect$$$$00000004                 0x080001b0   Section        4  entry5.o(.ARM.Collect$$$$00000004)
    .ARM.Collect$$$$00000008                 0x080001b4   Section        0  entry7b.o(.ARM.Collect$$$$00000008)
    .ARM.Collect$$$$0000000A                 0x080001b4   Section        0  entry8b.o(.ARM.Collect$$$$0000000A)
    .ARM.Collect$$$$0000000B                 0x080001b4   Section        8  entry9a.o(.ARM.Collect$$$$0000000B)
    .ARM.Collect$$$$0000000D                 0x080001bc   Section        0  entry10a.o(.ARM.Collect$$$$0000000D)
    .ARM.Collect$$$$0000000F                 0x080001bc   Section        0  entry11a.o(.ARM.Collect$$$$0000000F)
    .ARM.Collect$$$$00002712                 0x080001bc   Section        4  entry2.o(.ARM.Collect$$$$00002712)
    __lit__00000000                          0x080001bc   Data           4  entry2.o(.ARM.Collect$$$$00002712)
    .text                                    0x080001c0   Section       36  startup_stm32f429xx.o(.text)
    $v0                                      0x080001c0   Number         0  startup_stm32f429xx.o(.text)
    .text                                    0x080001e4   Section        0  uldiv.o(.text)
    .text                                    0x08000246   Section        0  memseta.o(.text)
    .text                                    0x0800026a   Section        0  llshl.o(.text)
    .text                                    0x08000288   Section        0  llushr.o(.text)
    .text                                    0x080002a8   Section       36  init.o(.text)
    i.BusFault_Handler                       0x080002cc   Section        0  stm32f4xx_it.o(i.BusFault_Handler)
    i.DebugMon_Handler                       0x080002ce   Section        0  stm32f4xx_it.o(i.DebugMon_Handler)
    i.Error_Handler                          0x080002d0   Section        0  main.o(i.Error_Handler)
    i.HAL_Delay                              0x080002d4   Section        0  stm32f4xx_hal.o(i.HAL_Delay)
    i.HAL_GPIO_Init                          0x080002f8   Section        0  stm32f4xx_hal_gpio.o(i.HAL_GPIO_Init)
    i.HAL_GPIO_WritePin                      0x080004cc   Section        0  stm32f4xx_hal_gpio.o(i.HAL_GPIO_WritePin)
    i.HAL_GetTick                            0x080004d8   Section        0  stm32f4xx_hal.o(i.HAL_GetTick)
    i.HAL_IncTick                            0x080004e4   Section        0  stm32f4xx_hal.o(i.HAL_IncTick)
    i.HAL_Init                               0x080004f4   Section        0  stm32f4xx_hal.o(i.HAL_Init)
    i.HAL_InitTick                           0x08000528   Section        0  stm32f4xx_hal.o(i.HAL_InitTick)
    i.HAL_MspInit                            0x08000568   Section        0  stm32f4xx_hal_msp.o(i.HAL_MspInit)
    i.HAL_NVIC_SetPriority                   0x0800059c   Section        0  stm32f4xx_hal_cortex.o(i.HAL_NVIC_SetPriority)
    i.HAL_NVIC_SetPriorityGrouping           0x080005dc   Section        0  stm32f4xx_hal_cortex.o(i.HAL_NVIC_SetPriorityGrouping)
    i.HAL_RCC_ClockConfig                    0x08000600   Section        0  stm32f4xx_hal_rcc.o(i.HAL_RCC_ClockConfig)
    i.HAL_RCC_GetSysClockFreq                0x08000734   Section        0  stm32f4xx_hal_rcc.o(i.HAL_RCC_GetSysClockFreq)
    i.HAL_RCC_OscConfig                      0x08000794   Section        0  stm32f4xx_hal_rcc.o(i.HAL_RCC_OscConfig)
    i.HAL_SPI_Init                           0x08000af0   Section        0  stm32f4xx_hal_spi.o(i.HAL_SPI_Init)
    i.HAL_SPI_MspInit                        0x08000b70   Section        0  spi.o(i.HAL_SPI_MspInit)
    i.HAL_SPI_Transmit                       0x08000bdc   Section        0  stm32f4xx_hal_spi.o(i.HAL_SPI_Transmit)
    i.HAL_SYSTICK_Config                     0x08000d38   Section        0  stm32f4xx_hal_cortex.o(i.HAL_SYSTICK_Config)
    i.HardFault_Handler                      0x08000d60   Section        0  stm32f4xx_it.o(i.HardFault_Handler)
    i.ILI9341_Draw_Colour_Burst              0x08000d64   Section        0  lcdlib.o(i.ILI9341_Draw_Colour_Burst)
    i.ILI9341_Draw_Rectangle                 0x08000e08   Section        0  lcdlib.o(i.ILI9341_Draw_Rectangle)
    i.ILI9341_Fill_Screen                    0x08000e68   Section        0  lcdlib.o(i.ILI9341_Fill_Screen)
    i.ILI9341_Init                           0x08000e90   Section        0  lcdlib.o(i.ILI9341_Init)
    i.ILI9341_Reset                          0x080010a4   Section        0  lcdlib.o(i.ILI9341_Reset)
    i.ILI9341_SPI_Init                       0x080010c4   Section        0  lcdlib.o(i.ILI9341_SPI_Init)
    i.ILI9341_SPI_Send                       0x080010e0   Section        0  lcdlib.o(i.ILI9341_SPI_Send)
    i.ILI9341_Set_Address                    0x080010f4   Section        0  lcdlib.o(i.ILI9341_Set_Address)
    i.ILI9341_Set_Rotation                   0x08001148   Section        0  lcdlib.o(i.ILI9341_Set_Rotation)
    i.ILI9341_Write_Command                  0x08001198   Section        0  lcdlib.o(i.ILI9341_Write_Command)
    i.ILI9341_Write_Data                     0x080011d0   Section        0  lcdlib.o(i.ILI9341_Write_Data)
    i.MX_GPIO_Init                           0x08001208   Section        0  gpio.o(i.MX_GPIO_Init)
    i.MX_SPI5_Init                           0x080012e8   Section        0  spi.o(i.MX_SPI5_Init)
    i.MemManage_Handler                      0x0800132c   Section        0  stm32f4xx_it.o(i.MemManage_Handler)
    i.NMI_Handler                            0x0800132e   Section        0  stm32f4xx_it.o(i.NMI_Handler)
    i.PendSV_Handler                         0x08001330   Section        0  stm32f4xx_it.o(i.PendSV_Handler)
    i.SPI_EndRxTxTransaction                 0x08001334   Section        0  stm32f4xx_hal_spi.o(i.SPI_EndRxTxTransaction)
    SPI_EndRxTxTransaction                   0x08001335   Thumb Code    80  stm32f4xx_hal_spi.o(i.SPI_EndRxTxTransaction)
    i.SPI_WaitFlagStateUntilTimeout          0x0800138c   Section        0  stm32f4xx_hal_spi.o(i.SPI_WaitFlagStateUntilTimeout)
    SPI_WaitFlagStateUntilTimeout            0x0800138d   Thumb Code   148  stm32f4xx_hal_spi.o(i.SPI_WaitFlagStateUntilTimeout)
    i.SVC_Handler                            0x08001420   Section        0  stm32f4xx_it.o(i.SVC_Handler)
    i.SysTick_Handler                        0x08001422   Section        0  stm32f4xx_it.o(i.SysTick_Handler)
    i.SystemClock_Config                     0x08001428   Section        0  main.o(i.SystemClock_Config)
    i.SystemInit                             0x080014b0   Section        0  system_stm32f4xx.o(i.SystemInit)
    i.UsageFault_Handler                     0x080014cc   Section        0  stm32f4xx_it.o(i.UsageFault_Handler)
    i.__NVIC_SetPriority                     0x080014ce   Section        0  stm32f4xx_hal_cortex.o(i.__NVIC_SetPriority)
    __NVIC_SetPriority                       0x080014cf   Thumb Code    32  stm32f4xx_hal_cortex.o(i.__NVIC_SetPriority)
    i.__scatterload_copy                     0x080014ee   Section       14  handlers.o(i.__scatterload_copy)
    i.__scatterload_null                     0x080014fc   Section        2  handlers.o(i.__scatterload_null)
    i.__scatterload_zeroinit                 0x080014fe   Section       14  handlers.o(i.__scatterload_zeroinit)
    i.free                                   0x0800150c   Section        0  malloc.o(i.free)
    i.main                                   0x0800155c   Section        0  main.o(i.main)
    i.malloc                                 0x080015b4   Section        0  malloc.o(i.malloc)
    .constdata                               0x08001620   Section       16  system_stm32f4xx.o(.constdata)
    .data                                    0x20000000   Section        4  lcdlib.o(.data)
    .data                                    0x20000004   Section       12  stm32f4xx_hal.o(.data)
    .data                                    0x20000010   Section        4  system_stm32f4xx.o(.data)
    .data                                    0x20000014   Section        4  mvars.o(.data)
    .data                                    0x20000018   Section        4  mvars.o(.data)
    .bss                                     0x2000001c   Section       88  spi.o(.bss)
    HEAP                                     0x20000078   Section      512  startup_stm32f429xx.o(HEAP)
    STACK                                    0x20000278   Section     1024  startup_stm32f429xx.o(STACK)

    Global Symbols

    Symbol Name                              Value     Ov Type        Size  Object(Section)

    BuildAttributes$$THM_ISAv4$E$P$D$K$B$S$7EM$VFPi3$EXTD16$VFPS$VFMA$PE$A:L22UL41UL21$X:L11$S22US41US21$IEEE1$IW$USESV6$~STKCKD$USESV7$~SHL$OSPACE$EBA8$MICROLIB$REQ8$PRES8$EABIv2 0x00000000   Number         0  anon$$obj.o ABSOLUTE
    __ARM_use_no_argv                        0x00000000   Number         0  main.o ABSOLUTE
    __cpp_initialize__aeabi_                  - Undefined Weak Reference
    __cxa_finalize                            - Undefined Weak Reference
    __decompress                              - Undefined Weak Reference
    _clock_init                               - Undefined Weak Reference
    _microlib_exit                            - Undefined Weak Reference
    __Vectors_Size                           0x000001ac   Number         0  startup_stm32f429xx.o ABSOLUTE
    __Vectors                                0x08000000   Data           4  startup_stm32f429xx.o(RESET)
    __Vectors_End                            0x080001ac   Data           0  startup_stm32f429xx.o(RESET)
    __main                                   0x080001ad   Thumb Code     0  entry.o(.ARM.Collect$$$$00000000)
    _main_stk                                0x080001ad   Thumb Code     0  entry2.o(.ARM.Collect$$$$00000001)
    _main_scatterload                        0x080001b1   Thumb Code     0  entry5.o(.ARM.Collect$$$$00000004)
    __main_after_scatterload                 0x080001b5   Thumb Code     0  entry5.o(.ARM.Collect$$$$00000004)
    _main_clock                              0x080001b5   Thumb Code     0  entry7b.o(.ARM.Collect$$$$00000008)
    _main_cpp_init                           0x080001b5   Thumb Code     0  entry8b.o(.ARM.Collect$$$$0000000A)
    _main_init                               0x080001b5   Thumb Code     0  entry9a.o(.ARM.Collect$$$$0000000B)
    __rt_final_cpp                           0x080001bd   Thumb Code     0  entry10a.o(.ARM.Collect$$$$0000000D)
    __rt_final_exit                          0x080001bd   Thumb Code     0  entry11a.o(.ARM.Collect$$$$0000000F)
    Reset_Handler                            0x080001c1   Thumb Code     8  startup_stm32f429xx.o(.text)
    ADC_IRQHandler                           0x080001db   Thumb Code     0  startup_stm32f429xx.o(.text)
    CAN1_RX0_IRQHandler                      0x080001db   Thumb Code     0  startup_stm32f429xx.o(.text)
    CAN1_RX1_IRQHandler                      0x080001db   Thumb Code     0  startup_stm32f429xx.o(.text)
    CAN1_SCE_IRQHandler                      0x080001db   Thumb Code     0  startup_stm32f429xx.o(.text)
    CAN1_TX_IRQHandler                       0x080001db   Thumb Code     0  startup_stm32f429xx.o(.text)
    CAN2_RX0_IRQHandler                      0x080001db   Thumb Code     0  startup_stm32f429xx.o(.text)
    CAN2_RX1_IRQHandler                      0x080001db   Thumb Code     0  startup_stm32f429xx.o(.text)
    CAN2_SCE_IRQHandler                      0x080001db   Thumb Code     0  startup_stm32f429xx.o(.text)
    CAN2_TX_IRQHandler                       0x080001db   Thumb Code     0  startup_stm32f429xx.o(.text)
    DCMI_IRQHandler                          0x080001db   Thumb Code     0  startup_stm32f429xx.o(.text)
    DMA1_Stream0_IRQHandler                  0x080001db   Thumb Code     0  startup_stm32f429xx.o(.text)
    DMA1_Stream1_IRQHandler                  0x080001db   Thumb Code     0  startup_stm32f429xx.o(.text)
    DMA1_Stream2_IRQHandler                  0x080001db   Thumb Code     0  startup_stm32f429xx.o(.text)
    DMA1_Stream3_IRQHandler                  0x080001db   Thumb Code     0  startup_stm32f429xx.o(.text)
    DMA1_Stream4_IRQHandler                  0x080001db   Thumb Code     0  startup_stm32f429xx.o(.text)
    DMA1_Stream5_IRQHandler                  0x080001db   Thumb Code     0  startup_stm32f429xx.o(.text)
    DMA1_Stream6_IRQHandler                  0x080001db   Thumb Code     0  startup_stm32f429xx.o(.text)
    DMA1_Stream7_IRQHandler                  0x080001db   Thumb Code     0  startup_stm32f429xx.o(.text)
    DMA2D_IRQHandler                         0x080001db   Thumb Code     0  startup_stm32f429xx.o(.text)
    DMA2_Stream0_IRQHandler                  0x080001db   Thumb Code     0  startup_stm32f429xx.o(.text)
    DMA2_Stream1_IRQHandler                  0x080001db   Thumb Code     0  startup_stm32f429xx.o(.text)
    DMA2_Stream2_IRQHandler                  0x080001db   Thumb Code     0  startup_stm32f429xx.o(.text)
    DMA2_Stream3_IRQHandler                  0x080001db   Thumb Code     0  startup_stm32f429xx.o(.text)
    DMA2_Stream4_IRQHandler                  0x080001db   Thumb Code     0  startup_stm32f429xx.o(.text)
    DMA2_Stream5_IRQHandler                  0x080001db   Thumb Code     0  startup_stm32f429xx.o(.text)
    DMA2_Stream6_IRQHandler                  0x080001db   Thumb Code     0  startup_stm32f429xx.o(.text)
    DMA2_Stream7_IRQHandler                  0x080001db   Thumb Code     0  startup_stm32f429xx.o(.text)
    ETH_IRQHandler                           0x080001db   Thumb Code     0  startup_stm32f429xx.o(.text)
    ETH_WKUP_IRQHandler                      0x080001db   Thumb Code     0  startup_stm32f429xx.o(.text)
    EXTI0_IRQHandler                         0x080001db   Thumb Code     0  startup_stm32f429xx.o(.text)
    EXTI15_10_IRQHandler                     0x080001db   Thumb Code     0  startup_stm32f429xx.o(.text)
    EXTI1_IRQHandler                         0x080001db   Thumb Code     0  startup_stm32f429xx.o(.text)
    EXTI2_IRQHandler                         0x080001db   Thumb Code     0  startup_stm32f429xx.o(.text)
    EXTI3_IRQHandler                         0x080001db   Thumb Code     0  startup_stm32f429xx.o(.text)
    EXTI4_IRQHandler                         0x080001db   Thumb Code     0  startup_stm32f429xx.o(.text)
    EXTI9_5_IRQHandler                       0x080001db   Thumb Code     0  startup_stm32f429xx.o(.text)
    FLASH_IRQHandler                         0x080001db   Thumb Code     0  startup_stm32f429xx.o(.text)
    FMC_IRQHandler                           0x080001db   Thumb Code     0  startup_stm32f429xx.o(.text)
    FPU_IRQHandler                           0x080001db   Thumb Code     0  startup_stm32f429xx.o(.text)
    HASH_RNG_IRQHandler                      0x080001db   Thumb Code     0  startup_stm32f429xx.o(.text)
    I2C1_ER_IRQHandler                       0x080001db   Thumb Code     0  startup_stm32f429xx.o(.text)
    I2C1_EV_IRQHandler                       0x080001db   Thumb Code     0  startup_stm32f429xx.o(.text)
    I2C2_ER_IRQHandler                       0x080001db   Thumb Code     0  startup_stm32f429xx.o(.text)
    I2C2_EV_IRQHandler                       0x080001db   Thumb Code     0  startup_stm32f429xx.o(.text)
    I2C3_ER_IRQHandler                       0x080001db   Thumb Code     0  startup_stm32f429xx.o(.text)
    I2C3_EV_IRQHandler                       0x080001db   Thumb Code     0  startup_stm32f429xx.o(.text)
    LTDC_ER_IRQHandler                       0x080001db   Thumb Code     0  startup_stm32f429xx.o(.text)
    LTDC_IRQHandler                          0x080001db   Thumb Code     0  startup_stm32f429xx.o(.text)
    OTG_FS_IRQHandler                        0x080001db   Thumb Code     0  startup_stm32f429xx.o(.text)
    OTG_FS_WKUP_IRQHandler                   0x080001db   Thumb Code     0  startup_stm32f429xx.o(.text)
    OTG_HS_EP1_IN_IRQHandler                 0x080001db   Thumb Code     0  startup_stm32f429xx.o(.text)
    OTG_HS_EP1_OUT_IRQHandler                0x080001db   Thumb Code     0  startup_stm32f429xx.o(.text)
    OTG_HS_IRQHandler                        0x080001db   Thumb Code     0  startup_stm32f429xx.o(.text)
    OTG_HS_WKUP_IRQHandler                   0x080001db   Thumb Code     0  startup_stm32f429xx.o(.text)
    PVD_IRQHandler                           0x080001db   Thumb Code     0  startup_stm32f429xx.o(.text)
    RCC_IRQHandler                           0x080001db   Thumb Code     0  startup_stm32f429xx.o(.text)
    RTC_Alarm_IRQHandler                     0x080001db   Thumb Code     0  startup_stm32f429xx.o(.text)
    RTC_WKUP_IRQHandler                      0x080001db   Thumb Code     0  startup_stm32f429xx.o(.text)
    SAI1_IRQHandler                          0x080001db   Thumb Code     0  startup_stm32f429xx.o(.text)
    SDIO_IRQHandler                          0x080001db   Thumb Code     0  startup_stm32f429xx.o(.text)
    SPI1_IRQHandler                          0x080001db   Thumb Code     0  startup_stm32f429xx.o(.text)
    SPI2_IRQHandler                          0x080001db   Thumb Code     0  startup_stm32f429xx.o(.text)
    SPI3_IRQHandler                          0x080001db   Thumb Code     0  startup_stm32f429xx.o(.text)
    SPI4_IRQHandler                          0x080001db   Thumb Code     0  startup_stm32f429xx.o(.text)
    SPI5_IRQHandler                          0x080001db   Thumb Code     0  startup_stm32f429xx.o(.text)
    SPI6_IRQHandler                          0x080001db   Thumb Code     0  startup_stm32f429xx.o(.text)
    TAMP_STAMP_IRQHandler                    0x080001db   Thumb Code     0  startup_stm32f429xx.o(.text)
    TIM1_BRK_TIM9_IRQHandler                 0x080001db   Thumb Code     0  startup_stm32f429xx.o(.text)
    TIM1_CC_IRQHandler                       0x080001db   Thumb Code     0  startup_stm32f429xx.o(.text)
    TIM1_TRG_COM_TIM11_IRQHandler            0x080001db   Thumb Code     0  startup_stm32f429xx.o(.text)
    TIM1_UP_TIM10_IRQHandler                 0x080001db   Thumb Code     0  startup_stm32f429xx.o(.text)
    TIM2_IRQHandler                          0x080001db   Thumb Code     0  startup_stm32f429xx.o(.text)
    TIM3_IRQHandler                          0x080001db   Thumb Code     0  startup_stm32f429xx.o(.text)
    TIM4_IRQHandler                          0x080001db   Thumb Code     0  startup_stm32f429xx.o(.text)
    TIM5_IRQHandler                          0x080001db   Thumb Code     0  startup_stm32f429xx.o(.text)
    TIM6_DAC_IRQHandler                      0x080001db   Thumb Code     0  startup_stm32f429xx.o(.text)
    TIM7_IRQHandler                          0x080001db   Thumb Code     0  startup_stm32f429xx.o(.text)
    TIM8_BRK_TIM12_IRQHandler                0x080001db   Thumb Code     0  startup_stm32f429xx.o(.text)
    TIM8_CC_IRQHandler                       0x080001db   Thumb Code     0  startup_stm32f429xx.o(.text)
    TIM8_TRG_COM_TIM14_IRQHandler            0x080001db   Thumb Code     0  startup_stm32f429xx.o(.text)
    TIM8_UP_TIM13_IRQHandler                 0x080001db   Thumb Code     0  startup_stm32f429xx.o(.text)
    UART4_IRQHandler                         0x080001db   Thumb Code     0  startup_stm32f429xx.o(.text)
    UART5_IRQHandler                         0x080001db   Thumb Code     0  startup_stm32f429xx.o(.text)
    UART7_IRQHandler                         0x080001db   Thumb Code     0  startup_stm32f429xx.o(.text)
    UART8_IRQHandler                         0x080001db   Thumb Code     0  startup_stm32f429xx.o(.text)
    USART1_IRQHandler                        0x080001db   Thumb Code     0  startup_stm32f429xx.o(.text)
    USART2_IRQHandler                        0x080001db   Thumb Code     0  startup_stm32f429xx.o(.text)
    USART3_IRQHandler                        0x080001db   Thumb Code     0  startup_stm32f429xx.o(.text)
    USART6_IRQHandler                        0x080001db   Thumb Code     0  startup_stm32f429xx.o(.text)
    WWDG_IRQHandler                          0x080001db   Thumb Code     0  startup_stm32f429xx.o(.text)
    __aeabi_uldivmod                         0x080001e5   Thumb Code    98  uldiv.o(.text)
    __aeabi_memset                           0x08000247   Thumb Code    14  memseta.o(.text)
    __aeabi_memset4                          0x08000247   Thumb Code     0  memseta.o(.text)
    __aeabi_memset8                          0x08000247   Thumb Code     0  memseta.o(.text)
    __aeabi_memclr                           0x08000255   Thumb Code     4  memseta.o(.text)
    __aeabi_memclr4                          0x08000255   Thumb Code     0  memseta.o(.text)
    __aeabi_memclr8                          0x08000255   Thumb Code     0  memseta.o(.text)
    _memset$wrapper                          0x08000259   Thumb Code    18  memseta.o(.text)
    __aeabi_llsl                             0x0800026b   Thumb Code    30  llshl.o(.text)
    _ll_shift_l                              0x0800026b   Thumb Code     0  llshl.o(.text)
    __aeabi_llsr                             0x08000289   Thumb Code    32  llushr.o(.text)
    _ll_ushift_r                             0x08000289   Thumb Code     0  llushr.o(.text)
    __scatterload                            0x080002a9   Thumb Code    28  init.o(.text)
    __scatterload_rt2                        0x080002a9   Thumb Code     0  init.o(.text)
    BusFault_Handler                         0x080002cd   Thumb Code     2  stm32f4xx_it.o(i.BusFault_Handler)
    DebugMon_Handler                         0x080002cf   Thumb Code     2  stm32f4xx_it.o(i.DebugMon_Handler)
    Error_Handler                            0x080002d1   Thumb Code     2  main.o(i.Error_Handler)
    HAL_Delay                                0x080002d5   Thumb Code    32  stm32f4xx_hal.o(i.HAL_Delay)
    HAL_GPIO_Init                            0x080002f9   Thumb Code   414  stm32f4xx_hal_gpio.o(i.HAL_GPIO_Init)
    HAL_GPIO_WritePin                        0x080004cd   Thumb Code    10  stm32f4xx_hal_gpio.o(i.HAL_GPIO_WritePin)
    HAL_GetTick                              0x080004d9   Thumb Code     6  stm32f4xx_hal.o(i.HAL_GetTick)
    HAL_IncTick                              0x080004e5   Thumb Code    12  stm32f4xx_hal.o(i.HAL_IncTick)
    HAL_Init                                 0x080004f5   Thumb Code    48  stm32f4xx_hal.o(i.HAL_Init)
    HAL_InitTick                             0x08000529   Thumb Code    54  stm32f4xx_hal.o(i.HAL_InitTick)
    HAL_MspInit                              0x08000569   Thumb Code    48  stm32f4xx_hal_msp.o(i.HAL_MspInit)
    HAL_NVIC_SetPriority                     0x0800059d   Thumb Code    60  stm32f4xx_hal_cortex.o(i.HAL_NVIC_SetPriority)
    HAL_NVIC_SetPriorityGrouping             0x080005dd   Thumb Code    26  stm32f4xx_hal_cortex.o(i.HAL_NVIC_SetPriorityGrouping)
    HAL_RCC_ClockConfig                      0x08000601   Thumb Code   288  stm32f4xx_hal_rcc.o(i.HAL_RCC_ClockConfig)
    HAL_RCC_GetSysClockFreq                  0x08000735   Thumb Code    88  stm32f4xx_hal_rcc.o(i.HAL_RCC_GetSysClockFreq)
    HAL_RCC_OscConfig                        0x08000795   Thumb Code   834  stm32f4xx_hal_rcc.o(i.HAL_RCC_OscConfig)
    HAL_SPI_Init                             0x08000af1   Thumb Code   128  stm32f4xx_hal_spi.o(i.HAL_SPI_Init)
    HAL_SPI_MspInit                          0x08000b71   Thumb Code    94  spi.o(i.HAL_SPI_MspInit)
    HAL_SPI_Transmit                         0x08000bdd   Thumb Code   348  stm32f4xx_hal_spi.o(i.HAL_SPI_Transmit)
    HAL_SYSTICK_Config                       0x08000d39   Thumb Code    40  stm32f4xx_hal_cortex.o(i.HAL_SYSTICK_Config)
    HardFault_Handler                        0x08000d61   Thumb Code     2  stm32f4xx_it.o(i.HardFault_Handler)
    ILI9341_Draw_Colour_Burst                0x08000d65   Thumb Code   150  lcdlib.o(i.ILI9341_Draw_Colour_Burst)
    ILI9341_Draw_Rectangle                   0x08000e09   Thumb Code    90  lcdlib.o(i.ILI9341_Draw_Rectangle)
    ILI9341_Fill_Screen                      0x08000e69   Thumb Code    34  lcdlib.o(i.ILI9341_Fill_Screen)
    ILI9341_Init                             0x08000e91   Thumb Code   532  lcdlib.o(i.ILI9341_Init)
    ILI9341_Reset                            0x080010a5   Thumb Code    28  lcdlib.o(i.ILI9341_Reset)
    ILI9341_SPI_Init                         0x080010c5   Thumb Code    24  lcdlib.o(i.ILI9341_SPI_Init)
    ILI9341_SPI_Send                         0x080010e1   Thumb Code    16  lcdlib.o(i.ILI9341_SPI_Send)
    ILI9341_Set_Address                      0x080010f5   Thumb Code    82  lcdlib.o(i.ILI9341_Set_Address)
    ILI9341_Set_Rotation                     0x08001149   Thumb Code    76  lcdlib.o(i.ILI9341_Set_Rotation)
    ILI9341_Write_Command                    0x08001199   Thumb Code    48  lcdlib.o(i.ILI9341_Write_Command)
    ILI9341_Write_Data                       0x080011d1   Thumb Code    46  lcdlib.o(i.ILI9341_Write_Data)
    MX_GPIO_Init                             0x08001209   Thumb Code   206  gpio.o(i.MX_GPIO_Init)
    MX_SPI5_Init                             0x080012e9   Thumb Code    60  spi.o(i.MX_SPI5_Init)
    MemManage_Handler                        0x0800132d   Thumb Code     2  stm32f4xx_it.o(i.MemManage_Handler)
    NMI_Handler                              0x0800132f   Thumb Code     2  stm32f4xx_it.o(i.NMI_Handler)
    PendSV_Handler                           0x08001331   Thumb Code     2  stm32f4xx_it.o(i.PendSV_Handler)
    SVC_Handler                              0x08001421   Thumb Code     2  stm32f4xx_it.o(i.SVC_Handler)
    SysTick_Handler                          0x08001423   Thumb Code     4  stm32f4xx_it.o(i.SysTick_Handler)
    SystemClock_Config                       0x08001429   Thumb Code   128  main.o(i.SystemClock_Config)
    SystemInit                               0x080014b1   Thumb Code    22  system_stm32f4xx.o(i.SystemInit)
    UsageFault_Handler                       0x080014cd   Thumb Code     2  stm32f4xx_it.o(i.UsageFault_Handler)
    __scatterload_copy                       0x080014ef   Thumb Code    14  handlers.o(i.__scatterload_copy)
    __scatterload_null                       0x080014fd   Thumb Code     2  handlers.o(i.__scatterload_null)
    __scatterload_zeroinit                   0x080014ff   Thumb Code    14  handlers.o(i.__scatterload_zeroinit)
    free                                     0x0800150d   Thumb Code    76  malloc.o(i.free)
    main                                     0x0800155d   Thumb Code    86  main.o(i.main)
    malloc                                   0x080015b5   Thumb Code    92  malloc.o(i.malloc)
    AHBPrescTable                            0x08001620   Data          16  system_stm32f4xx.o(.constdata)
    Region$$Table$$Base                      0x08001630   Number         0  anon$$obj.o(Region$$Table)
    Region$$Table$$Limit                     0x08001650   Number         0  anon$$obj.o(Region$$Table)
    LCD_HEIGHT                               0x20000000   Data           2  lcdlib.o(.data)
    LCD_WIDTH                                0x20000002   Data           2  lcdlib.o(.data)
    uwTickFreq                               0x20000004   Data           1  stm32f4xx_hal.o(.data)
    uwTickPrio                               0x20000008   Data           4  stm32f4xx_hal.o(.data)
    uwTick                                   0x2000000c   Data           4  stm32f4xx_hal.o(.data)
    SystemCoreClock                          0x20000010   Data           4  system_stm32f4xx.o(.data)
    __microlib_freelist                      0x20000014   Data           4  mvars.o(.data)
    __microlib_freelist_initialised          0x20000018   Data           4  mvars.o(.data)
    hspi5                                    0x2000001c   Data          88  spi.o(.bss)
    __heap_base                              0x20000078   Data           0  startup_stm32f429xx.o(HEAP)
    __heap_limit                             0x20000278   Data           0  startup_stm32f429xx.o(HEAP)
    __initial_sp                             0x20000678   Data           0  startup_stm32f429xx.o(STACK)



==============================================================================

Memory Map of the image

  Image Entry point : 0x080001ad

  Load Region LR_IROM1 (Base: 0x08000000, Size: 0x0000166c, Max: 0x00200000, ABSOLUTE)

    Execution Region ER_IROM1 (Exec base: 0x08000000, Load base: 0x08000000, Size: 0x00001650, Max: 0x00200000, ABSOLUTE)

    Exec Addr    Load Addr    Size         Type   Attr      Idx    E Section Name        Object

    0x08000000   0x08000000   0x000001ac   Data   RO            3    RESET               startup_stm32f429xx.o
    0x080001ac   0x080001ac   0x00000000   Code   RO         2037  * .ARM.Collect$$$$00000000  mc_w.l(entry.o)
    0x080001ac   0x080001ac   0x00000004   Code   RO         2072    .ARM.Collect$$$$00000001  mc_w.l(entry2.o)
    0x080001b0   0x080001b0   0x00000004   Code   RO         2075    .ARM.Collect$$$$00000004  mc_w.l(entry5.o)
    0x080001b4   0x080001b4   0x00000000   Code   RO         2077    .ARM.Collect$$$$00000008  mc_w.l(entry7b.o)
    0x080001b4   0x080001b4   0x00000000   Code   RO         2079    .ARM.Collect$$$$0000000A  mc_w.l(entry8b.o)
    0x080001b4   0x080001b4   0x00000008   Code   RO         2080    .ARM.Collect$$$$0000000B  mc_w.l(entry9a.o)
    0x080001bc   0x080001bc   0x00000000   Code   RO         2082    .ARM.Collect$$$$0000000D  mc_w.l(entry10a.o)
    0x080001bc   0x080001bc   0x00000000   Code   RO         2084    .ARM.Collect$$$$0000000F  mc_w.l(entry11a.o)
    0x080001bc   0x080001bc   0x00000004   Code   RO         2073    .ARM.Collect$$$$00002712  mc_w.l(entry2.o)
    0x080001c0   0x080001c0   0x00000024   Code   RO            4    .text               startup_stm32f429xx.o
    0x080001e4   0x080001e4   0x00000062   Code   RO         2040    .text               mc_w.l(uldiv.o)
    0x08000246   0x08000246   0x00000024   Code   RO         2042    .text               mc_w.l(memseta.o)
    0x0800026a   0x0800026a   0x0000001e   Code   RO         2086    .text               mc_w.l(llshl.o)
    0x08000288   0x08000288   0x00000020   Code   RO         2088    .text               mc_w.l(llushr.o)
    0x080002a8   0x080002a8   0x00000024   Code   RO         2096    .text               mc_w.l(init.o)
    0x080002cc   0x080002cc   0x00000002   Code   RO          216    i.BusFault_Handler  stm32f4xx_it.o
    0x080002ce   0x080002ce   0x00000002   Code   RO          217    i.DebugMon_Handler  stm32f4xx_it.o
    0x080002d0   0x080002d0   0x00000002   Code   RO           13    i.Error_Handler     main.o
    0x080002d2   0x080002d2   0x00000002   PAD
    0x080002d4   0x080002d4   0x00000024   Code   RO         1739    i.HAL_Delay         stm32f4xx_hal.o
    0x080002f8   0x080002f8   0x000001d4   Code   RO         1195    i.HAL_GPIO_Init     stm32f4xx_hal_gpio.o
    0x080004cc   0x080004cc   0x0000000a   Code   RO         1199    i.HAL_GPIO_WritePin  stm32f4xx_hal_gpio.o
    0x080004d6   0x080004d6   0x00000002   PAD
    0x080004d8   0x080004d8   0x0000000c   Code   RO         1747    i.HAL_GetTick       stm32f4xx_hal.o
    0x080004e4   0x080004e4   0x00000010   Code   RO         1753    i.HAL_IncTick       stm32f4xx_hal.o
    0x080004f4   0x080004f4   0x00000034   Code   RO         1754    i.HAL_Init          stm32f4xx_hal.o
    0x08000528   0x08000528   0x00000040   Code   RO         1755    i.HAL_InitTick      stm32f4xx_hal.o
    0x08000568   0x08000568   0x00000034   Code   RO          291    i.HAL_MspInit       stm32f4xx_hal_msp.o
    0x0800059c   0x0800059c   0x00000040   Code   RO         1608    i.HAL_NVIC_SetPriority  stm32f4xx_hal_cortex.o
    0x080005dc   0x080005dc   0x00000024   Code   RO         1609    i.HAL_NVIC_SetPriorityGrouping  stm32f4xx_hal_cortex.o
    0x08000600   0x08000600   0x00000134   Code   RO          789    i.HAL_RCC_ClockConfig  stm32f4xx_hal_rcc.o
    0x08000734   0x08000734   0x00000060   Code   RO          798    i.HAL_RCC_GetSysClockFreq  stm32f4xx_hal_rcc.o
    0x08000794   0x08000794   0x0000035c   Code   RO          801    i.HAL_RCC_OscConfig  stm32f4xx_hal_rcc.o
    0x08000af0   0x08000af0   0x00000080   Code   RO          441    i.HAL_SPI_Init      stm32f4xx_hal_spi.o
    0x08000b70   0x08000b70   0x0000006c   Code   RO          175    i.HAL_SPI_MspInit   spi.o
    0x08000bdc   0x08000bdc   0x0000015c   Code   RO          449    i.HAL_SPI_Transmit  stm32f4xx_hal_spi.o
    0x08000d38   0x08000d38   0x00000028   Code   RO         1613    i.HAL_SYSTICK_Config  stm32f4xx_hal_cortex.o
    0x08000d60   0x08000d60   0x00000002   Code   RO          218    i.HardFault_Handler  stm32f4xx_it.o
    0x08000d62   0x08000d62   0x00000002   PAD
    0x08000d64   0x08000d64   0x000000a4   Code   RO          316    i.ILI9341_Draw_Colour_Burst  lcdlib.o
    0x08000e08   0x08000e08   0x00000060   Code   RO          319    i.ILI9341_Draw_Rectangle  lcdlib.o
    0x08000e68   0x08000e68   0x00000028   Code   RO          322    i.ILI9341_Fill_Screen  lcdlib.o
    0x08000e90   0x08000e90   0x00000214   Code   RO          323    i.ILI9341_Init      lcdlib.o
    0x080010a4   0x080010a4   0x00000020   Code   RO          324    i.ILI9341_Reset     lcdlib.o
    0x080010c4   0x080010c4   0x0000001c   Code   RO          325    i.ILI9341_SPI_Init  lcdlib.o
    0x080010e0   0x080010e0   0x00000014   Code   RO          326    i.ILI9341_SPI_Send  lcdlib.o
    0x080010f4   0x080010f4   0x00000052   Code   RO          327    i.ILI9341_Set_Address  lcdlib.o
    0x08001146   0x08001146   0x00000002   PAD
    0x08001148   0x08001148   0x00000050   Code   RO          328    i.ILI9341_Set_Rotation  lcdlib.o
    0x08001198   0x08001198   0x00000038   Code   RO          329    i.ILI9341_Write_Command  lcdlib.o
    0x080011d0   0x080011d0   0x00000038   Code   RO          330    i.ILI9341_Write_Data  lcdlib.o
    0x08001208   0x08001208   0x000000e0   Code   RO          150    i.MX_GPIO_Init      gpio.o
    0x080012e8   0x080012e8   0x00000044   Code   RO          176    i.MX_SPI5_Init      spi.o
    0x0800132c   0x0800132c   0x00000002   Code   RO          219    i.MemManage_Handler  stm32f4xx_it.o
    0x0800132e   0x0800132e   0x00000002   Code   RO          220    i.NMI_Handler       stm32f4xx_it.o
    0x08001330   0x08001330   0x00000002   Code   RO          221    i.PendSV_Handler    stm32f4xx_it.o
    0x08001332   0x08001332   0x00000002   PAD
    0x08001334   0x08001334   0x00000058   Code   RO          479    i.SPI_EndRxTxTransaction  stm32f4xx_hal_spi.o
    0x0800138c   0x0800138c   0x00000094   Code   RO          484    i.SPI_WaitFlagStateUntilTimeout  stm32f4xx_hal_spi.o
    0x08001420   0x08001420   0x00000002   Code   RO          222    i.SVC_Handler       stm32f4xx_it.o
    0x08001422   0x08001422   0x00000004   Code   RO          223    i.SysTick_Handler   stm32f4xx_it.o
    0x08001426   0x08001426   0x00000002   PAD
    0x08001428   0x08001428   0x00000088   Code   RO           14    i.SystemClock_Config  main.o
    0x080014b0   0x080014b0   0x0000001c   Code   RO         2003    i.SystemInit        system_stm32f4xx.o
    0x080014cc   0x080014cc   0x00000002   Code   RO          224    i.UsageFault_Handler  stm32f4xx_it.o
    0x080014ce   0x080014ce   0x00000020   Code   RO         1615    i.__NVIC_SetPriority  stm32f4xx_hal_cortex.o
    0x080014ee   0x080014ee   0x0000000e   Code   RO         2100    i.__scatterload_copy  mc_w.l(handlers.o)
    0x080014fc   0x080014fc   0x00000002   Code   RO         2101    i.__scatterload_null  mc_w.l(handlers.o)
    0x080014fe   0x080014fe   0x0000000e   Code   RO         2102    i.__scatterload_zeroinit  mc_w.l(handlers.o)
    0x0800150c   0x0800150c   0x00000050   Code   RO         2044    i.free              mc_w.l(malloc.o)
    0x0800155c   0x0800155c   0x00000056   Code   RO           15    i.main              main.o
    0x080015b2   0x080015b2   0x00000002   PAD
    0x080015b4   0x080015b4   0x0000006c   Code   RO         2045    i.malloc            mc_w.l(malloc.o)
    0x08001620   0x08001620   0x00000010   Data   RO         2004    .constdata          system_stm32f4xx.o
    0x08001630   0x08001630   0x00000020   Data   RO         2098    Region$$Table       anon$$obj.o


    Execution Region RW_IRAM1 (Exec base: 0x20000000, Load base: 0x08001650, Size: 0x00000678, Max: 0x00030000, ABSOLUTE)

    Exec Addr    Load Addr    Size         Type   Attr      Idx    E Section Name        Object

    0x20000000   0x08001650   0x00000004   Data   RW          331    .data               lcdlib.o
    0x20000004   0x08001654   0x0000000c   Data   RW         1761    .data               stm32f4xx_hal.o
    0x20000010   0x08001660   0x00000004   Data   RW         2006    .data               system_stm32f4xx.o
    0x20000014   0x08001664   0x00000004   Data   RW         2094    .data               mc_w.l(mvars.o)
    0x20000018   0x08001668   0x00000004   Data   RW         2095    .data               mc_w.l(mvars.o)
    0x2000001c        -       0x00000058   Zero   RW          177    .bss                spi.o
    0x20000074   0x0800166c   0x00000004   PAD
    0x20000078        -       0x00000200   Zero   RW            2    HEAP                startup_stm32f429xx.o
    0x20000278        -       0x00000400   Zero   RW            1    STACK               startup_stm32f429xx.o


==============================================================================

Image component sizes


      Code (inc. data)   RO Data    RW Data    ZI Data      Debug   Object Name

       224         18          0          0          0       1071   gpio.o
      1186         60          0          4          0       7968   lcdlib.o
       224          8          0          0          0     716432   main.o
       176         22          0          0         88       1789   spi.o
        36          8        428          0       1536        816   startup_stm32f429xx.o
       180         28          0         12          0       9829   stm32f4xx_hal.o
       172         14          0          0          0      33426   stm32f4xx_hal_cortex.o
       478         54          0          0          0       2520   stm32f4xx_hal_gpio.o
        52          4          0          0          0        906   stm32f4xx_hal_msp.o
      1264         54          0          0          0       4174   stm32f4xx_hal_rcc.o
       712          8          0          0          0       4602   stm32f4xx_hal_spi.o
        20          0          0          0          0       4406   stm32f4xx_it.o
        28          6         16          4          0       1235   system_stm32f4xx.o

    ----------------------------------------------------------------------
      4766        284        476         20       1628     789174   Object Totals
         0          0         32          0          0          0   (incl. Generated)
        14          0          0          0          4          0   (incl. Padding)

    ----------------------------------------------------------------------

      Code (inc. data)   RO Data    RW Data    ZI Data      Debug   Library Member Name

         0          0          0          0          0          0   entry.o
         0          0          0          0          0          0   entry10a.o
         0          0          0          0          0          0   entry11a.o
         8          4          0          0          0          0   entry2.o
         4          0          0          0          0          0   entry5.o
         0          0          0          0          0          0   entry7b.o
         0          0          0          0          0          0   entry8b.o
         8          4          0          0          0          0   entry9a.o
        30          0          0          0          0          0   handlers.o
        36          8          0          0          0         68   init.o
        30          0          0          0          0         68   llshl.o
        32          0          0          0          0         68   llushr.o
       188         20          0          0          0        160   malloc.o
        36          0          0          0          0        108   memseta.o
         0          0          0          8          0          0   mvars.o
        98          0          0          0          0         92   uldiv.o

    ----------------------------------------------------------------------
       470         36          0          8          0        564   Library Totals
         0          0          0          0          0          0   (incl. Padding)

    ----------------------------------------------------------------------

      Code (inc. data)   RO Data    RW Data    ZI Data      Debug   Library Name

       470         36          0          8          0        564   mc_w.l

    ----------------------------------------------------------------------
       470         36          0          8          0        564   Library Totals

    ----------------------------------------------------------------------

==============================================================================


      Code (inc. data)   RO Data    RW Data    ZI Data      Debug   

      5236        320        476         28       1628     785734   Grand Totals
      5236        320        476         28       1628     785734   ELF Image Totals
      5236        320        476         28          0          0   ROM Totals

==============================================================================

    Total RO  Size (Code + RO Data)                 5712 (   5.58kB)
    Total RW  Size (RW Data + ZI Data)              1656 (   1.62kB)
    Total ROM Size (Code + RO Data + RW Data)       5740 (   5.61kB)

==============================================================================

